<html>
<body>
<pre>
<h1>µVision Build Log</h1>
<h2>Tool Versions:</h2>
IDE-Version: µVision V5.22.0.0
Copyright (C) 2016 ARM Ltd and ARM Germany GmbH. All rights reserved.
License Information: Philipp Stammer, Hs Mannheim, LIC=----
 
Tool Versions:
Toolchain:       MDK-Lite  Version: 5.22
Toolchain Path:  C:\Keil_v5\ARM\ARMCC\Bin
C Compiler:      Armcc.exe V5.06 update 4 (build 422)
Assembler:       Armasm.exe V5.06 update 4 (build 422)
Linker/Locator:  ArmLink.exe V5.06 update 4 (build 422)
Library Manager: ArmAr.exe V5.06 update 4 (build 422)
Hex Converter:   FromElf.exe V5.06 update 4 (build 422)
CPU DLL:         SARMCM3.DLL V5.22
Dialog DLL:      DARMP1.DLL V1.27.0.0
Target DLL:      UL2CM3.DLL V1.159.0.0
Dialog DLL:      TARMP1.DLL V1.26.0.0
 
<h2>Project:</h2>
C:\Users\Labor\Desktop\SD-SSP\SSP0-SD.uvproj
Project File Date:  08/08/2017

<h2>Output:</h2>
*** Using Compiler 'V5.06 update 4 (build 422)', folder: 'C:\Keil_v5\ARM\ARMCC\Bin'
Rebuild target 'Target 1'
assembling startup_LPC17xx.s...
compiling AsciiLib.c...
compiling File_Config.c...
compiling main.c...
fat32.h(146): warning:  #47-D: incompatible redefinition of macro "EOF"  (declared at line 204 of "C:\Keil_v5\ARM\ARMCC\Bin\..\include\stdio.h")
  #define EOF     26u
main.c(139): warning:  #177-D: variable "option"  was declared but never referenced
  	uint8_t returnStatus,sdcardType,option;
main.c(140): warning:  #177-D: variable "j"  was declared but never referenced
  	uint32_t i,j,totalMemory,freeMemory;
main.c(140): warning:  #177-D: variable "totalMemory"  was declared but never referenced
  	uint32_t i,j,totalMemory,freeMemory;
main.c(140): warning:  #177-D: variable "freeMemory"  was declared but never referenced
  	uint32_t i,j,totalMemory,freeMemory;
main.c(285): warning:  #550-D: variable "dac_clk"  was set but never used
  	unsigned int dac_clk;
main.c(307): warning:  #940-D: missing return statement at end of non-void function "distance_value" 
  }
main.c: 7 warnings, 0 errors
compiling fat32.c...
compiling gpio.c...
compiling sdcard.c...
compiling spi.c...
LIBS\spi.c(160): warning:  #177-D: function "spi_GetPclk"  was declared but never referenced
  static uint32_t spi_GetPclk(void)
LIBS\spi.c: 1 warning, 0 errors
compiling system_LPC17xx.c...
compiling Timing.c...
linking...
Program Size: Code=12068 RO-data=380 RW-data=108 ZI-data=2380  
".\Objects\SSP0-SD.axf" - 0 Error(s), 8 Warning(s).
Build Time Elapsed:  00:00:01
</pre>
</body>
</html>
