<html>
<body>
<pre>
<h1>µVision Build Log</h1>
<h2>Tool Versions:</h2>
IDE-Version: µVision V5.14.0.0
Copyright (C) 2015 ARM Ltd and ARM Germany GmbH. All rights reserved.
License Information: ichigo kurosaki, basf, LIC=----
 
Tool Versions:
Toolchain:       MDK-Lite  Version: 5.14.0.0
Toolchain Path:  C:\Keil_v5\ARM\ARMCC\Bin
C Compiler:      Armcc.exe V5.05 update 1 (build 106)
Assembler:       Armasm.exe V5.05 update 1 (build 106)
Linker/Locator:  ArmLink.exe V5.05 update 1 (build 106)
Library Manager: ArmAr.exe V5.05 update 1 (build 106)
Hex Converter:   FromElf.exe V5.05 update 1 (build 106)
CPU DLL:         SARMCM3.DLL V5.14.0.0
Dialog DLL:      DARMP1.DLL V1.25.0.0
Target DLL:      UL2CM3.DLL V1.155.0.0
Dialog DLL:      TARMP1.DLL V1.24.0.0
 
<h2>Project:</h2>
C:\Users\m\Desktop\SD-SSP - Kopie\SSP0-SD.uvproj
Project File Date:  11/17/2017

<h2>Output:</h2>
Rebuild target 'Target 1'
assembling startup_LPC17xx.s...
compiling main.c...
compiling AsciiLib.c...
compiling fat32.c...
LIBS\fat32.c(883): warning: C4487E: read from variable 'inputBuffer' with offset out of bounds
}
LIBS\fat32.c(883): warning: C4487E: read from variable 'inputBuffer' with offset out of bounds
}
LIBS\fat32.c(883): warning: C4487E: read from variable 'inputBuffer' with offset out of bounds
}
LIBS\fat32.c(883): warning: C4487E: read from variable 'inputBuffer' with offset out of bounds
}
LIBS\fat32.c(883): warning: C4488E: write to variable 'inputBuffer' with offset out of bounds
}
LIBS\fat32.c(883): warning: C4488E: write to variable 'inputBuffer' with offset out of bounds
}
LIBS\fat32.c: 6 warnings, 0 errors
compiling File_Config.c...
compiling gpio.c...
compiling sdcard.c...
compiling spi.c...
compiling system_LPC17xx.c...
compiling Timing.c...
compiling i2c.c...
compiling uda1380.c...
compiling RDB1768_AUDIO.c...
linking...
Program Size: Code=7064 RO-data=612 RW-data=336 ZI-data=3392  
".\Objects\SSP0-SD-dma.axf" - 0 Error(s), 6 Warning(s).
</pre>
</body>
</html>
