Component: ARM Compiler 5.05 update 1 (build 106) Tool: armlink [4d0efa]

==============================================================================

Section Cross References

    startup_lpc17xx.o(STACK) refers (Special) to heapauxi.o(.text) for __use_two_region_memory
    startup_lpc17xx.o(HEAP) refers (Special) to heapauxi.o(.text) for __use_two_region_memory
    startup_lpc17xx.o(RESET) refers (Special) to heapauxi.o(.text) for __use_two_region_memory
    startup_lpc17xx.o(RESET) refers to startup_lpc17xx.o(STACK) for __initial_sp
    startup_lpc17xx.o(RESET) refers to startup_lpc17xx.o(.text) for Reset_Handler
    startup_lpc17xx.o(RESET) refers to main.o(i.TIMER0_IRQHandler) for TIMER0_IRQHandler
    startup_lpc17xx.o(RESET) refers to main.o(i.TIMER1_IRQHandler) for TIMER1_IRQHandler
    startup_lpc17xx.o(RESET) refers to i2c.o(i.I2C0_IRQHandler) for I2C0_IRQHandler
    startup_lpc17xx.o(RESET) refers to main.o(i.DMA_IRQHandler) for DMA_IRQHandler
    startup_lpc17xx.o(RESET) refers to rdb1768_audio.o(i.I2S_IRQHandler) for I2S_IRQHandler
    startup_lpc17xx.o(.ARM.__at_0x02FC) refers (Special) to heapauxi.o(.text) for __use_two_region_memory
    startup_lpc17xx.o(.text) refers (Special) to heapauxi.o(.text) for __use_two_region_memory
    startup_lpc17xx.o(.text) refers to __main.o(!!!main) for __main
    startup_lpc17xx.o(.text) refers to startup_lpc17xx.o(HEAP) for Heap_Mem
    startup_lpc17xx.o(.text) refers to startup_lpc17xx.o(STACK) for Stack_Mem
    main.o(i.DMA_IRQHandler) refers to fat32_1.o(i.FILE_GetCh) for FILE_GetCh
    main.o(i.DMA_IRQHandler) refers to main.o(i.DMA_Init) for DMA_Init
    main.o(i.DMA_IRQHandler) refers to main.o(.data) for .data
    main.o(i.DMA_IRQHandler) refers to main.o(.bss) for .bss
    main.o(i.DMA_Init) refers to main.o(.bss) for .bss
    main.o(i.InitializeTimer) refers to timing_1.o(i.getPrescalarForUs) for getPrescalarForUs
    main.o(i.InitializeTimer) refers to main.o(i.NVIC_EnableIRQ) for NVIC_EnableIRQ
    main.o(i.TIMER0_IRQHandler) refers to main.o(.data) for .data
    main.o(i.TIMER0_IRQHandler) refers to main.o(.bss) for .bss
    main.o(i.TIMER1_IRQHandler) refers to fflt_clz.o(x$fpl$ffltu) for __aeabi_ui2f
    main.o(i.TIMER1_IRQHandler) refers to faddsub_clz.o(x$fpl$fsub) for __aeabi_fsub
    main.o(i.TIMER1_IRQHandler) refers to fleqf.o(x$fpl$fleqf) for __aeabi_cfcmple
    main.o(i.TIMER1_IRQHandler) refers to main.o(.data) for .data
    main.o(i.convert_to_words) refers to main.o(i.playWavFile) for playWavFile
    main.o(i.convert_to_words) refers to main.o(.data) for .data
    main.o(i.distance_value) refers to fmul.o(x$fpl$fmul) for __aeabi_fmul
    main.o(i.distance_value) refers to fdiv.o(x$fpl$fdiv) for __aeabi_fdiv
    main.o(i.distance_value) refers to ffixu.o(x$fpl$ffixu) for __aeabi_f2uiz
    main.o(i.distance_value) refers to main.o(i.error_no_objekt) for error_no_objekt
    main.o(i.distance_value) refers to main.o(i.convert_to_words) for convert_to_words
    main.o(i.distance_value) refers to main.o(.data) for .data
    main.o(i.error_no_objekt) refers to main.o(i.playWavFile) for playWavFile
    main.o(i.error_no_objekt) refers to timing_1.o(i.Timing_WaitUs) for Timing_WaitUs
    main.o(i.main) refers to system_lpc17xx_1.o(i.SystemInit) for SystemInit
    main.o(i.main) refers to main.o(i.InitializeGPIO) for InitializeGPIO
    main.o(i.main) refers to main.o(i.InitializeTimer) for InitializeTimer
    main.o(i.main) refers to main.o(i.InitializeDAC) for InitializeDAC
    main.o(i.main) refers to sdcard_1.o(i.SD_Init) for SD_Init
    main.o(i.main) refers to timing_1.o(i.DELAY_us) for DELAY_us
    main.o(i.main) refers to timing_1.o(i.DELAY_ms) for DELAY_ms
    main.o(i.main) refers to main.o(i.distance_value) for distance_value
    main.o(i.main) refers to main.o(.bss) for .bss
    main.o(i.main) refers to main.o(.data) for .data
    main.o(i.playWavFile) refers to fat32_1.o(i.FILE_Open) for FILE_Open
    main.o(i.playWavFile) refers to fat32_1.o(i.FILE_GetCh) for FILE_GetCh
    main.o(i.playWavFile) refers to fat32_1.o(i.FILE_Close) for FILE_Close
    main.o(i.playWavFile) refers to main.o(.data) for .data
    main.o(i.playWavFile) refers to main.o(.bss) for .bss
    main.o(.data) refers to main.o(.conststring) for .conststring
    asciilib_1.o(i.GetASCIICode) refers to rt_memcpy_v6.o(.text) for __aeabi_memcpy
    asciilib_1.o(i.GetASCIICode) refers to asciilib_1.o(.constdata) for .constdata
    fat32_1.o(i.FILE_Delete) refers to strcpy.o(.text) for strcpy
    fat32_1.o(i.FILE_Delete) refers to fat32_1.o(i.convertFileName) for convertFileName
    fat32_1.o(i.FILE_Delete) refers to strcmpv7m.o(.text) for strcmp
    fat32_1.o(i.FILE_Delete) refers to fat32_1.o(i.deletefile) for deletefile
    fat32_1.o(i.FILE_Delete) refers to fat32_1.o(.bss) for .bss
    fat32_1.o(i.FILE_GetCh) refers to fat32_1.o(i.getFirstSector) for getFirstSector
    fat32_1.o(i.FILE_GetCh) refers to sdcard_1.o(i.SD_readSingleBlock) for SD_readSingleBlock
[...]
    dflt_clz.o(x$fpl$dfltn) refers (Special) to usenofp.o(x$fpl$usenofp) for __I$use$fp
    faddsub_clz.o(x$fpl$fadd) refers (Special) to usenofp.o(x$fpl$usenofp) for __I$use$fp
    faddsub_clz.o(x$fpl$fadd) refers to faddsub_clz.o(x$fpl$fsub) for _fsub1
    faddsub_clz.o(x$fpl$fadd) refers to fretinf.o(x$fpl$fretinf) for __fpl_fretinf
    faddsub_clz.o(x$fpl$fadd) refers to fnaninf.o(x$fpl$fnaninf) for __fpl_fnaninf
    faddsub_clz.o(x$fpl$frsb) refers (Special) to usenofp.o(x$fpl$usenofp) for __I$use$fp
    faddsub_clz.o(x$fpl$frsb) refers to faddsub_clz.o(x$fpl$fadd) for _fadd1
    faddsub_clz.o(x$fpl$frsb) refers to faddsub_clz.o(x$fpl$fsub) for _fsub1
    faddsub_clz.o(x$fpl$fsub) refers (Special) to usenofp.o(x$fpl$usenofp) for __I$use$fp
    faddsub_clz.o(x$fpl$fsub) refers to faddsub_clz.o(x$fpl$fadd) for _fadd1
    faddsub_clz.o(x$fpl$fsub) refers to fnaninf.o(x$fpl$fnaninf) for __fpl_fnaninf
    fdiv.o(x$fpl$frdiv) refers (Special) to usenofp.o(x$fpl$usenofp) for __I$use$fp
    fdiv.o(x$fpl$frdiv) refers to fdiv.o(x$fpl$fdiv) for _fdiv1
    fdiv.o(x$fpl$fdiv) refers (Special) to usenofp.o(x$fpl$usenofp) for __I$use$fp
    fdiv.o(x$fpl$fdiv) refers to fretinf.o(x$fpl$fretinf) for __fpl_fretinf
    fdiv.o(x$fpl$fdiv) refers to fnaninf.o(x$fpl$fnaninf) for __fpl_fnaninf
    ffixu.o(x$fpl$ffixu) refers (Special) to usenofp.o(x$fpl$usenofp) for __I$use$fp
    ffixu.o(x$fpl$ffixu) refers to fnaninf.o(x$fpl$fnaninf) for __fpl_fnaninf
    ffixu.o(x$fpl$ffixur) refers (Special) to usenofp.o(x$fpl$usenofp) for __I$use$fp
    ffixu.o(x$fpl$ffixur) refers to fnaninf.o(x$fpl$fnaninf) for __fpl_fnaninf
    fflt_clz.o(x$fpl$ffltu) refers (Special) to usenofp.o(x$fpl$usenofp) for __I$use$fp
    fflt_clz.o(x$fpl$fflt) refers (Special) to usenofp.o(x$fpl$usenofp) for __I$use$fp
    fflt_clz.o(x$fpl$ffltn) refers (Special) to usenofp.o(x$fpl$usenofp) for __I$use$fp
    fleqf.o(x$fpl$fleqf) refers (Special) to usenofp.o(x$fpl$usenofp) for __I$use$fp
    fleqf.o(x$fpl$fleqf) refers to fnaninf.o(x$fpl$fnaninf) for __fpl_fnaninf
    fleqf.o(x$fpl$fleqf) refers to fcmpi.o(x$fpl$fcmpinf) for __fpl_fcmp_Inf
    fmul.o(x$fpl$fmul) refers (Special) to usenofp.o(x$fpl$usenofp) for __I$use$fp
    fmul.o(x$fpl$fmul) refers to fretinf.o(x$fpl$fretinf) for __fpl_fretinf
    fmul.o(x$fpl$fmul) refers to fnaninf.o(x$fpl$fnaninf) for __fpl_fnaninf
    pow.o(i.__softfp_pow) refers (Special) to usenofp.o(x$fpl$usenofp) for __I$use$fp
    pow.o(i.__softfp_pow) refers to pow.o(i.pow) for pow
    pow.o(i.pow) refers (Special) to usenofp.o(x$fpl$usenofp) for __I$use$fp
    pow.o(i.pow) refers to dunder.o(i.__mathlib_dbl_infnan2) for __mathlib_dbl_infnan2
    pow.o(i.pow) refers to _rserrno.o(.text) for __set_errno
    pow.o(i.pow) refers to dunder.o(i.__mathlib_dbl_divzero) for __mathlib_dbl_divzero
    pow.o(i.pow) refers to dunder.o(i.__mathlib_dbl_overflow) for __mathlib_dbl_overflow
    pow.o(i.pow) refers to ddiv.o(x$fpl$ddiv) for __aeabi_ddiv
    pow.o(i.pow) refers to sqrt.o(i.sqrt) for sqrt
    pow.o(i.pow) refers to dmul.o(x$fpl$dmul) for __aeabi_dmul
    pow.o(i.pow) refers to dunder.o(i.__mathlib_dbl_invalid) for __mathlib_dbl_invalid
    pow.o(i.pow) refers to dunder.o(i.__mathlib_dbl_underflow) for __mathlib_dbl_underflow
    pow.o(i.pow) refers to daddsub_clz.o(x$fpl$dsub) for __aeabi_dsub
    pow.o(i.pow) refers to scalbn.o(x$fpl$scalbn) for __ARM_scalbn
    pow.o(i.pow) refers to daddsub_clz.o(x$fpl$drsb) for __aeabi_drsub
    pow.o(i.pow) refers to daddsub_clz.o(x$fpl$dadd) for __aeabi_dadd
    pow.o(i.pow) refers to qnan.o(.constdata) for __mathlib_zero
    pow.o(i.pow) refers to poly.o(i.__kernel_poly) for __kernel_poly
    pow.o(i.pow) refers to dflt_clz.o(x$fpl$dflt) for __aeabi_i2d
    pow.o(i.pow) refers to drleqf.o(x$fpl$drleqf) for __aeabi_cdrcmple
    pow.o(i.pow) refers to pow.o(.constdata) for .constdata
    pow.o(i.pow) refers to fpclassify.o(i.__ARM_fpclassify) for __ARM_fpclassify
    pow.o(.constdata) refers (Special) to usenofp.o(x$fpl$usenofp) for __I$use$fp
    pow_x.o(i.____softfp_pow$lsc) refers (Special) to usenofp.o(x$fpl$usenofp) for __I$use$fp
    pow_x.o(i.____softfp_pow$lsc) refers to pow_x.o(i.__pow$lsc) for __pow$lsc
    pow_x.o(i.__pow$lsc) refers (Special) to usenofp.o(x$fpl$usenofp) for __I$use$fp
    pow_x.o(i.__pow$lsc) refers to dunder.o(i.__mathlib_dbl_infnan2) for __mathlib_dbl_infnan2
    pow_x.o(i.__pow$lsc) refers to _rserrno.o(.text) for __set_errno
    pow_x.o(i.__pow$lsc) refers to ddiv.o(x$fpl$ddiv) for __aeabi_ddiv
    pow_x.o(i.__pow$lsc) refers to sqrt.o(i.sqrt) for sqrt
    pow_x.o(i.__pow$lsc) refers to dmul.o(x$fpl$dmul) for __aeabi_dmul
    pow_x.o(i.__pow$lsc) refers to dflt_clz.o(x$fpl$dflt) for __aeabi_i2d
    pow_x.o(i.__pow$lsc) refers to daddsub_clz.o(x$fpl$dsub) for __aeabi_dsub
    pow_x.o(i.__pow$lsc) refers to scalbn.o(x$fpl$scalbn) for __ARM_scalbn
    pow_x.o(i.__pow$lsc) refers to daddsub_clz.o(x$fpl$drsb) for __aeabi_drsub
    pow_x.o(i.__pow$lsc) refers to daddsub_clz.o(x$fpl$dadd) for __aeabi_dadd
    pow_x.o(i.__pow$lsc) refers to qnan.o(.constdata) for __mathlib_zero
    pow_x.o(i.__pow$lsc) refers to pow_x.o(.constdata) for .constdata
    pow_x.o(i.__pow$lsc) refers to poly.o(i.__kernel_poly) for __kernel_poly
    pow_x.o(i.__pow$lsc) refers to drleqf.o(x$fpl$drleqf) for __aeabi_cdrcmple
    pow_x.o(.constdata) refers (Special) to usenofp.o(x$fpl$usenofp) for __I$use$fp
    __rtentry.o(.ARM.Collect$$rtentry$$00000000) refers (Special) to __rtentry2.o(.ARM.Collect$$rtentry$$0000000A) for __rt_entry_li
    __rtentry.o(.ARM.Collect$$rtentry$$00000000) refers (Special) to __rtentry2.o(.ARM.Collect$$rtentry$$0000000D) for __rt_entry_main
    __rtentry.o(.ARM.Collect$$rtentry$$00000000) refers (Special) to __rtentry2.o(.ARM.Collect$$rtentry$$0000000C) for __rt_entry_postli_1
    __rtentry.o(.ARM.Collect$$rtentry$$00000000) refers (Special) to __rtentry2.o(.ARM.Collect$$rtentry$$00000009) for __rt_entry_postsh_1
    __rtentry.o(.ARM.Collect$$rtentry$$00000000) refers (Special) to __rtentry2.o(.ARM.Collect$$rtentry$$00000002) for __rt_entry_presh_1
    __rtentry.o(.ARM.Collect$$rtentry$$00000000) refers (Special) to __rtentry4.o(.ARM.Collect$$rtentry$$00000004) for __rt_entry_sh
    _rserrno.o(.text) refers to rt_errno_addr_intlibspace.o(.text) for __aeabi_errno_addr
    ddiv.o(x$fpl$drdiv) refers (Special) to usenofp.o(x$fpl$usenofp) for __I$use$fp
    ddiv.o(x$fpl$drdiv) refers to ddiv.o(x$fpl$ddiv) for ddiv_entry
    ddiv.o(x$fpl$ddiv) refers (Special) to usenofp.o(x$fpl$usenofp) for __I$use$fp
    ddiv.o(x$fpl$ddiv) refers to dretinf.o(x$fpl$dretinf) for __fpl_dretinf
    ddiv.o(x$fpl$ddiv) refers to dnaninf.o(x$fpl$dnaninf) for __fpl_dnaninf
    dmul.o(x$fpl$dmul) refers (Special) to usenofp.o(x$fpl$usenofp) for __I$use$fp
    dmul.o(x$fpl$dmul) refers to dretinf.o(x$fpl$dretinf) for __fpl_dretinf
    dmul.o(x$fpl$dmul) refers to dnaninf.o(x$fpl$dnaninf) for __fpl_dnaninf
    dnaninf.o(x$fpl$dnaninf) refers (Special) to usenofp.o(x$fpl$usenofp) for __I$use$fp
    dretinf.o(x$fpl$dretinf) refers (Special) to usenofp.o(x$fpl$usenofp) for __I$use$fp
    drleqf.o(x$fpl$drleqf) refers (Special) to usenofp.o(x$fpl$usenofp) for __I$use$fp
    drleqf.o(x$fpl$drleqf) refers to dleqf.o(x$fpl$dleqf) for __fpl_dcmple_InfNaN
    fcmpi.o(x$fpl$fcmpinf) refers (Special) to usenofp.o(x$fpl$usenofp) for __I$use$fp
    fnaninf.o(x$fpl$fnaninf) refers (Special) to usenofp.o(x$fpl$usenofp) for __I$use$fp
    fretinf.o(x$fpl$fretinf) refers (Special) to usenofp.o(x$fpl$usenofp) for __I$use$fp
    scalbn.o(x$fpl$scalbn) refers (Special) to usenofp.o(x$fpl$usenofp) for __I$use$fp
    scalbn.o(x$fpl$scalbn) refers to dcheck1.o(x$fpl$dcheck1) for __fpl_dcheck_NaN1
    dunder.o(i.__mathlib_dbl_divzero) refers to ddiv.o(x$fpl$ddiv) for __aeabi_ddiv
    dunder.o(i.__mathlib_dbl_infnan) refers to scalbn.o(x$fpl$scalbn) for __ARM_scalbn
    dunder.o(i.__mathlib_dbl_infnan2) refers to daddsub_clz.o(x$fpl$dadd) for __aeabi_dadd
    dunder.o(i.__mathlib_dbl_invalid) refers to ddiv.o(x$fpl$ddiv) for __aeabi_ddiv
    dunder.o(i.__mathlib_dbl_overflow) refers to scalbn.o(x$fpl$scalbn) for __ARM_scalbn
    dunder.o(i.__mathlib_dbl_posinfnan) refers to dmul.o(x$fpl$dmul) for __aeabi_dmul
    dunder.o(i.__mathlib_dbl_underflow) refers to scalbn.o(x$fpl$scalbn) for __ARM_scalbn
    fpclassify.o(i.__ARM_fpclassify) refers (Special) to usenofp.o(x$fpl$usenofp) for __I$use$fp
    poly.o(i.__kernel_poly) refers (Special) to usenofp.o(x$fpl$usenofp) for __I$use$fp
    poly.o(i.__kernel_poly) refers to dmul.o(x$fpl$dmul) for __aeabi_dmul
    poly.o(i.__kernel_poly) refers to daddsub_clz.o(x$fpl$dadd) for __aeabi_dadd
    qnan.o(.constdata) refers (Special) to usenofp.o(x$fpl$usenofp) for __I$use$fp
    sqrt.o(i.__softfp_sqrt) refers (Special) to usenofp.o(x$fpl$usenofp) for __I$use$fp
    sqrt.o(i.__softfp_sqrt) refers to dsqrt_noumaal.o(x$fpl$dsqrt) for _dsqrt
    sqrt.o(i.__softfp_sqrt) refers to _rserrno.o(.text) for __set_errno
    sqrt.o(i.sqrt) refers (Special) to usenofp.o(x$fpl$usenofp) for __I$use$fp
    sqrt.o(i.sqrt) refers to dsqrt_noumaal.o(x$fpl$dsqrt) for _dsqrt
    sqrt.o(i.sqrt) refers to _rserrno.o(.text) for __set_errno
    sqrt_x.o(i.____softfp_sqrt$lsc) refers (Special) to usenofp.o(x$fpl$usenofp) for __I$use$fp
    sqrt_x.o(i.____softfp_sqrt$lsc) refers to dleqf.o(x$fpl$dleqf) for __aeabi_cdcmple
    sqrt_x.o(i.____softfp_sqrt$lsc) refers to _rserrno.o(.text) for __set_errno
    sqrt_x.o(i.____softfp_sqrt$lsc) refers to dsqrt_noumaal.o(x$fpl$dsqrt) for _dsqrt
    sqrt_x.o(i.__sqrt$lsc) refers (Special) to usenofp.o(x$fpl$usenofp) for __I$use$fp
    sqrt_x.o(i.__sqrt$lsc) refers to dleqf.o(x$fpl$dleqf) for __aeabi_cdcmple
    sqrt_x.o(i.__sqrt$lsc) refers to _rserrno.o(.text) for __set_errno
    sqrt_x.o(i.__sqrt$lsc) refers to dsqrt_noumaal.o(x$fpl$dsqrt) for _dsqrt
    __rtentry2.o(.ARM.Collect$$rtentry$$00000008) refers to boardinit2.o(.text) for _platform_post_stackheap_init
    __rtentry2.o(.ARM.Collect$$rtentry$$0000000A) refers to libinit.o(.ARM.Collect$$libinit$$00000000) for __rt_lib_init
    __rtentry2.o(.ARM.Collect$$rtentry$$0000000B) refers to boardinit3.o(.text) for _platform_post_lib_init
    __rtentry2.o(.ARM.Collect$$rtentry$$0000000D) refers to main.o(i.main) for main
    __rtentry2.o(.ARM.Collect$$rtentry$$0000000D) refers to exit.o(.text) for exit
    __rtentry2.o(.ARM.exidx) refers to __rtentry2.o(.ARM.Collect$$rtentry$$00000001) for .ARM.Collect$$rtentry$$00000001
    __rtentry2.o(.ARM.exidx) refers to __rtentry2.o(.ARM.Collect$$rtentry$$00000008) for .ARM.Collect$$rtentry$$00000008
    __rtentry2.o(.ARM.exidx) refers to __rtentry2.o(.ARM.Collect$$rtentry$$0000000A) for .ARM.Collect$$rtentry$$0000000A
    __rtentry2.o(.ARM.exidx) refers to __rtentry2.o(.ARM.Collect$$rtentry$$0000000B) for .ARM.Collect$$rtentry$$0000000B
    __rtentry2.o(.ARM.exidx) refers to __rtentry2.o(.ARM.Collect$$rtentry$$0000000D) for .ARM.Collect$$rtentry$$0000000D
    __rtentry4.o(.ARM.Collect$$rtentry$$00000004) refers to sys_stackheap_outer.o(.text) for __user_setup_stackheap
    __rtentry4.o(.ARM.exidx) refers to __rtentry4.o(.ARM.Collect$$rtentry$$00000004) for .ARM.Collect$$rtentry$$00000004
    rt_errno_addr.o(.text) refers to rt_errno_addr.o(.bss) for __aeabi_errno_addr_data
    rt_errno_addr_intlibspace.o(.text) refers to libspace.o(.bss) for __libspace_start
    dcheck1.o(x$fpl$dcheck1) refers (Special) to usenofp.o(x$fpl$usenofp) for __I$use$fp
    dcheck1.o(x$fpl$dcheck1) refers to retnan.o(x$fpl$retnan) for __fpl_return_NaN
    dleqf.o(x$fpl$dleqf) refers (Special) to usenofp.o(x$fpl$usenofp) for __I$use$fp
    dleqf.o(x$fpl$dleqf) refers to dnaninf.o(x$fpl$dnaninf) for __fpl_dnaninf
    dleqf.o(x$fpl$dleqf) refers to dcmpi.o(x$fpl$dcmpinf) for __fpl_dcmp_Inf
    dsqrt_noumaal.o(x$fpl$dsqrt) refers (Special) to usenofp.o(x$fpl$usenofp) for __I$use$fp
    dsqrt_noumaal.o(x$fpl$dsqrt) refers to dnaninf.o(x$fpl$dnaninf) for __fpl_dnaninf
    libspace.o(.text) refers to libspace.o(.bss) for __libspace_start
    sys_stackheap_outer.o(.text) refers to libspace.o(.text) for __user_perproc_libspace
    sys_stackheap_outer.o(.text) refers to startup_lpc17xx.o(.text) for __user_initial_stackheap
    exit.o(.text) refers to rtexit.o(.ARM.Collect$$rtexit$$00000000) for __rt_exit
    libinit.o(.ARM.Collect$$libinit$$00000000) refers (Special) to libinit2.o(.ARM.Collect$$libinit$$0000002E) for __rt_lib_init_alloca_1
    libinit.o(.ARM.Collect$$libinit$$00000000) refers (Special) to libinit2.o(.ARM.Collect$$libinit$$0000002C) for __rt_lib_init_argv_1
    libinit.o(.ARM.Collect$$libinit$$00000000) refers (Special) to libinit2.o(.ARM.Collect$$libinit$$0000001B) for __rt_lib_init_atexit_1
    libinit.o(.ARM.Collect$$libinit$$00000000) refers (Special) to libinit2.o(.ARM.Collect$$libinit$$00000021) for __rt_lib_init_clock_1
    libinit.o(.ARM.Collect$$libinit$$00000000) refers (Special) to libinit2.o(.ARM.Collect$$libinit$$00000032) for __rt_lib_init_cpp_1
    libinit.o(.ARM.Collect$$libinit$$00000000) refers (Special) to libinit2.o(.ARM.Collect$$libinit$$00000030) for __rt_lib_init_exceptions_1
    libinit.o(.ARM.Collect$$libinit$$00000000) refers (Special) to libinit2.o(.ARM.Collect$$libinit$$00000002) for __rt_lib_init_fp_1
    libinit.o(.ARM.Collect$$libinit$$00000000) refers (Special) to libinit2.o(.ARM.Collect$$libinit$$0000001F) for __rt_lib_init_fp_trap_1
    libinit.o(.ARM.Collect$$libinit$$00000000) refers (Special) to libinit2.o(.ARM.Collect$$libinit$$00000023) for __rt_lib_init_getenv_1
    libinit.o(.ARM.Collect$$libinit$$00000000) refers (Special) to libinit2.o(.ARM.Collect$$libinit$$0000000A) for __rt_lib_init_heap_1
    libinit.o(.ARM.Collect$$libinit$$00000000) refers (Special) to libinit2.o(.ARM.Collect$$libinit$$00000011) for __rt_lib_init_lc_collate_1
    libinit.o(.ARM.Collect$$libinit$$00000000) refers (Special) to libinit2.o(.ARM.Collect$$libinit$$00000013) for __rt_lib_init_lc_ctype_1
    libinit.o(.ARM.Collect$$libinit$$00000000) refers (Special) to libinit2.o(.ARM.Collect$$libinit$$00000015) for __rt_lib_init_lc_monetary_1
    libinit.o(.ARM.Collect$$libinit$$00000000) refers (Special) to libinit2.o(.ARM.Collect$$libinit$$00000017) for __rt_lib_init_lc_numeric_1
    libinit.o(.ARM.Collect$$libinit$$00000000) refers (Special) to libinit2.o(.ARM.Collect$$libinit$$00000019) for __rt_lib_init_lc_time_1
    libinit.o(.ARM.Collect$$libinit$$00000000) refers (Special) to libinit2.o(.ARM.Collect$$libinit$$00000004) for __rt_lib_init_preinit_1
    libinit.o(.ARM.Collect$$libinit$$00000000) refers (Special) to libinit2.o(.ARM.Collect$$libinit$$0000000E) for __rt_lib_init_rand_1
    libinit.o(.ARM.Collect$$libinit$$00000000) refers (Special) to libinit2.o(.ARM.Collect$$libinit$$00000033) for __rt_lib_init_return
    libinit.o(.ARM.Collect$$libinit$$00000000) refers (Special) to libinit2.o(.ARM.Collect$$libinit$$0000001D) for __rt_lib_init_signal_1
    libinit.o(.ARM.Collect$$libinit$$00000000) refers (Special) to libinit2.o(.ARM.Collect$$libinit$$00000025) for __rt_lib_init_stdio_1
    libinit.o(.ARM.Collect$$libinit$$00000000) refers (Special) to libinit2.o(.ARM.Collect$$libinit$$0000000C) for __rt_lib_init_user_alloc_1
    dcmpi.o(x$fpl$dcmpinf) refers (Special) to usenofp.o(x$fpl$usenofp) for __I$use$fp
    retnan.o(x$fpl$retnan) refers (Special) to usenofp.o(x$fpl$usenofp) for __I$use$fp
    retnan.o(x$fpl$retnan) refers to trapv.o(x$fpl$trapveneer) for __fpl_cmpreturn
    rtexit.o(.ARM.Collect$$rtexit$$00000000) refers (Special) to rtexit2.o(.ARM.Collect$$rtexit$$00000004) for __rt_exit_exit
    rtexit.o(.ARM.Collect$$rtexit$$00000000) refers (Special) to rtexit2.o(.ARM.Collect$$rtexit$$00000003) for __rt_exit_ls
    rtexit.o(.ARM.Collect$$rtexit$$00000000) refers (Special) to rtexit2.o(.ARM.Collect$$rtexit$$00000002) for __rt_exit_prels_1
    rtexit.o(.ARM.exidx) refers (Special) to rtexit2.o(.ARM.Collect$$rtexit$$00000004) for __rt_exit_exit
    rtexit.o(.ARM.exidx) refers (Special) to rtexit2.o(.ARM.Collect$$rtexit$$00000003) for __rt_exit_ls
    rtexit.o(.ARM.exidx) refers (Special) to rtexit2.o(.ARM.Collect$$rtexit$$00000002) for __rt_exit_prels_1
    rtexit.o(.ARM.exidx) refers to rtexit.o(.ARM.Collect$$rtexit$$00000000) for .ARM.Collect$$rtexit$$00000000
    libinit2.o(.ARM.Collect$$libinit$$00000010) refers to libinit2.o(.ARM.Collect$$libinit$$0000000F) for .ARM.Collect$$libinit$$0000000F
    libinit2.o(.ARM.Collect$$libinit$$00000012) refers to libinit2.o(.ARM.Collect$$libinit$$0000000F) for .ARM.Collect$$libinit$$0000000F
    libinit2.o(.ARM.Collect$$libinit$$00000014) refers to libinit2.o(.ARM.Collect$$libinit$$0000000F) for .ARM.Collect$$libinit$$0000000F
    libinit2.o(.ARM.Collect$$libinit$$00000016) refers to libinit2.o(.ARM.Collect$$libinit$$0000000F) for .ARM.Collect$$libinit$$0000000F
    libinit2.o(.ARM.Collect$$libinit$$00000018) refers to libinit2.o(.ARM.Collect$$libinit$$0000000F) for .ARM.Collect$$libinit$$0000000F
    libinit2.o(.ARM.Collect$$libinit$$00000026) refers to argv_veneer.o(.emb_text) for __ARM_argv_veneer
    libinit2.o(.ARM.Collect$$libinit$$00000027) refers to argv_veneer.o(.emb_text) for __ARM_argv_veneer
    trapv.o(x$fpl$trapveneer) refers (Special) to usenofp.o(x$fpl$usenofp) for __I$use$fp
    rtexit2.o(.ARM.Collect$$rtexit$$00000003) refers to libshutdown.o(.ARM.Collect$$libshutdown$$00000000) for __rt_lib_shutdown
    rtexit2.o(.ARM.Collect$$rtexit$$00000004) refers to sys_exit.o(.text) for _sys_exit
    rtexit2.o(.ARM.exidx) refers to rtexit2.o(.ARM.Collect$$rtexit$$00000001) for .ARM.Collect$$rtexit$$00000001
    rtexit2.o(.ARM.exidx) refers to rtexit2.o(.ARM.Collect$$rtexit$$00000003) for .ARM.Collect$$rtexit$$00000003
    rtexit2.o(.ARM.exidx) refers to rtexit2.o(.ARM.Collect$$rtexit$$00000004) for .ARM.Collect$$rtexit$$00000004
    argv_veneer.o(.emb_text) refers to no_argv.o(.text) for __ARM_get_argv
    sys_exit.o(.text) refers (Special) to use_no_semi.o(.text) for __I$use$semihosting
    sys_exit.o(.text) refers (Special) to indicate_semi.o(.text) for __semihosting_library_function
    _get_argv_nomalloc.o(.text) refers (Special) to hrguard.o(.text) for __heap_region$guard
    _get_argv_nomalloc.o(.text) refers to defsig_rtmem_outer.o(.text) for __rt_SIGRTMEM
    _get_argv_nomalloc.o(.text) refers to sys_command.o(.text) for _sys_command_string
    libshutdown.o(.ARM.Collect$$libshutdown$$00000000) refers (Special) to libshutdown2.o(.ARM.Collect$$libshutdown$$00000006) for __rt_lib_shutdown_fp_trap_1
    libshutdown.o(.ARM.Collect$$libshutdown$$00000000) refers (Special) to libshutdown2.o(.ARM.Collect$$libshutdown$$0000000E) for __rt_lib_shutdown_heap_1
    libshutdown.o(.ARM.Collect$$libshutdown$$00000000) refers (Special) to libshutdown2.o(.ARM.Collect$$libshutdown$$0000000F) for __rt_lib_shutdown_return
    libshutdown.o(.ARM.Collect$$libshutdown$$00000000) refers (Special) to libshutdown2.o(.ARM.Collect$$libshutdown$$00000009) for __rt_lib_shutdown_signal_1
    libshutdown.o(.ARM.Collect$$libshutdown$$00000000) refers (Special) to libshutdown2.o(.ARM.Collect$$libshutdown$$00000003) for __rt_lib_shutdown_stdio_1
    libshutdown.o(.ARM.Collect$$libshutdown$$00000000) refers (Special) to libshutdown2.o(.ARM.Collect$$libshutdown$$0000000B) for __rt_lib_shutdown_user_alloc_1
    sys_command.o(.text) refers (Special) to use_no_semi.o(.text) for __I$use$semihosting
    sys_command.o(.text) refers (Special) to indicate_semi.o(.text) for __semihosting_library_function
    defsig_rtmem_outer.o(.text) refers to defsig_rtmem_inner.o(.text) for __rt_SIGRTMEM_inner
    defsig_rtmem_outer.o(.text) refers to defsig_exit.o(.text) for __sig_exit
    defsig_rtmem_formal.o(.text) refers to rt_raise.o(.text) for __rt_raise
    rt_raise.o(.text) refers to __raise.o(.text) for __raise
    rt_raise.o(.text) refers to sys_exit.o(.text) for _sys_exit
    defsig_exit.o(.text) refers to sys_exit.o(.text) for _sys_exit
    defsig_rtmem_inner.o(.text) refers to defsig_general.o(.text) for __default_signal_display
    __raise.o(.text) refers to defsig.o(CL$$defsig) for __default_signal_handler
    defsig_general.o(.text) refers to sys_wrch.o(.text) for _ttywrch
    sys_wrch.o(.text) refers (Special) to use_no_semi.o(.text) for __I$use$semihosting
    sys_wrch.o(.text) refers (Special) to indicate_semi.o(.text) for __semihosting_library_function
    defsig.o(CL$$defsig) refers to defsig_rtmem_inner.o(.text) for __rt_SIGRTMEM_inner
    defsig_abrt_inner.o(.text) refers to defsig_general.o(.text) for __default_signal_display
    defsig_fpe_inner.o(.text) refers to defsig_general.o(.text) for __default_signal_display
    defsig_rtred_inner.o(.text) refers to defsig_general.o(.text) for __default_signal_display
    defsig_stak_inner.o(.text) refers to defsig_general.o(.text) for __default_signal_display
    defsig_pvfn_inner.o(.text) refers to defsig_general.o(.text) for __default_signal_display
    defsig_cppl_inner.o(.text) refers to defsig_general.o(.text) for __default_signal_display
    defsig_segv_inner.o(.text) refers to defsig_general.o(.text) for __default_signal_display
    defsig_other.o(.text) refers to defsig_general.o(.text) for __default_signal_display


==============================================================================

Removing Unused input sections from the image.

    Removing main.o(.rev16_text), (4 bytes).
    Removing main.o(.revsh_text), (4 bytes).
    Removing main.o(.bss), (12 bytes).
    Removing main.o(.bss), (12 bytes).
    Removing main.o(.bss), (12 bytes).
    Removing main.o(.bss), (12 bytes).
    Removing main.o(.bss), (16 bytes).
    Removing asciilib_1.o(i.GetASCIICode), (20 bytes).
    Removing asciilib_1.o(.constdata), (1520 bytes).
    Removing fat32_1.o(i.FILE_Delete), (88 bytes).
    Removing fat32_1.o(i.FILE_GetList), (232 bytes).
    Removing fat32_1.o(i.FILE_GetMemoryStatics), (148 bytes).
    Removing fat32_1.o(i.FILE_PutCh), (580 bytes).
    Removing fat32_1.o(i.deletefile), (240 bytes).
    Removing fat32_1.o(i.file_GetDate), (6 bytes).
    Removing fat32_1.o(i.file_GetTime), (6 bytes).
    Removing fat32_1.o(i.freeMemoryUpdate), (84 bytes).
    Removing file_config_1.o(.bss), (832 bytes).
    Removing file_config_1.o(.bss), (5120 bytes).
    Removing file_config_1.o(.constdata), (2 bytes).
    Removing file_config_1.o(.constdata), (2 bytes).
    Removing file_config_1.o(.constdata), (4 bytes).
    Removing file_config_1.o(.constdata), (8 bytes).
    Removing file_config_1.o(.constdata), (2 bytes).
    Removing file_config_1.o(.constdata), (4 bytes).
    Removing file_config_1.o(.constdata), (4 bytes).
    Removing file_config_1.o(.constdata), (8 bytes).
    Removing file_config_1.o(.constdata), (2 bytes).
    Removing file_config_1.o(.constdata), (4 bytes).
    Removing file_config_1.o(.constdata), (8 bytes).
    Removing file_config_1.o(.constdata), (2 bytes).
    Removing file_config_1.o(.constdata), (2 bytes).
    Removing gpio_1.o(.rev16_text), (4 bytes).
    Removing gpio_1.o(.revsh_text), (4 bytes).
    Removing gpio_1.o(i.GPIO_PinDirection), (44 bytes).
    Removing gpio_1.o(i.GPIO_PinFunction), (56 bytes).
    Removing gpio_1.o(i.GPIO_PinRead), (40 bytes).
    Removing gpio_1.o(i.GPIO_PinToggle), (32 bytes).
    Removing sdcard_1.o(.rev16_text), (4 bytes).
    Removing sdcard_1.o(.revsh_text), (4 bytes).
    Removing sdcard_1.o(i.SD_erase), (46 bytes).
    Removing spi_1.o(.rev16_text), (4 bytes).
    Removing spi_1.o(.revsh_text), (4 bytes).
    Removing system_lpc17xx_1.o(.rev16_text), (4 bytes).
    Removing system_lpc17xx_1.o(.revsh_text), (4 bytes).
    Removing system_lpc17xx_1.o(i.SystemCoreClockUpdate), (208 bytes).
    Removing timing_1.o(.rev16_text), (4 bytes).
    Removing timing_1.o(.revsh_text), (4 bytes).
    Removing timing_1.o(i.DELAY_sec), (26 bytes).
    Removing timing_1.o(i.Timing_Start), (64 bytes).
    Removing timing_1.o(i.Timing_Stop), (52 bytes).
    Removing timing_1.o(i.Timing_WaitMs), (10 bytes).
    Removing timing_1.o(i.delay), (6 bytes).
    Removing timing_1.o(i.get_integer_val), (112 bytes).
    Removing i2c.o(.rev16_text), (4 bytes).
    Removing i2c.o(.revsh_text), (4 bytes).
    Removing i2c.o(i.I2CEngine), (48 bytes).
    Removing i2c.o(i.I2CInit), (84 bytes).
    Removing i2c.o(i.I2CStart), (44 bytes).
    Removing i2c.o(i.I2CStop), (24 bytes).
    Removing i2c.o(.bss), (32 bytes).
    Removing i2c.o(.data), (4 bytes).
    Removing i2c.o(.data), (4 bytes).
    Removing i2c.o(.data), (4 bytes).
    Removing uda1380.o(.rev16_text), (4 bytes).
    Removing uda1380.o(.revsh_text), (4 bytes).
    Removing uda1380.o(i.UDA1380_vfAudioInit), (136 bytes).
    Removing uda1380.o(i.uda1380_CodecInit), (272 bytes).
    Removing rdb1768_audio.o(.rev16_text), (4 bytes).
    Removing rdb1768_audio.o(.revsh_text), (4 bytes).
    Removing rdb1768_audio.o(i.vF_I2C_ClearBuffer), (20 bytes).
    Removing rdb1768_audio.o(i.vfAudioInit), (4 bytes).
    Removing rdb1768_audio.o(.data), (4 bytes).
    Removing rdb1768_audio.o(.data), (4 bytes).

74 unused section(s) (total 10444 bytes) removed from the image.

==============================================================================

Image Symbol Table

    Local Symbols

    Symbol Name                              Value     Ov Type        Size  Object(Section)

    RESET                                    0x00000000   Section      204  startup_lpc17xx.o(RESET)
    ../clib/angel/boardlib.s                 0x00000000   Number         0  boardshut.o ABSOLUTE
    ../clib/angel/boardlib.s                 0x00000000   Number         0  boardinit1.o ABSOLUTE
    ../clib/angel/boardlib.s                 0x00000000   Number         0  boardinit3.o ABSOLUTE
    ../clib/angel/boardlib.s                 0x00000000   Number         0  boardinit2.o ABSOLUTE
    ../clib/angel/dczerorl.s                 0x00000000   Number         0  __dczerorl.o ABSOLUTE
    ../clib/angel/handlers.s                 0x00000000   Number         0  __scatter_zi.o ABSOLUTE
    ../clib/angel/kernel.s                   0x00000000   Number         0  __rtentry.o ABSOLUTE
    ../clib/angel/kernel.s                   0x00000000   Number         0  __rtentry2.o ABSOLUTE
    ../clib/angel/kernel.s                   0x00000000   Number         0  __rtentry4.o ABSOLUTE
    ../clib/angel/kernel.s                   0x00000000   Number         0  rtexit2.o ABSOLUTE
    ../clib/angel/kernel.s                   0x00000000   Number         0  rtexit.o ABSOLUTE
    ../clib/angel/rt.s                       0x00000000   Number         0  rt_raise.o ABSOLUTE
    ../clib/angel/rt.s                       0x00000000   Number         0  rt_errno_addr_intlibspace.o ABSOLUTE
    ../clib/angel/rt.s                       0x00000000   Number         0  rt_errno_addr.o ABSOLUTE
    ../clib/angel/scatter.s                  0x00000000   Number         0  __scatter.o ABSOLUTE
    ../clib/angel/startup.s                  0x00000000   Number         0  __main.o ABSOLUTE
    ../clib/angel/sys.s                      0x00000000   Number         0  indicate_semi.o ABSOLUTE
    ../clib/angel/sys.s                      0x00000000   Number         0  use_no_semi.o ABSOLUTE
    ../clib/angel/sys.s                      0x00000000   Number         0  sys_stackheap_outer.o ABSOLUTE
    ../clib/angel/sys.s                      0x00000000   Number         0  libspace.o ABSOLUTE
    ../clib/angel/sysapp.c                   0x00000000   Number         0  sys_exit.o ABSOLUTE
    ../clib/angel/sysapp.c                   0x00000000   Number         0  sys_command.o ABSOLUTE
    ../clib/angel/sysapp.c                   0x00000000   Number         0  sys_wrch.o ABSOLUTE
    ../clib/armsys.c                         0x00000000   Number         0  no_argv.o ABSOLUTE
    ../clib/armsys.c                         0x00000000   Number         0  _get_argv_nomalloc.o ABSOLUTE
    ../clib/armsys.c                         0x00000000   Number         0  argv_veneer.o ABSOLUTE
    ../clib/armsys.c                         0x00000000   Number         0  argv_veneer.o ABSOLUTE
    ../clib/fenv.c                           0x00000000   Number         0  _rserrno.o ABSOLUTE
    ../clib/heapalloc.c                      0x00000000   Number         0  hrguard.o ABSOLUTE
    ../clib/heapaux.c                        0x00000000   Number         0  heapauxi.o ABSOLUTE
    ../clib/libinit.s                        0x00000000   Number         0  libshutdown2.o ABSOLUTE
    ../clib/libinit.s                        0x00000000   Number         0  libshutdown.o ABSOLUTE
    ../clib/libinit.s                        0x00000000   Number         0  libinit2.o ABSOLUTE
    ../clib/libinit.s                        0x00000000   Number         0  libinit.o ABSOLUTE
    ../clib/memcpset.s                       0x00000000   Number         0  strcmpv7m.o ABSOLUTE
    ../clib/memcpset.s                       0x00000000   Number         0  rt_memcpy_w.o ABSOLUTE
    ../clib/memcpset.s                       0x00000000   Number         0  rt_memcpy_v6.o ABSOLUTE
    ../clib/signal.c                         0x00000000   Number         0  defsig_rtred_inner.o ABSOLUTE
    ../clib/signal.c                         0x00000000   Number         0  defsig_exit.o ABSOLUTE
    ../clib/signal.c                         0x00000000   Number         0  defsig_rtmem_formal.o ABSOLUTE
    ../clib/signal.c                         0x00000000   Number         0  defsig_rtmem_outer.o ABSOLUTE
    ../clib/signal.c                         0x00000000   Number         0  defsig_other.o ABSOLUTE
    ../clib/signal.c                         0x00000000   Number         0  defsig_segv_inner.o ABSOLUTE
    ../clib/signal.c                         0x00000000   Number         0  defsig_cppl_inner.o ABSOLUTE
    ../clib/signal.c                         0x00000000   Number         0  defsig_pvfn_inner.o ABSOLUTE
    ../clib/signal.c                         0x00000000   Number         0  defsig_stak_inner.o ABSOLUTE
    ../clib/signal.c                         0x00000000   Number         0  defsig_fpe_inner.o ABSOLUTE
    ../clib/signal.c                         0x00000000   Number         0  defsig_abrt_inner.o ABSOLUTE
    ../clib/signal.c                         0x00000000   Number         0  defsig_general.o ABSOLUTE
    ../clib/signal.c                         0x00000000   Number         0  __raise.o ABSOLUTE
    ../clib/signal.c                         0x00000000   Number         0  defsig_rtmem_inner.o ABSOLUTE
    ../clib/signal.s                         0x00000000   Number         0  defsig.o ABSOLUTE
    ../clib/stdlib.c                         0x00000000   Number         0  exit.o ABSOLUTE
    ../clib/string.c                         0x00000000   Number         0  strcpy.o ABSOLUTE
    ../fplib/daddsub.s                       0x00000000   Number         0  daddsub_clz.o ABSOLUTE
    ../fplib/dcheck1.s                       0x00000000   Number         0  dcheck1.o ABSOLUTE
    ../fplib/dcmpi.s                         0x00000000   Number         0  dcmpi.o ABSOLUTE
    ../fplib/ddiv.s                          0x00000000   Number         0  ddiv.o ABSOLUTE
    ../fplib/dfix.s                          0x00000000   Number         0  dfix.o ABSOLUTE
    ../fplib/dflt.s                          0x00000000   Number         0  dflt_clz.o ABSOLUTE
    ../fplib/dleqf.s                         0x00000000   Number         0  dleqf.o ABSOLUTE
    ../fplib/dmul.s                          0x00000000   Number         0  dmul.o ABSOLUTE
    ../fplib/dnaninf.s                       0x00000000   Number         0  dnaninf.o ABSOLUTE
    ../fplib/dretinf.s                       0x00000000   Number         0  dretinf.o ABSOLUTE
    ../fplib/drleqf.s                        0x00000000   Number         0  drleqf.o ABSOLUTE
    ../fplib/dsqrt.s                         0x00000000   Number         0  dsqrt_noumaal.o ABSOLUTE
    ../fplib/faddsub.s                       0x00000000   Number         0  faddsub_clz.o ABSOLUTE
    ../fplib/fcmpi.s                         0x00000000   Number         0  fcmpi.o ABSOLUTE
    ../fplib/fdiv.s                          0x00000000   Number         0  fdiv.o ABSOLUTE
    ../fplib/ffixu.s                         0x00000000   Number         0  ffixu.o ABSOLUTE
    ../fplib/fflt.s                          0x00000000   Number         0  fflt_clz.o ABSOLUTE
    ../fplib/fleqf.s                         0x00000000   Number         0  fleqf.o ABSOLUTE
    ../fplib/fmul.s                          0x00000000   Number         0  fmul.o ABSOLUTE
    ../fplib/fnaninf.s                       0x00000000   Number         0  fnaninf.o ABSOLUTE
    ../fplib/fpinit.s                        0x00000000   Number         0  fpinit.o ABSOLUTE
    ../fplib/fretinf.s                       0x00000000   Number         0  fretinf.o ABSOLUTE
    ../fplib/retnan.s                        0x00000000   Number         0  retnan.o ABSOLUTE
    ../fplib/scalbn.s                        0x00000000   Number         0  scalbn.o ABSOLUTE
    ../fplib/trapv.s                         0x00000000   Number         0  trapv.o ABSOLUTE
    ../fplib/usenofp.s                       0x00000000   Number         0  usenofp.o ABSOLUTE
    ../mathlib/dunder.c                      0x00000000   Number         0  dunder.o ABSOLUTE
    ../mathlib/fpclassify.c                  0x00000000   Number         0  fpclassify.o ABSOLUTE
    ../mathlib/poly.c                        0x00000000   Number         0  poly.o ABSOLUTE
    ../mathlib/pow.c                         0x00000000   Number         0  pow_x.o ABSOLUTE
    ../mathlib/pow.c                         0x00000000   Number         0  pow.o ABSOLUTE
    ../mathlib/qnan.c                        0x00000000   Number         0  qnan.o ABSOLUTE
    ../mathlib/sqrt.c                        0x00000000   Number         0  sqrt_x.o ABSOLUTE
    ../mathlib/sqrt.c                        0x00000000   Number         0  sqrt.o ABSOLUTE
    LIBS\AsciiLib.c                          0x00000000   Number         0  asciilib_1.o ABSOLUTE
    LIBS\File_Config.c                       0x00000000   Number         0  file_config_1.o ABSOLUTE
    LIBS\Timing.c                            0x00000000   Number         0  timing_1.o ABSOLUTE
    LIBS\\Timing.c                           0x00000000   Number         0  timing_1.o ABSOLUTE
    LIBS\\gpio.c                             0x00000000   Number         0  gpio_1.o ABSOLUTE
    LIBS\\sdcard.c                           0x00000000   Number         0  sdcard_1.o ABSOLUTE
    LIBS\\spi.c                              0x00000000   Number         0  spi_1.o ABSOLUTE
    LIBS\\system_LPC17xx.c                   0x00000000   Number         0  system_lpc17xx_1.o ABSOLUTE
    LIBS\fat32.c                             0x00000000   Number         0  fat32_1.o ABSOLUTE
    LIBS\gpio.c                              0x00000000   Number         0  gpio_1.o ABSOLUTE
    LIBS\sdcard.c                            0x00000000   Number         0  sdcard_1.o ABSOLUTE
    LIBS\spi.c                               0x00000000   Number         0  spi_1.o ABSOLUTE
    LIBS\system_LPC17xx.c                    0x00000000   Number         0  system_lpc17xx_1.o ABSOLUTE
    RDB1768_AUDIO.c                          0x00000000   Number         0  rdb1768_audio.o ABSOLUTE
    RDB1768_AUDIO.c                          0x00000000   Number         0  rdb1768_audio.o ABSOLUTE
    dc.s                                     0x00000000   Number         0  dc.o ABSOLUTE
    i2c.c                                    0x00000000   Number         0  i2c.o ABSOLUTE
    i2c.c                                    0x00000000   Number         0  i2c.o ABSOLUTE
    main.c                                   0x00000000   Number         0  main.o ABSOLUTE
    main.c                                   0x00000000   Number         0  main.o ABSOLUTE
    startup_LPC17xx.s                        0x00000000   Number         0  startup_lpc17xx.o ABSOLUTE
    uda1380.c                                0x00000000   Number         0  uda1380.o ABSOLUTE
    uda1380.c                                0x00000000   Number         0  uda1380.o ABSOLUTE
    !!!main                                  0x000000cc   Section        8  __main.o(!!!main)
    !!!scatter                               0x000000d4   Section       52  __scatter.o(!!!scatter)
    !!dczerorl                               0x00000108   Section       58  __dczerorl.o(!!dczerorl)
    !!handler_zi                             0x00000144   Section       28  __scatter_zi.o(!!handler_zi)
    .ARM.Collect$$libinit$$00000000          0x00000160   Section        2  libinit.o(.ARM.Collect$$libinit$$00000000)
    .ARM.Collect$$libinit$$00000002          0x00000162   Section        0  libinit2.o(.ARM.Collect$$libinit$$00000002)
    .ARM.Collect$$libinit$$00000004          0x00000162   Section        0  libinit2.o(.ARM.Collect$$libinit$$00000004)
    .ARM.Collect$$libinit$$0000000A          0x00000162   Section        0  libinit2.o(.ARM.Collect$$libinit$$0000000A)
    .ARM.Collect$$libinit$$0000000C          0x00000162   Section        0  libinit2.o(.ARM.Collect$$libinit$$0000000C)
    .ARM.Collect$$libinit$$0000000E          0x00000162   Section        0  libinit2.o(.ARM.Collect$$libinit$$0000000E)
    .ARM.Collect$$libinit$$00000011          0x00000162   Section        0  libinit2.o(.ARM.Collect$$libinit$$00000011)
    .ARM.Collect$$libinit$$00000013          0x00000162   Section        0  libinit2.o(.ARM.Collect$$libinit$$00000013)
    .ARM.Collect$$libinit$$00000015          0x00000162   Section        0  libinit2.o(.ARM.Collect$$libinit$$00000015)
    .ARM.Collect$$libinit$$00000017          0x00000162   Section        0  libinit2.o(.ARM.Collect$$libinit$$00000017)
    .ARM.Collect$$libinit$$00000019          0x00000162   Section        0  libinit2.o(.ARM.Collect$$libinit$$00000019)
    .ARM.Collect$$libinit$$0000001B          0x00000162   Section        0  libinit2.o(.ARM.Collect$$libinit$$0000001B)
    .ARM.Collect$$libinit$$0000001D          0x00000162   Section        0  libinit2.o(.ARM.Collect$$libinit$$0000001D)
    .ARM.Collect$$libinit$$0000001F          0x00000162   Section        0  libinit2.o(.ARM.Collect$$libinit$$0000001F)
    .ARM.Collect$$libinit$$00000021          0x00000162   Section        0  libinit2.o(.ARM.Collect$$libinit$$00000021)
    .ARM.Collect$$libinit$$00000023          0x00000162   Section        0  libinit2.o(.ARM.Collect$$libinit$$00000023)
    .ARM.Collect$$libinit$$00000025          0x00000162   Section        0  libinit2.o(.ARM.Collect$$libinit$$00000025)
    .ARM.Collect$$libinit$$0000002C          0x00000162   Section        0  libinit2.o(.ARM.Collect$$libinit$$0000002C)
    .ARM.Collect$$libinit$$0000002E          0x00000162   Section        0  libinit2.o(.ARM.Collect$$libinit$$0000002E)
    .ARM.Collect$$libinit$$00000030          0x00000162   Section        0  libinit2.o(.ARM.Collect$$libinit$$00000030)
    .ARM.Collect$$libinit$$00000032          0x00000162   Section        0  libinit2.o(.ARM.Collect$$libinit$$00000032)
    .ARM.Collect$$libinit$$00000033          0x00000162   Section        2  libinit2.o(.ARM.Collect$$libinit$$00000033)
    .ARM.Collect$$libshutdown$$00000000      0x00000164   Section        2  libshutdown.o(.ARM.Collect$$libshutdown$$00000000)
    .ARM.Collect$$libshutdown$$00000003      0x00000166   Section        0  libshutdown2.o(.ARM.Collect$$libshutdown$$00000003)
    .ARM.Collect$$libshutdown$$00000006      0x00000166   Section        0  libshutdown2.o(.ARM.Collect$$libshutdown$$00000006)
    .ARM.Collect$$libshutdown$$00000009      0x00000166   Section        0  libshutdown2.o(.ARM.Collect$$libshutdown$$00000009)
    .ARM.Collect$$libshutdown$$0000000B      0x00000166   Section        0  libshutdown2.o(.ARM.Collect$$libshutdown$$0000000B)
    .ARM.Collect$$libshutdown$$0000000E      0x00000166   Section        0  libshutdown2.o(.ARM.Collect$$libshutdown$$0000000E)
    .ARM.Collect$$libshutdown$$0000000F      0x00000166   Section        2  libshutdown2.o(.ARM.Collect$$libshutdown$$0000000F)
    .ARM.Collect$$rtentry$$00000000          0x00000168   Section        0  __rtentry.o(.ARM.Collect$$rtentry$$00000000)
    .ARM.Collect$$rtentry$$00000002          0x00000168   Section        0  __rtentry2.o(.ARM.Collect$$rtentry$$00000002)
    .ARM.Collect$$rtentry$$00000004          0x00000168   Section        6  __rtentry4.o(.ARM.Collect$$rtentry$$00000004)
    .ARM.Collect$$rtentry$$00000009          0x0000016e   Section        0  __rtentry2.o(.ARM.Collect$$rtentry$$00000009)
    .ARM.Collect$$rtentry$$0000000A          0x0000016e   Section        4  __rtentry2.o(.ARM.Collect$$rtentry$$0000000A)
    .ARM.Collect$$rtentry$$0000000C          0x00000172   Section        0  __rtentry2.o(.ARM.Collect$$rtentry$$0000000C)
    .ARM.Collect$$rtentry$$0000000D          0x00000172   Section        8  __rtentry2.o(.ARM.Collect$$rtentry$$0000000D)
    .ARM.Collect$$rtexit$$00000000           0x0000017a   Section        2  rtexit.o(.ARM.Collect$$rtexit$$00000000)
    .ARM.Collect$$rtexit$$00000002           0x0000017c   Section        0  rtexit2.o(.ARM.Collect$$rtexit$$00000002)
    .ARM.Collect$$rtexit$$00000003           0x0000017c   Section        4  rtexit2.o(.ARM.Collect$$rtexit$$00000003)
    .ARM.Collect$$rtexit$$00000004           0x00000180   Section        6  rtexit2.o(.ARM.Collect$$rtexit$$00000004)
    .text                                    0x00000188   Section       52  startup_lpc17xx.o(.text)
    .text                                    0x000001bc   Section        0  strcpy.o(.text)
    .text                                    0x00000204   Section        0  heapauxi.o(.text)
    .text                                    0x0000020c   Section        8  libspace.o(.text)
    .text                                    0x00000214   Section       74  sys_stackheap_outer.o(.text)
    .text                                    0x0000025e   Section        0  exit.o(.text)
    .text                                    0x0000026c   Section        0  sys_exit.o(.text)
    .text                                    0x00000278   Section        2  use_no_semi.o(.text)
    .text                                    0x0000027a   Section        0  indicate_semi.o(.text)
    i.DELAY_ms                               0x0000027a   Section        0  timing_1.o(i.DELAY_ms)
    i.DELAY_us                               0x00000294   Section        0  timing_1.o(i.DELAY_us)
    i.FILE_Close                             0x000002a8   Section        0  fat32_1.o(i.FILE_Close)
    i.GPIO_PinWrite                          0x000002b4   Section        0  gpio_1.o(i.GPIO_PinWrite)
    i.I2S_IRQHandler                         0x000002e0   Section        0  rdb1768_audio.o(i.I2S_IRQHandler)
    i.InitializeDAC                          0x000002e4   Section        0  main.o(i.InitializeDAC)
    .ARM.__at_0x02FC                         0x000002fc   Section        4  startup_lpc17xx.o(.ARM.__at_0x02FC)
    i.DMA_IRQHandler                         0x00000300   Section        0  main.o(i.DMA_IRQHandler)
    i.DMA_Init                               0x00000378   Section        0  main.o(i.DMA_Init)
    i.FILE_GetCh                             0x00000448   Section        0  fat32_1.o(i.FILE_GetCh)
    i.FILE_Open                              0x000004c4   Section        0  fat32_1.o(i.FILE_Open)
    i.I2C0_IRQHandler                        0x00000650   Section        0  i2c.o(i.I2C0_IRQHandler)
    i.InitializeGPIO                         0x00000734   Section        0  main.o(i.InitializeGPIO)
    i.InitializeTimer                        0x00000768   Section        0  main.o(i.InitializeTimer)
    i.NVIC_EnableIRQ                         0x000007c8   Section        0  main.o(i.NVIC_EnableIRQ)
    NVIC_EnableIRQ                           0x000007c9   Thumb Code    22  main.o(i.NVIC_EnableIRQ)
    i.SD_Init                                0x000007de   Section        0  sdcard_1.o(i.SD_Init)
    i.SD_readSingleBlock                     0x00000802   Section        0  sdcard_1.o(i.SD_readSingleBlock)
    i.SD_sendCommand                         0x0000086c   Section        0  sdcard_1.o(i.SD_sendCommand)
    i.SD_writeSingleBlock                    0x00000924   Section        0  sdcard_1.o(i.SD_writeSingleBlock)
    i.SPI_Init                               0x000009dc   Section        0  spi_1.o(i.SPI_Init)
    i.SPI_Read                               0x00000a70   Section        0  spi_1.o(i.SPI_Read)
    i.SPI_Write                              0x00000a90   Section        0  spi_1.o(i.SPI_Write)
    i.SystemInit                             0x00000aac   Section        0  system_lpc17xx_1.o(i.SystemInit)
    i.TIMER0_IRQHandler                      0x00000b68   Section        0  main.o(i.TIMER0_IRQHandler)
    i.TIMER1_IRQHandler                      0x00000c00   Section        0  main.o(i.TIMER1_IRQHandler)
    i.Timing_InitializeTimer                 0x00000c34   Section        0  timing_1.o(i.Timing_InitializeTimer)
    i.Timing_WaitUs                          0x00000cc0   Section        0  timing_1.o(i.Timing_WaitUs)
    i.UDA1380_I2S_IRQHandler                 0x00000cf4   Section        0  uda1380.o(i.UDA1380_I2S_IRQHandler)
    i.convertFileName                        0x00000d38   Section        0  fat32_1.o(i.convertFileName)
    i.convert_to_words                       0x00000db4   Section        0  main.o(i.convert_to_words)
    i.distance_value                         0x00001060   Section        0  main.o(i.distance_value)
    i.error_no_objekt                        0x000010a0   Section        0  main.o(i.error_no_objekt)
    i.extract_DataBySize                     0x000010c0   Section        0  fat32_1.o(i.extract_DataBySize)
    i.getBootSectorData                      0x000010dc   Section        0  fat32_1.o(i.getBootSectorData)
    i.getFirstSector                         0x000011c0   Section        0  fat32_1.o(i.getFirstSector)
    i.getPrescalarForUs                      0x000011d4   Section        0  timing_1.o(i.getPrescalarForUs)
    i.getSetFreeCluster                      0x00001218   Section        0  fat32_1.o(i.getSetFreeCluster)
    i.getSetNextCluster                      0x0000126c   Section        0  fat32_1.o(i.getSetNextCluster)
    i.init_SdCard                            0x000012cc   Section        0  sdcard_1.o(i.init_SdCard)
    i.main                                   0x000013a8   Section        0  main.o(i.main)
    i.openFile                               0x00001424   Section        0  fat32_1.o(i.openFile)
    i.playWavFile                            0x00001510   Section        0  main.o(i.playWavFile)
    i.searchNextFreeCluster                  0x00001664   Section        0  fat32_1.o(i.searchNextFreeCluster)
    x$fpl$fadd                               0x000016b0   Section      196  faddsub_clz.o(x$fpl$fadd)
    _fadd1                                   0x000016bf   Thumb Code     0  faddsub_clz.o(x$fpl$fadd)
    x$fpl$fcmpinf                            0x00001774   Section       24  fcmpi.o(x$fpl$fcmpinf)
    x$fpl$fdiv                               0x0000178c   Section      388  fdiv.o(x$fpl$fdiv)
    _fdiv1                                   0x0000178d   Thumb Code     0  fdiv.o(x$fpl$fdiv)
    x$fpl$ffixu                              0x00001910   Section       62  ffixu.o(x$fpl$ffixu)
    x$fpl$ffltu                              0x00001950   Section       38  fflt_clz.o(x$fpl$ffltu)
    x$fpl$fleqf                              0x00001978   Section      104  fleqf.o(x$fpl$fleqf)
    x$fpl$fmul                               0x000019e0   Section      258  fmul.o(x$fpl$fmul)
    x$fpl$fnaninf                            0x00001ae2   Section      140  fnaninf.o(x$fpl$fnaninf)
    x$fpl$fretinf                            0x00001b6e   Section       10  fretinf.o(x$fpl$fretinf)
    x$fpl$fsub                               0x00001b78   Section      234  faddsub_clz.o(x$fpl$fsub)
    _fsub1                                   0x00001b87   Thumb Code     0  faddsub_clz.o(x$fpl$fsub)
    x$fpl$usenofp                            0x00001c62   Section        0  usenofp.o(x$fpl$usenofp)
    .conststring                             0x00001c64   Section      374  main.o(.conststring)
    .data                                    0x10000000   Section      244  main.o(.data)
    .data                                    0x100000f4   Section       40  fat32_1.o(.data)
    i                                        0x100000f6   Data           2  fat32_1.o(.data)
    clusterNumber                            0x10000100   Data           4  fat32_1.o(.data)
    sectorNumber                             0x10000104   Data           4  fat32_1.o(.data)
    firstSectorIndex                         0x10000108   Data           4  fat32_1.o(.data)
    .data                                    0x1000011c   Section        1  sdcard_1.o(.data)
    .data                                    0x1000011d   Section        1  spi_1.o(.data)
    .data                                    0x10000120   Section        4  system_lpc17xx_1.o(.data)
    .data                                    0x10000124   Section        4  timing_1.o(.data)
    .data                                    0x10000128   Section       24  i2c.o(.data)
    .data                                    0x10000140   Section        8  uda1380.o(.data)
    .data                                    0x10000148   Section        8  rdb1768_audio.o(.data)
    .bss                                     0x10000150   Section     1084  main.o(.bss)
    .bss                                     0x1000058c   Section     1664  fat32_1.o(.bss)
    .bss                                     0x10000c0c   Section       32  i2c.o(.bss)
    .bss                                     0x10000c2c   Section       96  libspace.o(.bss)
    HEAP                                     0x10000c90   Section        0  startup_lpc17xx.o(HEAP)
    STACK                                    0x10000c90   Section      512  startup_lpc17xx.o(STACK)
    Heap_Mem                                 0x10000c90   Data           0  startup_lpc17xx.o(HEAP)
    Stack_Mem                                0x10000c90   Data         512  startup_lpc17xx.o(STACK)
    __initial_sp                             0x10000e90   Data           0  startup_lpc17xx.o(STACK)

    Global Symbols

    Symbol Name                              Value     Ov Type        Size  Object(Section)

    BuildAttributes$$THM_ISAv4$P$D$K$B$S$PE$A:L22UL41UL21$X:L11$S22US41US21$IEEE1$IW$USESV6$~STKCKD$USESV7$~SHL$OTIME$ROPI$IEEEX$EBA8$UX$STANDARDLIB$REQ8$PRES8$EABIv2 0x00000000   Number         0  anon$$obj.o ABSOLUTE
    __ARM_use_no_argv                        0x00000000   Number         0  main.o ABSOLUTE
    __Vectors                                0x00000000   Data           4  startup_lpc17xx.o(RESET)
    __ARM_exceptions_init                     - Undefined Weak Reference
    __alloca_initialize                       - Undefined Weak Reference
    __arm_preinit_                            - Undefined Weak Reference
    __cpp_initialize__aeabi_                  - Undefined Weak Reference
    __cxa_finalize                            - Undefined Weak Reference
    __rt_locale                               - Undefined Weak Reference
    __sigvec_lookup                           - Undefined Weak Reference
    _atexit_init                              - Undefined Weak Reference
    _call_atexit_fns                          - Undefined Weak Reference
    _clock_init                               - Undefined Weak Reference
    _fp_trap_init                             - Undefined Weak Reference
    _fp_trap_shutdown                         - Undefined Weak Reference
    _get_lc_collate                           - Undefined Weak Reference
    _get_lc_ctype                             - Undefined Weak Reference
    _get_lc_monetary                          - Undefined Weak Reference
    _get_lc_numeric                           - Undefined Weak Reference
    _get_lc_time                              - Undefined Weak Reference
    _getenv_init                              - Undefined Weak Reference
    _handle_redirection                       - Undefined Weak Reference
    _init_alloc                               - Undefined Weak Reference
    _init_user_alloc                          - Undefined Weak Reference
    _initio                                   - Undefined Weak Reference
    _rand_init                                - Undefined Weak Reference
    _signal_finish                            - Undefined Weak Reference
    _signal_init                              - Undefined Weak Reference
    _terminate_alloc                          - Undefined Weak Reference
    _terminate_user_alloc                     - Undefined Weak Reference
    _terminateio                              - Undefined Weak Reference
    __main                                   0x000000cd   Thumb Code     8  __main.o(!!!main)
    __scatterload                            0x000000d5   Thumb Code     0  __scatter.o(!!!scatter)
    __scatterload_rt2                        0x000000d5   Thumb Code    44  __scatter.o(!!!scatter)
    __scatterload_rt2_thumb_only             0x000000d5   Thumb Code     0  __scatter.o(!!!scatter)
    __scatterload_null                       0x000000e3   Thumb Code     0  __scatter.o(!!!scatter)
    __decompress                             0x00000109   Thumb Code    58  __dczerorl.o(!!dczerorl)
    __decompress0                            0x00000109   Thumb Code     0  __dczerorl.o(!!dczerorl)
    __scatterload_zeroinit                   0x00000145   Thumb Code    28  __scatter_zi.o(!!handler_zi)
    __rt_lib_init                            0x00000161   Thumb Code     0  libinit.o(.ARM.Collect$$libinit$$00000000)
    __rt_lib_init_alloca_1                   0x00000163   Thumb Code     0  libinit2.o(.ARM.Collect$$libinit$$0000002E)
    __rt_lib_init_argv_1                     0x00000163   Thumb Code     0  libinit2.o(.ARM.Collect$$libinit$$0000002C)
    __rt_lib_init_atexit_1                   0x00000163   Thumb Code     0  libinit2.o(.ARM.Collect$$libinit$$0000001B)
    __rt_lib_init_clock_1                    0x00000163   Thumb Code     0  libinit2.o(.ARM.Collect$$libinit$$00000021)
    __rt_lib_init_cpp_1                      0x00000163   Thumb Code     0  libinit2.o(.ARM.Collect$$libinit$$00000032)
    __rt_lib_init_exceptions_1               0x00000163   Thumb Code     0  libinit2.o(.ARM.Collect$$libinit$$00000030)
    __rt_lib_init_fp_1                       0x00000163   Thumb Code     0  libinit2.o(.ARM.Collect$$libinit$$00000002)
    __rt_lib_init_fp_trap_1                  0x00000163   Thumb Code     0  libinit2.o(.ARM.Collect$$libinit$$0000001F)
    __rt_lib_init_getenv_1                   0x00000163   Thumb Code     0  libinit2.o(.ARM.Collect$$libinit$$00000023)
    __rt_lib_init_heap_1                     0x00000163   Thumb Code     0  libinit2.o(.ARM.Collect$$libinit$$0000000A)
    __rt_lib_init_lc_collate_1               0x00000163   Thumb Code     0  libinit2.o(.ARM.Collect$$libinit$$00000011)
    __rt_lib_init_lc_ctype_1                 0x00000163   Thumb Code     0  libinit2.o(.ARM.Collect$$libinit$$00000013)
    __rt_lib_init_lc_monetary_1              0x00000163   Thumb Code     0  libinit2.o(.ARM.Collect$$libinit$$00000015)
    __rt_lib_init_lc_numeric_1               0x00000163   Thumb Code     0  libinit2.o(.ARM.Collect$$libinit$$00000017)
    __rt_lib_init_lc_time_1                  0x00000163   Thumb Code     0  libinit2.o(.ARM.Collect$$libinit$$00000019)
    __rt_lib_init_preinit_1                  0x00000163   Thumb Code     0  libinit2.o(.ARM.Collect$$libinit$$00000004)
    __rt_lib_init_rand_1                     0x00000163   Thumb Code     0  libinit2.o(.ARM.Collect$$libinit$$0000000E)
    __rt_lib_init_return                     0x00000163   Thumb Code     0  libinit2.o(.ARM.Collect$$libinit$$00000033)
    __rt_lib_init_signal_1                   0x00000163   Thumb Code     0  libinit2.o(.ARM.Collect$$libinit$$0000001D)
    __rt_lib_init_stdio_1                    0x00000163   Thumb Code     0  libinit2.o(.ARM.Collect$$libinit$$00000025)
    __rt_lib_init_user_alloc_1               0x00000163   Thumb Code     0  libinit2.o(.ARM.Collect$$libinit$$0000000C)
    __rt_lib_shutdown                        0x00000165   Thumb Code     0  libshutdown.o(.ARM.Collect$$libshutdown$$00000000)
    __rt_lib_shutdown_fp_trap_1              0x00000167   Thumb Code     0  libshutdown2.o(.ARM.Collect$$libshutdown$$00000006)
    __rt_lib_shutdown_heap_1                 0x00000167   Thumb Code     0  libshutdown2.o(.ARM.Collect$$libshutdown$$0000000E)
    __rt_lib_shutdown_return                 0x00000167   Thumb Code     0  libshutdown2.o(.ARM.Collect$$libshutdown$$0000000F)
    __rt_lib_shutdown_signal_1               0x00000167   Thumb Code     0  libshutdown2.o(.ARM.Collect$$libshutdown$$00000009)
    __rt_lib_shutdown_stdio_1                0x00000167   Thumb Code     0  libshutdown2.o(.ARM.Collect$$libshutdown$$00000003)
    __rt_lib_shutdown_user_alloc_1           0x00000167   Thumb Code     0  libshutdown2.o(.ARM.Collect$$libshutdown$$0000000B)
    __rt_entry                               0x00000169   Thumb Code     0  __rtentry.o(.ARM.Collect$$rtentry$$00000000)
    __rt_entry_presh_1                       0x00000169   Thumb Code     0  __rtentry2.o(.ARM.Collect$$rtentry$$00000002)
    __rt_entry_sh                            0x00000169   Thumb Code     0  __rtentry4.o(.ARM.Collect$$rtentry$$00000004)
    __rt_entry_li                            0x0000016f   Thumb Code     0  __rtentry2.o(.ARM.Collect$$rtentry$$0000000A)
    __rt_entry_postsh_1                      0x0000016f   Thumb Code     0  __rtentry2.o(.ARM.Collect$$rtentry$$00000009)
    __rt_entry_main                          0x00000173   Thumb Code     0  __rtentry2.o(.ARM.Collect$$rtentry$$0000000D)
    __rt_entry_postli_1                      0x00000173   Thumb Code     0  __rtentry2.o(.ARM.Collect$$rtentry$$0000000C)
    __rt_exit                                0x0000017b   Thumb Code     0  rtexit.o(.ARM.Collect$$rtexit$$00000000)
    __rt_exit_ls                             0x0000017d   Thumb Code     0  rtexit2.o(.ARM.Collect$$rtexit$$00000003)
    __rt_exit_prels_1                        0x0000017d   Thumb Code     0  rtexit2.o(.ARM.Collect$$rtexit$$00000002)
    __rt_exit_exit                           0x00000181   Thumb Code     0  rtexit2.o(.ARM.Collect$$rtexit$$00000004)
    Reset_Handler                            0x00000189   Thumb Code     4  startup_lpc17xx.o(.text)
    NMI_Handler                              0x0000018d   Thumb Code     2  startup_lpc17xx.o(.text)
    HardFault_Handler                        0x0000018f   Thumb Code     2  startup_lpc17xx.o(.text)
    MemManage_Handler                        0x00000191   Thumb Code     2  startup_lpc17xx.o(.text)
    BusFault_Handler                         0x00000193   Thumb Code     2  startup_lpc17xx.o(.text)
    UsageFault_Handler                       0x00000195   Thumb Code     2  startup_lpc17xx.o(.text)
    SVC_Handler                              0x00000197   Thumb Code     2  startup_lpc17xx.o(.text)
    DebugMon_Handler                         0x00000199   Thumb Code     2  startup_lpc17xx.o(.text)
    PendSV_Handler                           0x0000019b   Thumb Code     2  startup_lpc17xx.o(.text)
    SysTick_Handler                          0x0000019d   Thumb Code     2  startup_lpc17xx.o(.text)
    ADC_IRQHandler                           0x0000019f   Thumb Code     0  startup_lpc17xx.o(.text)
    BOD_IRQHandler                           0x0000019f   Thumb Code     0  startup_lpc17xx.o(.text)
    CANActivity_IRQHandler                   0x0000019f   Thumb Code     0  startup_lpc17xx.o(.text)
    CAN_IRQHandler                           0x0000019f   Thumb Code     0  startup_lpc17xx.o(.text)
    EINT0_IRQHandler                         0x0000019f   Thumb Code     0  startup_lpc17xx.o(.text)
    EINT1_IRQHandler                         0x0000019f   Thumb Code     0  startup_lpc17xx.o(.text)
    EINT2_IRQHandler                         0x0000019f   Thumb Code     0  startup_lpc17xx.o(.text)
    EINT3_IRQHandler                         0x0000019f   Thumb Code     0  startup_lpc17xx.o(.text)
    ENET_IRQHandler                          0x0000019f   Thumb Code     0  startup_lpc17xx.o(.text)
    I2C1_IRQHandler                          0x0000019f   Thumb Code     0  startup_lpc17xx.o(.text)
    I2C2_IRQHandler                          0x0000019f   Thumb Code     0  startup_lpc17xx.o(.text)
    MCPWM_IRQHandler                         0x0000019f   Thumb Code     0  startup_lpc17xx.o(.text)
    PLL0_IRQHandler                          0x0000019f   Thumb Code     0  startup_lpc17xx.o(.text)
    PLL1_IRQHandler                          0x0000019f   Thumb Code     0  startup_lpc17xx.o(.text)
    PWM1_IRQHandler                          0x0000019f   Thumb Code     0  startup_lpc17xx.o(.text)
    QEI_IRQHandler                           0x0000019f   Thumb Code     0  startup_lpc17xx.o(.text)
    RIT_IRQHandler                           0x0000019f   Thumb Code     0  startup_lpc17xx.o(.text)
    RTC_IRQHandler                           0x0000019f   Thumb Code     0  startup_lpc17xx.o(.text)
    SPI_IRQHandler                           0x0000019f   Thumb Code     0  startup_lpc17xx.o(.text)
    SSP0_IRQHandler                          0x0000019f   Thumb Code     0  startup_lpc17xx.o(.text)
    SSP1_IRQHandler                          0x0000019f   Thumb Code     0  startup_lpc17xx.o(.text)
    TIMER2_IRQHandler                        0x0000019f   Thumb Code     0  startup_lpc17xx.o(.text)
    TIMER3_IRQHandler                        0x0000019f   Thumb Code     0  startup_lpc17xx.o(.text)
    UART0_IRQHandler                         0x0000019f   Thumb Code     0  startup_lpc17xx.o(.text)
    UART1_IRQHandler                         0x0000019f   Thumb Code     0  startup_lpc17xx.o(.text)
    UART2_IRQHandler                         0x0000019f   Thumb Code     0  startup_lpc17xx.o(.text)
    UART3_IRQHandler                         0x0000019f   Thumb Code     0  startup_lpc17xx.o(.text)
    USBActivity_IRQHandler                   0x0000019f   Thumb Code     0  startup_lpc17xx.o(.text)
    USB_IRQHandler                           0x0000019f   Thumb Code     0  startup_lpc17xx.o(.text)
    WDT_IRQHandler                           0x0000019f   Thumb Code     0  startup_lpc17xx.o(.text)
    __user_initial_stackheap                 0x000001a1   Thumb Code     0  startup_lpc17xx.o(.text)
    strcpy                                   0x000001bd   Thumb Code    72  strcpy.o(.text)
    __use_two_region_memory                  0x00000205   Thumb Code     2  heapauxi.o(.text)
    __rt_heap_escrow$2region                 0x00000207   Thumb Code     2  heapauxi.o(.text)
    __rt_heap_expand$2region                 0x00000209   Thumb Code     2  heapauxi.o(.text)
    __user_libspace                          0x0000020d   Thumb Code     8  libspace.o(.text)
    __user_perproc_libspace                  0x0000020d   Thumb Code     0  libspace.o(.text)
    __user_perthread_libspace                0x0000020d   Thumb Code     0  libspace.o(.text)
    __user_setup_stackheap                   0x00000215   Thumb Code    74  sys_stackheap_outer.o(.text)
    exit                                     0x0000025f   Thumb Code    12  exit.o(.text)
    _sys_exit                                0x0000026d   Thumb Code     8  sys_exit.o(.text)
    __I$use$semihosting                      0x00000279   Thumb Code     0  use_no_semi.o(.text)
    __use_no_semihosting_swi                 0x00000279   Thumb Code     2  use_no_semi.o(.text)
    DELAY_ms                                 0x0000027b   Thumb Code    26  timing_1.o(i.DELAY_ms)
    __semihosting_library_function           0x0000027b   Thumb Code     0  indicate_semi.o(.text)
    DELAY_us                                 0x00000295   Thumb Code    20  timing_1.o(i.DELAY_us)
    FILE_Close                               0x000002a9   Thumb Code    12  fat32_1.o(i.FILE_Close)
    GPIO_PinWrite                            0x000002b5   Thumb Code    40  gpio_1.o(i.GPIO_PinWrite)
    I2S_IRQHandler                           0x000002e1   Thumb Code     4  rdb1768_audio.o(i.I2S_IRQHandler)
    InitializeDAC                            0x000002e5   Thumb Code    20  main.o(i.InitializeDAC)
    DMA_IRQHandler                           0x00000301   Thumb Code   106  main.o(i.DMA_IRQHandler)
    DMA_Init                                 0x00000379   Thumb Code   164  main.o(i.DMA_Init)
    FILE_GetCh                               0x00000449   Thumb Code   120  fat32_1.o(i.FILE_GetCh)
    FILE_Open                                0x000004c5   Thumb Code   386  fat32_1.o(i.FILE_Open)
    I2C0_IRQHandler                          0x00000651   Thumb Code   216  i2c.o(i.I2C0_IRQHandler)
    InitializeGPIO                           0x00000735   Thumb Code    44  main.o(i.InitializeGPIO)
    InitializeTimer                          0x00000769   Thumb Code    86  main.o(i.InitializeTimer)
    SD_Init                                  0x000007df   Thumb Code    36  sdcard_1.o(i.SD_Init)
    SD_readSingleBlock                       0x00000803   Thumb Code   104  sdcard_1.o(i.SD_readSingleBlock)
    SD_sendCommand                           0x0000086d   Thumb Code   178  sdcard_1.o(i.SD_sendCommand)
    SD_writeSingleBlock                      0x00000925   Thumb Code   182  sdcard_1.o(i.SD_writeSingleBlock)
    SPI_Init                                 0x000009dd   Thumb Code   132  spi_1.o(i.SPI_Init)
    SPI_Read                                 0x00000a71   Thumb Code    24  spi_1.o(i.SPI_Read)
    SPI_Write                                0x00000a91   Thumb Code    20  spi_1.o(i.SPI_Write)
    SystemInit                               0x00000aad   Thumb Code   174  system_lpc17xx_1.o(i.SystemInit)
    TIMER0_IRQHandler                        0x00000b69   Thumb Code   138  main.o(i.TIMER0_IRQHandler)
    TIMER1_IRQHandler                        0x00000c01   Thumb Code    44  main.o(i.TIMER1_IRQHandler)
    Timing_InitializeTimer                   0x00000c35   Thumb Code   120  timing_1.o(i.Timing_InitializeTimer)
    Timing_WaitUs                            0x00000cc1   Thumb Code    46  timing_1.o(i.Timing_WaitUs)
    UDA1380_I2S_IRQHandler                   0x00000cf5   Thumb Code    56  uda1380.o(i.UDA1380_I2S_IRQHandler)
    convertFileName                          0x00000d39   Thumb Code   124  fat32_1.o(i.convertFileName)
    convert_to_words                         0x00000db5   Thumb Code   678  main.o(i.convert_to_words)
    distance_value                           0x00001061   Thumb Code    50  main.o(i.distance_value)
    error_no_objekt                          0x000010a1   Thumb Code    18  main.o(i.error_no_objekt)
    extract_DataBySize                       0x000010c1   Thumb Code    28  fat32_1.o(i.extract_DataBySize)
    getBootSectorData                        0x000010dd   Thumb Code   220  fat32_1.o(i.getBootSectorData)
    getFirstSector                           0x000011c1   Thumb Code    14  fat32_1.o(i.getFirstSector)
    getPrescalarForUs                        0x000011d5   Thumb Code    54  timing_1.o(i.getPrescalarForUs)
    getSetFreeCluster                        0x00001219   Thumb Code    66  fat32_1.o(i.getSetFreeCluster)
    getSetNextCluster                        0x0000126d   Thumb Code    90  fat32_1.o(i.getSetNextCluster)
    init_SdCard                              0x000012cd   Thumb Code   216  sdcard_1.o(i.init_SdCard)
    main                                     0x000013a9   Thumb Code    98  main.o(i.main)
    openFile                                 0x00001425   Thumb Code   228  fat32_1.o(i.openFile)
    playWavFile                              0x00001511   Thumb Code   322  main.o(i.playWavFile)
    searchNextFreeCluster                    0x00001665   Thumb Code    70  fat32_1.o(i.searchNextFreeCluster)
    __aeabi_fadd                             0x000016b1   Thumb Code     0  faddsub_clz.o(x$fpl$fadd)
    _fadd                                    0x000016b1   Thumb Code   196  faddsub_clz.o(x$fpl$fadd)
    __fpl_fcmp_Inf                           0x00001775   Thumb Code    24  fcmpi.o(x$fpl$fcmpinf)
    __aeabi_fdiv                             0x0000178d   Thumb Code     0  fdiv.o(x$fpl$fdiv)
    _fdiv                                    0x0000178d   Thumb Code   384  fdiv.o(x$fpl$fdiv)
    __aeabi_f2uiz                            0x00001911   Thumb Code     0  ffixu.o(x$fpl$ffixu)
    _ffixu                                   0x00001911   Thumb Code    62  ffixu.o(x$fpl$ffixu)
    __aeabi_ui2f                             0x00001951   Thumb Code     0  fflt_clz.o(x$fpl$ffltu)
    _ffltu                                   0x00001951   Thumb Code    38  fflt_clz.o(x$fpl$ffltu)
    __aeabi_cfcmple                          0x00001979   Thumb Code     0  fleqf.o(x$fpl$fleqf)
    _fcmple                                  0x00001979   Thumb Code   104  fleqf.o(x$fpl$fleqf)
    __fpl_fcmple_InfNaN                      0x000019cb   Thumb Code     0  fleqf.o(x$fpl$fleqf)
    __aeabi_fmul                             0x000019e1   Thumb Code     0  fmul.o(x$fpl$fmul)
    _fmul                                    0x000019e1   Thumb Code   258  fmul.o(x$fpl$fmul)
    __fpl_fnaninf                            0x00001ae3   Thumb Code   140  fnaninf.o(x$fpl$fnaninf)
    __fpl_fretinf                            0x00001b6f   Thumb Code    10  fretinf.o(x$fpl$fretinf)
    __aeabi_fsub                             0x00001b79   Thumb Code     0  faddsub_clz.o(x$fpl$fsub)
    _fsub                                    0x00001b79   Thumb Code   234  faddsub_clz.o(x$fpl$fsub)
    __I$use$fp                               0x00001c62   Number         0  usenofp.o(x$fpl$usenofp)
    Region$$Table$$Base                      0x00001ddc   Number         0  anon$$obj.o(Region$$Table)
    Region$$Table$$Limit                     0x00001dfc   Number         0  anon$$obj.o(Region$$Table)
    done                                     0x10000000   Data           1  main.o(.data)
    turn                                     0x10000001   Data           1  main.o(.data)
    emptyFlag                                0x10000002   Data           1  main.o(.data)
    returnStatus                             0x10000003   Data           1  main.o(.data)
    sdcardType                               0x10000004   Data           1  main.o(.data)
    ch                                       0x10000005   Data           1  main.o(.data)
    TimeIntervall                            0x10000008   Data           4  main.o(.data)
    new_TimeValue                            0x1000000c   Data           4  main.o(.data)
    old_TimeValue                            0x10000010   Data           4  main.o(.data)
    WavPlayPos                               0x10000014   Data           4  main.o(.data)
    sampleCount                              0x10000018   Data           4  main.o(.data)
    distance                                 0x1000001c   Data           4  main.o(.data)
    centimeter                               0x10000020   Data           4  main.o(.data)
    DMATCCount                               0x10000024   Data           4  main.o(.data)
    DMAErrCount                              0x10000028   Data           4  main.o(.data)
    I2SDMA0Done                              0x1000002c   Data           4  main.o(.data)
    I2SDMA1Done                              0x10000030   Data           4  main.o(.data)
    new_TimeIntervall                        0x10000034   Data           4  main.o(.data)
    restSamples                              0x10000038   Data           4  main.o(.data)
    audioFormat                              0x1000003c   Data           4  main.o(.data)
    numChannels                              0x10000040   Data           4  main.o(.data)
    sampleRate                               0x10000044   Data           4  main.o(.data)
    bitsPerSample                            0x10000048   Data           4  main.o(.data)
    numSamples                               0x1000004c   Data           4  main.o(.data)
    valueSampleCount                         0x10000050   Data           4  main.o(.data)
    srcFilePtr                               0x10000054   Data           4  main.o(.data)
    pist1                                    0x10000058   Data           4  main.o(.data)
    pist2                                    0x1000005c   Data           4  main.o(.data)
    pist3                                    0x10000060   Data           4  main.o(.data)
    pist4                                    0x10000064   Data           4  main.o(.data)
    pist5                                    0x10000068   Data           4  main.o(.data)
    pist6                                    0x1000006c   Data           4  main.o(.data)
    pist7                                    0x10000070   Data           4  main.o(.data)
    tens_power                               0x10000074   Data           8  main.o(.data)
    one_digits                               0x1000007c   Data          40  main.o(.data)
    two_digits                               0x100000a4   Data          40  main.o(.data)
    tens_multiple                            0x100000cc   Data          40  main.o(.data)
    freeClusterCountUpdated                  0x100000f4   Data           1  fat32_1.o(.data)
    bytesPerSector                           0x100000f8   Data           2  fat32_1.o(.data)
    sectorPerCluster                         0x100000fa   Data           2  fat32_1.o(.data)
    reservedSectorCount                      0x100000fc   Data           2  fat32_1.o(.data)
    firstDataSector                          0x1000010c   Data           4  fat32_1.o(.data)
    rootCluster                              0x10000110   Data           4  fat32_1.o(.data)
    totalClusters                            0x10000114   Data           4  fat32_1.o(.data)
    unusedSectors                            0x10000118   Data           4  fat32_1.o(.data)
    V_SdHighcapacityFlag_u8                  0x1000011c   Data           1  sdcard_1.o(.data)
    dummy_u8                                 0x1000011d   Data           1  spi_1.o(.data)
    SystemCoreClock                          0x10000120   Data           4  system_lpc17xx_1.o(.data)
    _timer                                   0x10000124   Data           4  timing_1.o(.data)
    I2CMasterState                           0x10000128   Data           4  i2c.o(.data)
    RdIndex                                  0x1000012c   Data           4  i2c.o(.data)
    WrIndex                                  0x10000130   Data           4  i2c.o(.data)
    I2CCmd                                   0x10000134   Data           4  i2c.o(.data)
    I2CReadLength                            0x10000138   Data           4  i2c.o(.data)
    I2CWriteLength                           0x1000013c   Data           4  i2c.o(.data)
    Q31_I2S_Left                             0x10000140   Data           4  uda1380.o(.data)
    Q31_I2S_Right                            0x10000144   Data           4  uda1380.o(.data)
    gQ31_Peak                                0x10000148   Data           8  rdb1768_audio.o(.data)
    LLI0                                     0x10000150   Data          16  main.o(.bss)
    wav_header                               0x10000160   Data          44  main.o(.bss)
    buffer1                                  0x1000018c   Data         512  main.o(.bss)
    buffer2                                  0x1000038c   Data         512  main.o(.bss)
    fatMappingTable                          0x1000058c   Data        1152  fat32_1.o(.bss)
    GlobalBuffer                             0x10000a0c   Data         512  fat32_1.o(.bss)
    I2CMasterBuffer                          0x10000c0c   Data          32  i2c.o(.bss)
    __libspace_start                         0x10000c2c   Data          96  libspace.o(.bss)
    __temporary_stack_top$libspace           0x10000c8c   Data           0  libspace.o(.bss)



==============================================================================

Memory Map of the image

  Image Entry point : 0x000000cd

  Load Region LR_IROM1 (Base: 0x00000000, Size: 0x00001f4c, Max: 0x00080000, ABSOLUTE, COMPRESSED[0x00001e70])

    Execution Region ER_IROM1 (Base: 0x00000000, Size: 0x00001dfc, Max: 0x00080000, ABSOLUTE)

    Base Addr    Size         Type   Attr      Idx    E Section Name        Object

    0x00000000   0x000000cc   Data   RO            3    RESET               startup_lpc17xx.o
    0x000000cc   0x00000008   Code   RO          822  * !!!main             c_w.l(__main.o)
    0x000000d4   0x00000034   Code   RO         1099    !!!scatter          c_w.l(__scatter.o)
    0x00000108   0x0000003a   Code   RO         1097    !!dczerorl          c_w.l(__dczerorl.o)
    0x00000142   0x00000002   PAD
    0x00000144   0x0000001c   Code   RO         1101    !!handler_zi        c_w.l(__scatter_zi.o)
    0x00000160   0x00000002   Code   RO          965    .ARM.Collect$$libinit$$00000000  c_w.l(libinit.o)
    0x00000162   0x00000000   Code   RO          973    .ARM.Collect$$libinit$$00000002  c_w.l(libinit2.o)
    0x00000162   0x00000000   Code   RO          975    .ARM.Collect$$libinit$$00000004  c_w.l(libinit2.o)
    0x00000162   0x00000000   Code   RO          978    .ARM.Collect$$libinit$$0000000A  c_w.l(libinit2.o)
    0x00000162   0x00000000   Code   RO          980    .ARM.Collect$$libinit$$0000000C  c_w.l(libinit2.o)
    0x00000162   0x00000000   Code   RO          982    .ARM.Collect$$libinit$$0000000E  c_w.l(libinit2.o)
    0x00000162   0x00000000   Code   RO          985    .ARM.Collect$$libinit$$00000011  c_w.l(libinit2.o)
    0x00000162   0x00000000   Code   RO          987    .ARM.Collect$$libinit$$00000013  c_w.l(libinit2.o)
    0x00000162   0x00000000   Code   RO          989    .ARM.Collect$$libinit$$00000015  c_w.l(libinit2.o)
    0x00000162   0x00000000   Code   RO          991    .ARM.Collect$$libinit$$00000017  c_w.l(libinit2.o)
    0x00000162   0x00000000   Code   RO          993    .ARM.Collect$$libinit$$00000019  c_w.l(libinit2.o)
    0x00000162   0x00000000   Code   RO          995    .ARM.Collect$$libinit$$0000001B  c_w.l(libinit2.o)
    0x00000162   0x00000000   Code   RO          997    .ARM.Collect$$libinit$$0000001D  c_w.l(libinit2.o)
    0x00000162   0x00000000   Code   RO          999    .ARM.Collect$$libinit$$0000001F  c_w.l(libinit2.o)
    0x00000162   0x00000000   Code   RO         1001    .ARM.Collect$$libinit$$00000021  c_w.l(libinit2.o)
    0x00000162   0x00000000   Code   RO         1003    .ARM.Collect$$libinit$$00000023  c_w.l(libinit2.o)
    0x00000162   0x00000000   Code   RO         1005    .ARM.Collect$$libinit$$00000025  c_w.l(libinit2.o)
    0x00000162   0x00000000   Code   RO         1009    .ARM.Collect$$libinit$$0000002C  c_w.l(libinit2.o)
    0x00000162   0x00000000   Code   RO         1011    .ARM.Collect$$libinit$$0000002E  c_w.l(libinit2.o)
    0x00000162   0x00000000   Code   RO         1013    .ARM.Collect$$libinit$$00000030  c_w.l(libinit2.o)
    0x00000162   0x00000000   Code   RO         1015    .ARM.Collect$$libinit$$00000032  c_w.l(libinit2.o)
    0x00000162   0x00000002   Code   RO         1016    .ARM.Collect$$libinit$$00000033  c_w.l(libinit2.o)
    0x00000164   0x00000002   Code   RO         1038    .ARM.Collect$$libshutdown$$00000000  c_w.l(libshutdown.o)
    0x00000166   0x00000000   Code   RO         1052    .ARM.Collect$$libshutdown$$00000003  c_w.l(libshutdown2.o)
    0x00000166   0x00000000   Code   RO         1055    .ARM.Collect$$libshutdown$$00000006  c_w.l(libshutdown2.o)
    0x00000166   0x00000000   Code   RO         1058    .ARM.Collect$$libshutdown$$00000009  c_w.l(libshutdown2.o)
    0x00000166   0x00000000   Code   RO         1060    .ARM.Collect$$libshutdown$$0000000B  c_w.l(libshutdown2.o)
    0x00000166   0x00000000   Code   RO         1063    .ARM.Collect$$libshutdown$$0000000E  c_w.l(libshutdown2.o)
    0x00000166   0x00000002   Code   RO         1064    .ARM.Collect$$libshutdown$$0000000F  c_w.l(libshutdown2.o)
    0x00000168   0x00000000   Code   RO          874    .ARM.Collect$$rtentry$$00000000  c_w.l(__rtentry.o)
    0x00000168   0x00000000   Code   RO          928    .ARM.Collect$$rtentry$$00000002  c_w.l(__rtentry2.o)
    0x00000168   0x00000006   Code   RO          940    .ARM.Collect$$rtentry$$00000004  c_w.l(__rtentry4.o)
    0x0000016e   0x00000000   Code   RO          930    .ARM.Collect$$rtentry$$00000009  c_w.l(__rtentry2.o)
    0x0000016e   0x00000004   Code   RO          931    .ARM.Collect$$rtentry$$0000000A  c_w.l(__rtentry2.o)
    0x00000172   0x00000000   Code   RO          933    .ARM.Collect$$rtentry$$0000000C  c_w.l(__rtentry2.o)
    0x00000172   0x00000008   Code   RO          934    .ARM.Collect$$rtentry$$0000000D  c_w.l(__rtentry2.o)
    0x0000017a   0x00000002   Code   RO          970    .ARM.Collect$$rtexit$$00000000  c_w.l(rtexit.o)
    0x0000017c   0x00000000   Code   RO         1020    .ARM.Collect$$rtexit$$00000002  c_w.l(rtexit2.o)
    0x0000017c   0x00000004   Code   RO         1021    .ARM.Collect$$rtexit$$00000003  c_w.l(rtexit2.o)
    0x00000180   0x00000006   Code   RO         1022    .ARM.Collect$$rtexit$$00000004  c_w.l(rtexit2.o)
    0x00000186   0x00000002   PAD
    0x00000188   0x00000034   Code   RO            5    .text               startup_lpc17xx.o
    0x000001bc   0x00000048   Code   RO          814    .text               c_w.l(strcpy.o)
    0x00000204   0x00000006   Code   RO          820    .text               c_w.l(heapauxi.o)
    0x0000020a   0x00000002   PAD
    0x0000020c   0x00000008   Code   RO          953    .text               c_w.l(libspace.o)
    0x00000214   0x0000004a   Code   RO          956    .text               c_w.l(sys_stackheap_outer.o)
    0x0000025e   0x0000000c   Code   RO          958    .text               c_w.l(exit.o)
    0x0000026a   0x00000002   PAD
    0x0000026c   0x0000000c   Code   RO         1030    .text               c_w.l(sys_exit.o)
    0x00000278   0x00000002   Code   RO         1041    .text               c_w.l(use_no_semi.o)
    0x0000027a   0x00000000   Code   RO         1043    .text               c_w.l(indicate_semi.o)
    0x0000027a   0x0000001a   Code   RO          561    i.DELAY_ms          timing_1.o
    0x00000294   0x00000014   Code   RO          563    i.DELAY_us          timing_1.o
    0x000002a8   0x0000000c   Code   RO          204    i.FILE_Close        fat32_1.o
    0x000002b4   0x0000002c   Code   RO          374    i.GPIO_PinWrite     gpio_1.o
    0x000002e0   0x00000004   Code   RO          756    i.I2S_IRQHandler    rdb1768_audio.o
    0x000002e4   0x00000018   Code   RO           17    i.InitializeDAC     main.o
    0x000002fc   0x00000004   Code   RO            4    .ARM.__at_0x02FC    startup_lpc17xx.o
    0x00000300   0x00000078   Code   RO           15    i.DMA_IRQHandler    main.o
    0x00000378   0x000000d0   Code   RO           16    i.DMA_Init          main.o
    0x00000448   0x0000007c   Code   RO          206    i.FILE_GetCh        fat32_1.o
    0x000004c4   0x0000018c   Code   RO          209    i.FILE_Open         fat32_1.o
    0x00000650   0x000000e4   Code   RO          653    i.I2C0_IRQHandler   i2c.o
    0x00000734   0x00000034   Code   RO           18    i.InitializeGPIO    main.o
    0x00000768   0x00000060   Code   RO           19    i.InitializeTimer   main.o
    0x000007c8   0x00000016   Code   RO           20    i.NVIC_EnableIRQ    main.o
    0x000007de   0x00000024   Code   RO          431    i.SD_Init           sdcard_1.o
    0x00000802   0x00000068   Code   RO          433    i.SD_readSingleBlock  sdcard_1.o
    0x0000086a   0x00000002   PAD
    0x0000086c   0x000000b8   Code   RO          434    i.SD_sendCommand    sdcard_1.o
    0x00000924   0x000000b6   Code   RO          435    i.SD_writeSingleBlock  sdcard_1.o
    0x000009da   0x00000002   PAD
    0x000009dc   0x00000094   Code   RO          497    i.SPI_Init          spi_1.o
    0x00000a70   0x00000020   Code   RO          498    i.SPI_Read          spi_1.o
    0x00000a90   0x0000001c   Code   RO          499    i.SPI_Write         spi_1.o
    0x00000aac   0x000000bc   Code   RO          533    i.SystemInit        system_lpc17xx_1.o
    0x00000b68   0x00000098   Code   RO           21    i.TIMER0_IRQHandler  main.o
    0x00000c00   0x00000034   Code   RO           22    i.TIMER1_IRQHandler  main.o
    0x00000c34   0x0000008c   Code   RO          564    i.Timing_InitializeTimer  timing_1.o
    0x00000cc0   0x00000034   Code   RO          568    i.Timing_WaitUs     timing_1.o
    0x00000cf4   0x00000044   Code   RO          714    i.UDA1380_I2S_IRQHandler  uda1380.o
    0x00000d38   0x0000007c   Code   RO          211    i.convertFileName   fat32_1.o
    0x00000db4   0x000002ac   Code   RO           23    i.convert_to_words  main.o
    0x00001060   0x00000040   Code   RO           24    i.distance_value    main.o
    0x000010a0   0x00000020   Code   RO           25    i.error_no_objekt   main.o
    0x000010c0   0x0000001c   Code   RO          213    i.extract_DataBySize  fat32_1.o
    0x000010dc   0x000000e4   Code   RO          217    i.getBootSectorData  fat32_1.o
    0x000011c0   0x00000014   Code   RO          218    i.getFirstSector    fat32_1.o
    0x000011d4   0x00000044   Code   RO          570    i.getPrescalarForUs  timing_1.o
    0x00001218   0x00000054   Code   RO          219    i.getSetFreeCluster  fat32_1.o
    0x0000126c   0x00000060   Code   RO          220    i.getSetNextCluster  fat32_1.o
    0x000012cc   0x000000dc   Code   RO          436    i.init_SdCard       sdcard_1.o
    0x000013a8   0x0000007c   Code   RO           26    i.main              main.o
    0x00001424   0x000000ec   Code   RO          221    i.openFile          fat32_1.o
    0x00001510   0x00000154   Code   RO           27    i.playWavFile       main.o
    0x00001664   0x0000004c   Code   RO          222    i.searchNextFreeCluster  fat32_1.o
    0x000016b0   0x000000c4   Code   RO          840    x$fpl$fadd          fz_ws.l(faddsub_clz.o)
    0x00001774   0x00000018   Code   RO          891    x$fpl$fcmpinf       fz_ws.l(fcmpi.o)
    0x0000178c   0x00000184   Code   RO          847    x$fpl$fdiv          fz_ws.l(fdiv.o)
    0x00001910   0x0000003e   Code   RO          850    x$fpl$ffixu         fz_ws.l(ffixu.o)
    0x0000194e   0x00000002   PAD
    0x00001950   0x00000026   Code   RO          854    x$fpl$ffltu         fz_ws.l(fflt_clz.o)
    0x00001976   0x00000002   PAD
    0x00001978   0x00000068   Code   RO          860    x$fpl$fleqf         fz_ws.l(fleqf.o)
    0x000019e0   0x00000102   Code   RO          862    x$fpl$fmul          fz_ws.l(fmul.o)
    0x00001ae2   0x0000008c   Code   RO          893    x$fpl$fnaninf       fz_ws.l(fnaninf.o)
    0x00001b6e   0x0000000a   Code   RO          895    x$fpl$fretinf       fz_ws.l(fretinf.o)
    0x00001b78   0x000000ea   Code   RO          842    x$fpl$fsub          fz_ws.l(faddsub_clz.o)
    0x00001c62   0x00000000   Code   RO          899    x$fpl$usenofp       fz_ws.l(usenofp.o)
    0x00001c62   0x00000002   PAD
    0x00001c64   0x00000176   Data   RO           34    .conststring        main.o
    0x00001dda   0x00000002   PAD
    0x00001ddc   0x00000020   Data   RO         1095    Region$$Table       anon$$obj.o


    Execution Region RW_IRAM1 (Base: 0x10000000, Size: 0x00000e90, Max: 0x00008000, ABSOLUTE, COMPRESSED[0x00000074])

    Base Addr    Size         Type   Attr      Idx    E Section Name        Object

    0x10000000   0x000000f4   Data   RW           35    .data               main.o
    0x100000f4   0x00000028   Data   RW          224    .data               fat32_1.o
    0x1000011c   0x00000001   Data   RW          437    .data               sdcard_1.o
    0x1000011d   0x00000001   Data   RW          500    .data               spi_1.o
    0x1000011e   0x00000002   PAD
    0x10000120   0x00000004   Data   RW          534    .data               system_lpc17xx_1.o
    0x10000124   0x00000004   Data   RW          572    .data               timing_1.o
    0x10000128   0x00000018   Data   RW          660    .data               i2c.o
    0x10000140   0x00000008   Data   RW          717    .data               uda1380.o
    0x10000148   0x00000008   Data   RW          761    .data               rdb1768_audio.o
    0x10000150   0x0000043c   Zero   RW           28    .bss                main.o
    0x1000058c   0x00000680   Zero   RW          223    .bss                fat32_1.o
    0x10000c0c   0x00000020   Zero   RW          658    .bss                i2c.o
    0x10000c2c   0x00000060   Zero   RW          954    .bss                c_w.l(libspace.o)
    0x10000c8c   0x00000004   PAD
    0x10000c90   0x00000000   Zero   RW            2    HEAP                startup_lpc17xx.o
    0x10000c90   0x00000200   Zero   RW            1    STACK               startup_lpc17xx.o


==============================================================================

Image component sizes


      Code (inc. data)   RO Data    RW Data    ZI Data      Debug   Object Name

      1424         66          0         40       1664      12539   fat32_1.o
        44          4          0          0          0      17472   gpio_1.o
       228         24          0         24         32       1680   i2c.o
      1970        186        374        244       1084      57936   main.o
         4          0          0          8          0       1766   rdb1768_audio.o
       726         10          0          1          0       3942   sdcard_1.o
       208         32          0          1          0       1485   spi_1.o
        56         22        204          0        512        960   startup_lpc17xx.o
       188         14          0          4          0        771   system_lpc17xx_1.o
       306         40          0          4          0       2958   timing_1.o
        68         12          0          8          0        742   uda1380.o

    ----------------------------------------------------------------------
      5226        410        612        336       3292     102251   Object Totals
         0          0         32          0          0          0   (incl. Generated)
         4          0          2          2          0          0   (incl. Padding)

    ----------------------------------------------------------------------

      Code (inc. data)   RO Data    RW Data    ZI Data      Debug   Library Member Name

        58          0          0          0          0          0   __dczerorl.o
         8          0          0          0          0         68   __main.o
         0          0          0          0          0          0   __rtentry.o
        12          0          0          0          0          0   __rtentry2.o
         6          0          0          0          0          0   __rtentry4.o
        52          8          0          0          0          0   __scatter.o
        28          0          0          0          0          0   __scatter_zi.o
        12          0          0          0          0         72   exit.o
         6          0          0          0          0        152   heapauxi.o
         0          0          0          0          0          0   indicate_semi.o
         2          0          0          0          0          0   libinit.o
         2          0          0          0          0          0   libinit2.o
         2          0          0          0          0          0   libshutdown.o
         2          0          0          0          0          0   libshutdown2.o
         8          4          0          0         96         68   libspace.o
         2          0          0          0          0          0   rtexit.o
        10          0          0          0          0          0   rtexit2.o
        72          0          0          0          0         80   strcpy.o
        12          4          0          0          0         68   sys_exit.o
        74          0          0          0          0         80   sys_stackheap_outer.o
         2          0          0          0          0         68   use_no_semi.o
       430          8          0          0          0        168   faddsub_clz.o
        24          0          0          0          0         68   fcmpi.o
       388         76          0          0          0         96   fdiv.o
        62          4          0          0          0         84   ffixu.o
        38          0          0          0          0         68   fflt_clz.o
       104          4          0          0          0         84   fleqf.o
       258          4          0          0          0         84   fmul.o
       140          4          0          0          0         84   fnaninf.o
        10          0          0          0          0         68   fretinf.o
         0          0          0          0          0          0   usenofp.o

    ----------------------------------------------------------------------
      1838        116          0          0        100       1460   Library Totals
        14          0          0          0          4          0   (incl. Padding)

    ----------------------------------------------------------------------

      Code (inc. data)   RO Data    RW Data    ZI Data      Debug   Library Name

       370         16          0          0         96        656   c_w.l
      1454        100          0          0          0        804   fz_ws.l

    ----------------------------------------------------------------------
      1838        116          0          0        100       1460   Library Totals

    ----------------------------------------------------------------------

==============================================================================


      Code (inc. data)   RO Data    RW Data    ZI Data      Debug   

      7064        526        612        336       3392     101003   Grand Totals
      7064        526        612        116       3392     101003   ELF Image Totals (compressed)
      7064        526        612        116          0          0   ROM Totals

==============================================================================

    Total RO  Size (Code + RO Data)                 7676 (   7.50kB)
    Total RW  Size (RW Data + ZI Data)              3728 (   3.64kB)
    Total ROM Size (Code + RO Data + RW Data)       7792 (   7.61kB)

==============================================================================

