Component: ARM Compiler 5.06 update 4 (build 422) Tool: armlink [4d35d2]

==============================================================================

Section Cross References

    startup_lpc17xx.o(STACK) refers (Special) to heapauxi.o(.text) for __use_two_region_memory
    startup_lpc17xx.o(HEAP) refers (Special) to heapauxi.o(.text) for __use_two_region_memory
    startup_lpc17xx.o(RESET) refers (Special) to heapauxi.o(.text) for __use_two_region_memory
    startup_lpc17xx.o(RESET) refers to startup_lpc17xx.o(STACK) for __initial_sp
    startup_lpc17xx.o(RESET) refers to startup_lpc17xx.o(.text) for Reset_Handler
    startup_lpc17xx.o(RESET) refers to main.o(i.TIMER0_IRQHandler) for TIMER0_IRQHandler
    startup_lpc17xx.o(RESET) refers to main.o(i.TIMER1_IRQHandler) for TIMER1_IRQHandler
    startup_lpc17xx.o(RESET) refers to main.o(i.TIMER2_IRQHandler) for TIMER2_IRQHandler
    startup_lpc17xx.o(.ARM.__at_0x02FC) refers (Special) to heapauxi.o(.text) for __use_two_region_memory
    startup_lpc17xx.o(.text) refers (Special) to heapauxi.o(.text) for __use_two_region_memory
    startup_lpc17xx.o(.text) refers to system_lpc17xx_1.o(i.SystemInit) for SystemInit
    startup_lpc17xx.o(.text) refers to __main.o(!!!main) for __main
    startup_lpc17xx.o(.text) refers to startup_lpc17xx.o(HEAP) for Heap_Mem
    startup_lpc17xx.o(.text) refers to startup_lpc17xx.o(STACK) for Stack_Mem
    main.o(i.InitializeTimer) refers to timing_1.o(i.getPrescalarForUs) for getPrescalarForUs
    main.o(i.TIMER0_IRQHandler) refers to fat32_1.o(i.FILE_GetCh) for FILE_GetCh
    main.o(i.TIMER0_IRQHandler) refers to timing_1.o(i.Timing_InitializeTimer) for Timing_InitializeTimer
    main.o(i.TIMER0_IRQHandler) refers to main.o(.data) for srcFilePtr
    main.o(i.TIMER1_IRQHandler) refers to timing_1.o(i.Timing_InitializeTimer) for Timing_InitializeTimer
    main.o(i.TIMER2_IRQHandler) refers to fflt_clz.o(x$fpl$ffltu) for __aeabi_ui2f
    main.o(i.TIMER2_IRQHandler) refers to main.o(i.distance_value) for distance_value
    main.o(i.TIMER2_IRQHandler) refers to main.o(.data) for TimeIntervall
    main.o(i.distance_value) refers to timing_1.o(i.get_integer_val) for get_integer_val
    main.o(i.distance_value) refers to fflt_clz.o(x$fpl$fflt) for __aeabi_i2f
    main.o(i.distance_value) refers to fmul.o(x$fpl$fmul) for __aeabi_fmul
    main.o(i.distance_value) refers to fdiv.o(x$fpl$fdiv) for __aeabi_fdiv
    main.o(i.distance_value) refers to fleqf.o(x$fpl$fleqf) for __aeabi_cfcmple
    main.o(i.distance_value) refers to main.o(i.error_no_objekt) for error_no_objekt
    main.o(i.distance_value) refers to main.o(.data) for dec
    main.o(i.error_no_objekt) refers to timing_1.o(i.Timing_WaitUs) for Timing_WaitUs
    main.o(i.main) refers to system_lpc17xx_1.o(i.SystemInit) for SystemInit
    main.o(i.main) refers to main.o(i.InitializeGPIO) for InitializeGPIO
    main.o(i.main) refers to main.o(i.InitializeTimer) for InitializeTimer
    main.o(i.main) refers to main.o(i.InitializeDAC) for InitializeDAC
    main.o(i.main) refers to sdcard_1.o(i.SD_Init) for SD_Init
    main.o(i.main) refers to fat32_1.o(i.FILE_Open) for FILE_Open
    main.o(i.main) refers to fat32_1.o(i.FILE_GetCh) for FILE_GetCh
    main.o(i.main) refers to fat32_1.o(i.FILE_Close) for FILE_Close
    main.o(i.main) refers to timing_1.o(i.delay) for delay
    main.o(i.main) refers to timing_1.o(i.DELAY_ms) for DELAY_ms
    main.o(i.main) refers to main.o(.data) for srcFilePtr
    main.o(i.main) refers to main.o(.bss) for buffer1
    asciilib_1.o(i.GetASCIICode) refers to rt_memcpy_v6.o(.text) for __aeabi_memcpy
    asciilib_1.o(i.GetASCIICode) refers to asciilib_1.o(.constdata) for AsciiLib
    fat32_1.o(i.FILE_Delete) refers to strcpy.o(.text) for strcpy
    fat32_1.o(i.FILE_Delete) refers to fat32_1.o(i.convertFileName) for convertFileName
    fat32_1.o(i.FILE_Delete) refers to strcmpv7m.o(.text) for strcmp
    fat32_1.o(i.FILE_Delete) refers to fat32_1.o(i.deletefile) for deletefile
    fat32_1.o(i.FILE_Delete) refers to fat32_1.o(.bss) for fatMappingTable
    fat32_1.o(i.FILE_GetCh) refers to fat32_1.o(i.getFirstSector) for getFirstSector
    fat32_1.o(i.FILE_GetCh) refers to sdcard_1.o(i.SD_readSingleBlock) for SD_readSingleBlock
    fat32_1.o(i.FILE_GetCh) refers to fat32_1.o(i.getSetNextCluster) for getSetNextCluster
    fat32_1.o(i.FILE_GetCh) refers to fat32_1.o(.data) for sectorPerCluster
    fat32_1.o(i.FILE_GetList) refers to fat32_1.o(i.getFirstSector) for getFirstSector
    fat32_1.o(i.FILE_GetList) refers to sdcard_1.o(i.SD_readSingleBlock) for SD_readSingleBlock
    fat32_1.o(i.FILE_GetList) refers to fat32_1.o(i.getSetNextCluster) for getSetNextCluster
    fat32_1.o(i.FILE_GetList) refers to fat32_1.o(.data) for clusterNumber
    fat32_1.o(i.FILE_GetList) refers to fat32_1.o(.bss) for GlobalBuffer
    fat32_1.o(i.FILE_GetMemoryStatics) refers to fat32_1.o(i.getSetFreeCluster) for getSetFreeCluster
[...]
    pow_x.o(i.__pow$lsc) refers to dunder.o(i.__mathlib_dbl_infnan2) for __mathlib_dbl_infnan2
    pow_x.o(i.__pow$lsc) refers to _rserrno.o(.text) for __set_errno
    pow_x.o(i.__pow$lsc) refers to ddiv.o(x$fpl$ddiv) for __aeabi_ddiv
    pow_x.o(i.__pow$lsc) refers to sqrt.o(i.sqrt) for sqrt
    pow_x.o(i.__pow$lsc) refers to dmul.o(x$fpl$dmul) for __aeabi_dmul
    pow_x.o(i.__pow$lsc) refers to dflt_clz.o(x$fpl$dflt) for __aeabi_i2d
    pow_x.o(i.__pow$lsc) refers to daddsub_clz.o(x$fpl$dsub) for __aeabi_dsub
    pow_x.o(i.__pow$lsc) refers to scalbn.o(x$fpl$scalbn) for __ARM_scalbn
    pow_x.o(i.__pow$lsc) refers to daddsub_clz.o(x$fpl$drsb) for __aeabi_drsub
    pow_x.o(i.__pow$lsc) refers to daddsub_clz.o(x$fpl$dadd) for __aeabi_dadd
    pow_x.o(i.__pow$lsc) refers to qnan.o(.constdata) for __mathlib_zero
    pow_x.o(i.__pow$lsc) refers to poly.o(i.__kernel_poly) for __kernel_poly
    pow_x.o(i.__pow$lsc) refers to drleqf.o(x$fpl$drleqf) for __aeabi_cdrcmple
    pow_x.o(i.__pow$lsc) refers to pow_x.o(.constdata) for .constdata
    pow_x.o(.constdata) refers (Special) to usenofp.o(x$fpl$usenofp) for __I$use$fp
    __rtentry.o(.ARM.Collect$$rtentry$$00000000) refers (Special) to __rtentry2.o(.ARM.Collect$$rtentry$$0000000A) for __rt_entry_li
    __rtentry.o(.ARM.Collect$$rtentry$$00000000) refers (Special) to __rtentry2.o(.ARM.Collect$$rtentry$$0000000D) for __rt_entry_main
    __rtentry.o(.ARM.Collect$$rtentry$$00000000) refers (Special) to __rtentry2.o(.ARM.Collect$$rtentry$$0000000C) for __rt_entry_postli_1
    __rtentry.o(.ARM.Collect$$rtentry$$00000000) refers (Special) to __rtentry2.o(.ARM.Collect$$rtentry$$00000009) for __rt_entry_postsh_1
    __rtentry.o(.ARM.Collect$$rtentry$$00000000) refers (Special) to __rtentry2.o(.ARM.Collect$$rtentry$$00000002) for __rt_entry_presh_1
    __rtentry.o(.ARM.Collect$$rtentry$$00000000) refers (Special) to __rtentry4.o(.ARM.Collect$$rtentry$$00000004) for __rt_entry_sh
    _rserrno.o(.text) refers to rt_errno_addr_intlibspace.o(.text) for __aeabi_errno_addr
    ddiv.o(x$fpl$drdiv) refers (Special) to usenofp.o(x$fpl$usenofp) for __I$use$fp
    ddiv.o(x$fpl$drdiv) refers to ddiv.o(x$fpl$ddiv) for ddiv_entry
    ddiv.o(x$fpl$ddiv) refers (Special) to usenofp.o(x$fpl$usenofp) for __I$use$fp
    ddiv.o(x$fpl$ddiv) refers to dretinf.o(x$fpl$dretinf) for __fpl_dretinf
    ddiv.o(x$fpl$ddiv) refers to dnaninf.o(x$fpl$dnaninf) for __fpl_dnaninf
    dnaninf.o(x$fpl$dnaninf) refers (Special) to usenofp.o(x$fpl$usenofp) for __I$use$fp
    dretinf.o(x$fpl$dretinf) refers (Special) to usenofp.o(x$fpl$usenofp) for __I$use$fp
    drleqf.o(x$fpl$drleqf) refers (Special) to usenofp.o(x$fpl$usenofp) for __I$use$fp
    drleqf.o(x$fpl$drleqf) refers to dleqf.o(x$fpl$dleqf) for __fpl_dcmple_InfNaN
    fcmpi.o(x$fpl$fcmpinf) refers (Special) to usenofp.o(x$fpl$usenofp) for __I$use$fp
    fnaninf.o(x$fpl$fnaninf) refers (Special) to usenofp.o(x$fpl$usenofp) for __I$use$fp
    fretinf.o(x$fpl$fretinf) refers (Special) to usenofp.o(x$fpl$usenofp) for __I$use$fp
    scalbn.o(x$fpl$scalbn) refers (Special) to usenofp.o(x$fpl$usenofp) for __I$use$fp
    scalbn.o(x$fpl$scalbn) refers to dcheck1.o(x$fpl$dcheck1) for __fpl_dcheck_NaN1
    dunder.o(i.__mathlib_dbl_divzero) refers to ddiv.o(x$fpl$ddiv) for __aeabi_ddiv
    dunder.o(i.__mathlib_dbl_infnan) refers to scalbn.o(x$fpl$scalbn) for __ARM_scalbn
    dunder.o(i.__mathlib_dbl_infnan2) refers to daddsub_clz.o(x$fpl$dadd) for __aeabi_dadd
    dunder.o(i.__mathlib_dbl_invalid) refers to ddiv.o(x$fpl$ddiv) for __aeabi_ddiv
    dunder.o(i.__mathlib_dbl_overflow) refers to scalbn.o(x$fpl$scalbn) for __ARM_scalbn
    dunder.o(i.__mathlib_dbl_posinfnan) refers to dmul.o(x$fpl$dmul) for __aeabi_dmul
    dunder.o(i.__mathlib_dbl_underflow) refers to scalbn.o(x$fpl$scalbn) for __ARM_scalbn
    fpclassify.o(i.__ARM_fpclassify) refers (Special) to usenofp.o(x$fpl$usenofp) for __I$use$fp
    poly.o(i.__kernel_poly) refers (Special) to usenofp.o(x$fpl$usenofp) for __I$use$fp
    poly.o(i.__kernel_poly) refers to dmul.o(x$fpl$dmul) for __aeabi_dmul
    poly.o(i.__kernel_poly) refers to daddsub_clz.o(x$fpl$dadd) for __aeabi_dadd
    qnan.o(.constdata) refers (Special) to usenofp.o(x$fpl$usenofp) for __I$use$fp
    sqrt.o(i.__softfp_sqrt) refers (Special) to usenofp.o(x$fpl$usenofp) for __I$use$fp
    sqrt.o(i.__softfp_sqrt) refers to dsqrt_noumaal.o(x$fpl$dsqrt) for _dsqrt
    sqrt.o(i.__softfp_sqrt) refers to _rserrno.o(.text) for __set_errno
    sqrt.o(i.sqrt) refers (Special) to usenofp.o(x$fpl$usenofp) for __I$use$fp
    sqrt.o(i.sqrt) refers to dsqrt_noumaal.o(x$fpl$dsqrt) for _dsqrt
    sqrt.o(i.sqrt) refers to _rserrno.o(.text) for __set_errno
    sqrt_x.o(i.____softfp_sqrt$lsc) refers (Special) to usenofp.o(x$fpl$usenofp) for __I$use$fp
    sqrt_x.o(i.____softfp_sqrt$lsc) refers to dleqf.o(x$fpl$dleqf) for __aeabi_cdcmple
    sqrt_x.o(i.____softfp_sqrt$lsc) refers to _rserrno.o(.text) for __set_errno
    sqrt_x.o(i.____softfp_sqrt$lsc) refers to dsqrt_noumaal.o(x$fpl$dsqrt) for _dsqrt
    sqrt_x.o(i.__sqrt$lsc) refers (Special) to usenofp.o(x$fpl$usenofp) for __I$use$fp
    sqrt_x.o(i.__sqrt$lsc) refers to dleqf.o(x$fpl$dleqf) for __aeabi_cdcmple
    sqrt_x.o(i.__sqrt$lsc) refers to _rserrno.o(.text) for __set_errno
    sqrt_x.o(i.__sqrt$lsc) refers to dsqrt_noumaal.o(x$fpl$dsqrt) for _dsqrt
    __rtentry2.o(.ARM.Collect$$rtentry$$00000008) refers to boardinit2.o(.text) for _platform_post_stackheap_init
    __rtentry2.o(.ARM.Collect$$rtentry$$0000000A) refers to libinit.o(.ARM.Collect$$libinit$$00000000) for __rt_lib_init
    __rtentry2.o(.ARM.Collect$$rtentry$$0000000B) refers to boardinit3.o(.text) for _platform_post_lib_init
    __rtentry2.o(.ARM.Collect$$rtentry$$0000000D) refers to main.o(i.main) for main
    __rtentry2.o(.ARM.Collect$$rtentry$$0000000D) refers to exit.o(.text) for exit
    __rtentry2.o(.ARM.exidx) refers to __rtentry2.o(.ARM.Collect$$rtentry$$00000001) for .ARM.Collect$$rtentry$$00000001
    __rtentry2.o(.ARM.exidx) refers to __rtentry2.o(.ARM.Collect$$rtentry$$00000008) for .ARM.Collect$$rtentry$$00000008
    __rtentry2.o(.ARM.exidx) refers to __rtentry2.o(.ARM.Collect$$rtentry$$0000000A) for .ARM.Collect$$rtentry$$0000000A
    __rtentry2.o(.ARM.exidx) refers to __rtentry2.o(.ARM.Collect$$rtentry$$0000000B) for .ARM.Collect$$rtentry$$0000000B
    __rtentry2.o(.ARM.exidx) refers to __rtentry2.o(.ARM.Collect$$rtentry$$0000000D) for .ARM.Collect$$rtentry$$0000000D
    __rtentry4.o(.ARM.Collect$$rtentry$$00000004) refers to sys_stackheap_outer.o(.text) for __user_setup_stackheap
    __rtentry4.o(.ARM.exidx) refers to __rtentry4.o(.ARM.Collect$$rtentry$$00000004) for .ARM.Collect$$rtentry$$00000004
    rt_errno_addr.o(.text) refers to rt_errno_addr.o(.bss) for __aeabi_errno_addr_data
    rt_errno_addr_intlibspace.o(.text) refers to libspace.o(.bss) for __libspace_start
    dcheck1.o(x$fpl$dcheck1) refers (Special) to usenofp.o(x$fpl$usenofp) for __I$use$fp
    dcheck1.o(x$fpl$dcheck1) refers to retnan.o(x$fpl$retnan) for __fpl_return_NaN
    dleqf.o(x$fpl$dleqf) refers (Special) to usenofp.o(x$fpl$usenofp) for __I$use$fp
    dleqf.o(x$fpl$dleqf) refers to dnaninf.o(x$fpl$dnaninf) for __fpl_dnaninf
    dleqf.o(x$fpl$dleqf) refers to dcmpi.o(x$fpl$dcmpinf) for __fpl_dcmp_Inf
    dsqrt_noumaal.o(x$fpl$dsqrt) refers (Special) to usenofp.o(x$fpl$usenofp) for __I$use$fp
    dsqrt_noumaal.o(x$fpl$dsqrt) refers to dnaninf.o(x$fpl$dnaninf) for __fpl_dnaninf
    libspace.o(.text) refers to libspace.o(.bss) for __libspace_start
    sys_stackheap_outer.o(.text) refers to libspace.o(.text) for __user_perproc_libspace
    sys_stackheap_outer.o(.text) refers to startup_lpc17xx.o(.text) for __user_initial_stackheap
    exit.o(.text) refers to rtexit.o(.ARM.Collect$$rtexit$$00000000) for __rt_exit
    libinit.o(.ARM.Collect$$libinit$$00000000) refers (Special) to libinit2.o(.ARM.Collect$$libinit$$0000002E) for __rt_lib_init_alloca_1
    libinit.o(.ARM.Collect$$libinit$$00000000) refers (Special) to libinit2.o(.ARM.Collect$$libinit$$0000002C) for __rt_lib_init_argv_1
    libinit.o(.ARM.Collect$$libinit$$00000000) refers (Special) to libinit2.o(.ARM.Collect$$libinit$$0000001B) for __rt_lib_init_atexit_1
    libinit.o(.ARM.Collect$$libinit$$00000000) refers (Special) to libinit2.o(.ARM.Collect$$libinit$$00000021) for __rt_lib_init_clock_1
    libinit.o(.ARM.Collect$$libinit$$00000000) refers (Special) to libinit2.o(.ARM.Collect$$libinit$$00000032) for __rt_lib_init_cpp_1
    libinit.o(.ARM.Collect$$libinit$$00000000) refers (Special) to libinit2.o(.ARM.Collect$$libinit$$00000030) for __rt_lib_init_exceptions_1
    libinit.o(.ARM.Collect$$libinit$$00000000) refers (Special) to libinit2.o(.ARM.Collect$$libinit$$00000002) for __rt_lib_init_fp_1
    libinit.o(.ARM.Collect$$libinit$$00000000) refers (Special) to libinit2.o(.ARM.Collect$$libinit$$0000001F) for __rt_lib_init_fp_trap_1
    libinit.o(.ARM.Collect$$libinit$$00000000) refers (Special) to libinit2.o(.ARM.Collect$$libinit$$00000023) for __rt_lib_init_getenv_1
    libinit.o(.ARM.Collect$$libinit$$00000000) refers (Special) to libinit2.o(.ARM.Collect$$libinit$$0000000A) for __rt_lib_init_heap_1
    libinit.o(.ARM.Collect$$libinit$$00000000) refers (Special) to libinit2.o(.ARM.Collect$$libinit$$00000011) for __rt_lib_init_lc_collate_1
    libinit.o(.ARM.Collect$$libinit$$00000000) refers (Special) to libinit2.o(.ARM.Collect$$libinit$$00000013) for __rt_lib_init_lc_ctype_1
    libinit.o(.ARM.Collect$$libinit$$00000000) refers (Special) to libinit2.o(.ARM.Collect$$libinit$$00000015) for __rt_lib_init_lc_monetary_1
    libinit.o(.ARM.Collect$$libinit$$00000000) refers (Special) to libinit2.o(.ARM.Collect$$libinit$$00000017) for __rt_lib_init_lc_numeric_1
    libinit.o(.ARM.Collect$$libinit$$00000000) refers (Special) to libinit2.o(.ARM.Collect$$libinit$$00000019) for __rt_lib_init_lc_time_1
    libinit.o(.ARM.Collect$$libinit$$00000000) refers (Special) to libinit2.o(.ARM.Collect$$libinit$$00000004) for __rt_lib_init_preinit_1
    libinit.o(.ARM.Collect$$libinit$$00000000) refers (Special) to libinit2.o(.ARM.Collect$$libinit$$0000000E) for __rt_lib_init_rand_1
    libinit.o(.ARM.Collect$$libinit$$00000000) refers (Special) to libinit2.o(.ARM.Collect$$libinit$$00000033) for __rt_lib_init_return
    libinit.o(.ARM.Collect$$libinit$$00000000) refers (Special) to libinit2.o(.ARM.Collect$$libinit$$0000001D) for __rt_lib_init_signal_1
    libinit.o(.ARM.Collect$$libinit$$00000000) refers (Special) to libinit2.o(.ARM.Collect$$libinit$$00000025) for __rt_lib_init_stdio_1
    libinit.o(.ARM.Collect$$libinit$$00000000) refers (Special) to libinit2.o(.ARM.Collect$$libinit$$0000000C) for __rt_lib_init_user_alloc_1
    dcmpi.o(x$fpl$dcmpinf) refers (Special) to usenofp.o(x$fpl$usenofp) for __I$use$fp
    retnan.o(x$fpl$retnan) refers (Special) to usenofp.o(x$fpl$usenofp) for __I$use$fp
    retnan.o(x$fpl$retnan) refers to trapv.o(x$fpl$trapveneer) for __fpl_cmpreturn
    rtexit.o(.ARM.Collect$$rtexit$$00000000) refers (Special) to rtexit2.o(.ARM.Collect$$rtexit$$00000004) for __rt_exit_exit
    rtexit.o(.ARM.Collect$$rtexit$$00000000) refers (Special) to rtexit2.o(.ARM.Collect$$rtexit$$00000003) for __rt_exit_ls
    rtexit.o(.ARM.Collect$$rtexit$$00000000) refers (Special) to rtexit2.o(.ARM.Collect$$rtexit$$00000002) for __rt_exit_prels_1
    rtexit.o(.ARM.exidx) refers (Special) to rtexit2.o(.ARM.Collect$$rtexit$$00000004) for __rt_exit_exit
    rtexit.o(.ARM.exidx) refers (Special) to rtexit2.o(.ARM.Collect$$rtexit$$00000003) for __rt_exit_ls
    rtexit.o(.ARM.exidx) refers (Special) to rtexit2.o(.ARM.Collect$$rtexit$$00000002) for __rt_exit_prels_1
    rtexit.o(.ARM.exidx) refers to rtexit.o(.ARM.Collect$$rtexit$$00000000) for .ARM.Collect$$rtexit$$00000000
    libinit2.o(.ARM.Collect$$libinit$$00000010) refers to libinit2.o(.ARM.Collect$$libinit$$0000000F) for .ARM.Collect$$libinit$$0000000F
    libinit2.o(.ARM.Collect$$libinit$$00000012) refers to libinit2.o(.ARM.Collect$$libinit$$0000000F) for .ARM.Collect$$libinit$$0000000F
    libinit2.o(.ARM.Collect$$libinit$$00000014) refers to libinit2.o(.ARM.Collect$$libinit$$0000000F) for .ARM.Collect$$libinit$$0000000F
    libinit2.o(.ARM.Collect$$libinit$$00000016) refers to libinit2.o(.ARM.Collect$$libinit$$0000000F) for .ARM.Collect$$libinit$$0000000F
    libinit2.o(.ARM.Collect$$libinit$$00000018) refers to libinit2.o(.ARM.Collect$$libinit$$0000000F) for .ARM.Collect$$libinit$$0000000F
    libinit2.o(.ARM.Collect$$libinit$$00000026) refers to argv_veneer.o(.emb_text) for __ARM_argv_veneer
    libinit2.o(.ARM.Collect$$libinit$$00000027) refers to argv_veneer.o(.emb_text) for __ARM_argv_veneer
    trapv.o(x$fpl$trapveneer) refers (Special) to usenofp.o(x$fpl$usenofp) for __I$use$fp
    rtexit2.o(.ARM.Collect$$rtexit$$00000003) refers to libshutdown.o(.ARM.Collect$$libshutdown$$00000000) for __rt_lib_shutdown
    rtexit2.o(.ARM.Collect$$rtexit$$00000004) refers to sys_exit.o(.text) for _sys_exit
    rtexit2.o(.ARM.exidx) refers to rtexit2.o(.ARM.Collect$$rtexit$$00000001) for .ARM.Collect$$rtexit$$00000001
    rtexit2.o(.ARM.exidx) refers to rtexit2.o(.ARM.Collect$$rtexit$$00000003) for .ARM.Collect$$rtexit$$00000003
    rtexit2.o(.ARM.exidx) refers to rtexit2.o(.ARM.Collect$$rtexit$$00000004) for .ARM.Collect$$rtexit$$00000004
    argv_veneer.o(.emb_text) refers to no_argv.o(.text) for __ARM_get_argv
    sys_exit.o(.text) refers (Special) to use_no_semi.o(.text) for __I$use$semihosting
    sys_exit.o(.text) refers (Special) to indicate_semi.o(.text) for __semihosting_library_function
    _get_argv_nomalloc.o(.text) refers (Special) to hrguard.o(.text) for __heap_region$guard
    _get_argv_nomalloc.o(.text) refers to defsig_rtmem_outer.o(.text) for __rt_SIGRTMEM
    _get_argv_nomalloc.o(.text) refers to sys_command.o(.text) for _sys_command_string
    libshutdown.o(.ARM.Collect$$libshutdown$$00000000) refers (Special) to libshutdown2.o(.ARM.Collect$$libshutdown$$00000002) for __rt_lib_shutdown_cpp_1
    libshutdown.o(.ARM.Collect$$libshutdown$$00000000) refers (Special) to libshutdown2.o(.ARM.Collect$$libshutdown$$00000007) for __rt_lib_shutdown_fp_trap_1
    libshutdown.o(.ARM.Collect$$libshutdown$$00000000) refers (Special) to libshutdown2.o(.ARM.Collect$$libshutdown$$0000000F) for __rt_lib_shutdown_heap_1
    libshutdown.o(.ARM.Collect$$libshutdown$$00000000) refers (Special) to libshutdown2.o(.ARM.Collect$$libshutdown$$00000010) for __rt_lib_shutdown_return
    libshutdown.o(.ARM.Collect$$libshutdown$$00000000) refers (Special) to libshutdown2.o(.ARM.Collect$$libshutdown$$0000000A) for __rt_lib_shutdown_signal_1
    libshutdown.o(.ARM.Collect$$libshutdown$$00000000) refers (Special) to libshutdown2.o(.ARM.Collect$$libshutdown$$00000004) for __rt_lib_shutdown_stdio_1
    libshutdown.o(.ARM.Collect$$libshutdown$$00000000) refers (Special) to libshutdown2.o(.ARM.Collect$$libshutdown$$0000000C) for __rt_lib_shutdown_user_alloc_1
    sys_command.o(.text) refers (Special) to use_no_semi.o(.text) for __I$use$semihosting
    sys_command.o(.text) refers (Special) to indicate_semi.o(.text) for __semihosting_library_function
    defsig_rtmem_outer.o(.text) refers to defsig_rtmem_inner.o(.text) for __rt_SIGRTMEM_inner
    defsig_rtmem_outer.o(.text) refers to defsig_exit.o(.text) for __sig_exit
    defsig_rtmem_formal.o(.text) refers to rt_raise.o(.text) for __rt_raise
    rt_raise.o(.text) refers to __raise.o(.text) for __raise
    rt_raise.o(.text) refers to sys_exit.o(.text) for _sys_exit
    defsig_exit.o(.text) refers to sys_exit.o(.text) for _sys_exit
    defsig_rtmem_inner.o(.text) refers to defsig_general.o(.text) for __default_signal_display
    __raise.o(.text) refers to defsig.o(CL$$defsig) for __default_signal_handler
    defsig_general.o(.text) refers to sys_wrch.o(.text) for _ttywrch
    sys_wrch.o(.text) refers (Special) to use_no_semi.o(.text) for __I$use$semihosting
    sys_wrch.o(.text) refers (Special) to indicate_semi.o(.text) for __semihosting_library_function
    defsig.o(CL$$defsig) refers to defsig_rtmem_inner.o(.text) for __rt_SIGRTMEM_inner
    defsig_abrt_inner.o(.text) refers to defsig_general.o(.text) for __default_signal_display
    defsig_fpe_inner.o(.text) refers to defsig_general.o(.text) for __default_signal_display
    defsig_rtred_inner.o(.text) refers to defsig_general.o(.text) for __default_signal_display
    defsig_stak_inner.o(.text) refers to defsig_general.o(.text) for __default_signal_display
    defsig_pvfn_inner.o(.text) refers to defsig_general.o(.text) for __default_signal_display
    defsig_cppl_inner.o(.text) refers to defsig_general.o(.text) for __default_signal_display
    defsig_segv_inner.o(.text) refers to defsig_general.o(.text) for __default_signal_display
    defsig_other.o(.text) refers to defsig_general.o(.text) for __default_signal_display


==============================================================================

Removing Unused input sections from the image.

    Removing main.o(.rev16_text), (4 bytes).
    Removing main.o(.revsh_text), (4 bytes).
    Removing asciilib_1.o(i.GetASCIICode), (32 bytes).
    Removing asciilib_1.o(.constdata), (1520 bytes).
    Removing fat32_1.o(i.FILE_Delete), (108 bytes).
    Removing fat32_1.o(i.FILE_GetList), (344 bytes).
    Removing fat32_1.o(i.FILE_GetMemoryStatics), (228 bytes).
    Removing fat32_1.o(i.FILE_PutCh), (704 bytes).
    Removing fat32_1.o(i.deletefile), (272 bytes).
    Removing fat32_1.o(i.file_GetDate), (26 bytes).
    Removing fat32_1.o(i.file_GetTime), (26 bytes).
    Removing fat32_1.o(i.freeMemoryUpdate), (92 bytes).
    Removing file_config_1.o(.bss), (5952 bytes).
    Removing file_config_1.o(.constdata), (56 bytes).
    Removing gpio_1.o(.rev16_text), (4 bytes).
    Removing gpio_1.o(.revsh_text), (4 bytes).
    Removing gpio_1.o(i.GPIO_PinDirection), (52 bytes).
    Removing gpio_1.o(i.GPIO_PinFunction), (72 bytes).
    Removing gpio_1.o(i.GPIO_PinRead), (48 bytes).
    Removing gpio_1.o(i.GPIO_PinToggle), (36 bytes).
    Removing sdcard_1.o(.rev16_text), (4 bytes).
    Removing sdcard_1.o(.revsh_text), (4 bytes).
    Removing sdcard_1.o(i.SD_erase), (60 bytes).
    Removing spi_1.o(.rev16_text), (4 bytes).
    Removing spi_1.o(.revsh_text), (4 bytes).
    Removing spi_1.o(i.spi_GetPclk), (68 bytes).
    Removing system_lpc17xx_1.o(.rev16_text), (4 bytes).
    Removing system_lpc17xx_1.o(.revsh_text), (4 bytes).
    Removing system_lpc17xx_1.o(i.SystemCoreClockUpdate), (324 bytes).
    Removing timing_1.o(.rev16_text), (4 bytes).
    Removing timing_1.o(.revsh_text), (4 bytes).
    Removing timing_1.o(i.DELAY_sec), (24 bytes).
    Removing timing_1.o(i.Timing_Start), (156 bytes).
    Removing timing_1.o(i.Timing_Stop), (92 bytes).
    Removing timing_1.o(i.Timing_WaitMs), (18 bytes).

35 unused section(s) (total 10358 bytes) removed from the image.

==============================================================================

Image Symbol Table

    Local Symbols

    Symbol Name                              Value     Ov Type        Size  Object(Section)

    RESET                                    0x00000000   Section      204  startup_lpc17xx.o(RESET)
    ../clib/angel/boardlib.s                 0x00000000   Number         0  boardinit1.o ABSOLUTE
    ../clib/angel/boardlib.s                 0x00000000   Number         0  boardshut.o ABSOLUTE
    ../clib/angel/boardlib.s                 0x00000000   Number         0  boardinit2.o ABSOLUTE
    ../clib/angel/boardlib.s                 0x00000000   Number         0  boardinit3.o ABSOLUTE
    ../clib/angel/handlers.s                 0x00000000   Number         0  __scatter_copy.o ABSOLUTE
    ../clib/angel/handlers.s                 0x00000000   Number         0  __scatter_zi.o ABSOLUTE
    ../clib/angel/kernel.s                   0x00000000   Number         0  __rtentry2.o ABSOLUTE
    ../clib/angel/kernel.s                   0x00000000   Number         0  rtexit2.o ABSOLUTE
    ../clib/angel/kernel.s                   0x00000000   Number         0  __rtentry.o ABSOLUTE
    ../clib/angel/kernel.s                   0x00000000   Number         0  rtexit.o ABSOLUTE
    ../clib/angel/kernel.s                   0x00000000   Number         0  __rtentry4.o ABSOLUTE
    ../clib/angel/rt.s                       0x00000000   Number         0  rt_raise.o ABSOLUTE
    ../clib/angel/rt.s                       0x00000000   Number         0  rt_errno_addr_intlibspace.o ABSOLUTE
    ../clib/angel/rt.s                       0x00000000   Number         0  rt_errno_addr.o ABSOLUTE
    ../clib/angel/scatter.s                  0x00000000   Number         0  __scatter.o ABSOLUTE
    ../clib/angel/startup.s                  0x00000000   Number         0  __main.o ABSOLUTE
    ../clib/angel/sys.s                      0x00000000   Number         0  use_no_semi.o ABSOLUTE
    ../clib/angel/sys.s                      0x00000000   Number         0  indicate_semi.o ABSOLUTE
    ../clib/angel/sys.s                      0x00000000   Number         0  sys_stackheap_outer.o ABSOLUTE
    ../clib/angel/sys.s                      0x00000000   Number         0  libspace.o ABSOLUTE
    ../clib/angel/sysapp.c                   0x00000000   Number         0  sys_command.o ABSOLUTE
    ../clib/angel/sysapp.c                   0x00000000   Number         0  sys_wrch.o ABSOLUTE
    ../clib/angel/sysapp.c                   0x00000000   Number         0  sys_exit.o ABSOLUTE
    ../clib/armsys.c                         0x00000000   Number         0  no_argv.o ABSOLUTE
    ../clib/armsys.c                         0x00000000   Number         0  argv_veneer.o ABSOLUTE
    ../clib/armsys.c                         0x00000000   Number         0  argv_veneer.o ABSOLUTE
    ../clib/armsys.c                         0x00000000   Number         0  _get_argv_nomalloc.o ABSOLUTE
    ../clib/fenv.c                           0x00000000   Number         0  _rserrno.o ABSOLUTE
    ../clib/heapalloc.c                      0x00000000   Number         0  hrguard.o ABSOLUTE
    ../clib/heapaux.c                        0x00000000   Number         0  heapauxi.o ABSOLUTE
    ../clib/libinit.s                        0x00000000   Number         0  libshutdown.o ABSOLUTE
    ../clib/libinit.s                        0x00000000   Number         0  libinit.o ABSOLUTE
    ../clib/libinit.s                        0x00000000   Number         0  libinit2.o ABSOLUTE
    ../clib/libinit.s                        0x00000000   Number         0  libshutdown2.o ABSOLUTE
    ../clib/memcpset.s                       0x00000000   Number         0  rt_memcpy_w.o ABSOLUTE
    ../clib/memcpset.s                       0x00000000   Number         0  rt_memcpy_v6.o ABSOLUTE
    ../clib/memcpset.s                       0x00000000   Number         0  strcmpv7m.o ABSOLUTE
    ../clib/signal.c                         0x00000000   Number         0  defsig_exit.o ABSOLUTE
    ../clib/signal.c                         0x00000000   Number         0  defsig_general.o ABSOLUTE
    ../clib/signal.c                         0x00000000   Number         0  defsig_rtmem_formal.o ABSOLUTE
    ../clib/signal.c                         0x00000000   Number         0  defsig_rtmem_outer.o ABSOLUTE
    ../clib/signal.c                         0x00000000   Number         0  defsig_stak_inner.o ABSOLUTE
    ../clib/signal.c                         0x00000000   Number         0  defsig_other.o ABSOLUTE
    ../clib/signal.c                         0x00000000   Number         0  defsig_segv_inner.o ABSOLUTE
    ../clib/signal.c                         0x00000000   Number         0  defsig_cppl_inner.o ABSOLUTE
    ../clib/signal.c                         0x00000000   Number         0  defsig_rtred_inner.o ABSOLUTE
    ../clib/signal.c                         0x00000000   Number         0  defsig_fpe_inner.o ABSOLUTE
    ../clib/signal.c                         0x00000000   Number         0  defsig_abrt_inner.o ABSOLUTE
    ../clib/signal.c                         0x00000000   Number         0  defsig_pvfn_inner.o ABSOLUTE
    ../clib/signal.c                         0x00000000   Number         0  __raise.o ABSOLUTE
    ../clib/signal.c                         0x00000000   Number         0  defsig_rtmem_inner.o ABSOLUTE
    ../clib/signal.s                         0x00000000   Number         0  defsig.o ABSOLUTE
    ../clib/stdlib.c                         0x00000000   Number         0  exit.o ABSOLUTE
    ../clib/string.c                         0x00000000   Number         0  strcpy.o ABSOLUTE
    ../fplib/daddsub.s                       0x00000000   Number         0  daddsub_clz.o ABSOLUTE
    ../fplib/dcheck1.s                       0x00000000   Number         0  dcheck1.o ABSOLUTE
    ../fplib/dcmpi.s                         0x00000000   Number         0  dcmpi.o ABSOLUTE
    ../fplib/ddiv.s                          0x00000000   Number         0  ddiv.o ABSOLUTE
    ../fplib/dfix.s                          0x00000000   Number         0  dfix.o ABSOLUTE
    ../fplib/dflt.s                          0x00000000   Number         0  dflt_clz.o ABSOLUTE
    ../fplib/dleqf.s                         0x00000000   Number         0  dleqf.o ABSOLUTE
    ../fplib/dmul.s                          0x00000000   Number         0  dmul.o ABSOLUTE
    ../fplib/dnaninf.s                       0x00000000   Number         0  dnaninf.o ABSOLUTE
    ../fplib/dretinf.s                       0x00000000   Number         0  dretinf.o ABSOLUTE
    ../fplib/drleqf.s                        0x00000000   Number         0  drleqf.o ABSOLUTE
    ../fplib/dsqrt.s                         0x00000000   Number         0  dsqrt_noumaal.o ABSOLUTE
    ../fplib/fcmpi.s                         0x00000000   Number         0  fcmpi.o ABSOLUTE
    ../fplib/fdiv.s                          0x00000000   Number         0  fdiv.o ABSOLUTE
    ../fplib/fflt.s                          0x00000000   Number         0  fflt_clz.o ABSOLUTE
    ../fplib/fleqf.s                         0x00000000   Number         0  fleqf.o ABSOLUTE
    ../fplib/fmul.s                          0x00000000   Number         0  fmul.o ABSOLUTE
    ../fplib/fnaninf.s                       0x00000000   Number         0  fnaninf.o ABSOLUTE
    ../fplib/fpinit.s                        0x00000000   Number         0  fpinit.o ABSOLUTE
    ../fplib/fretinf.s                       0x00000000   Number         0  fretinf.o ABSOLUTE
    ../fplib/retnan.s                        0x00000000   Number         0  retnan.o ABSOLUTE
    ../fplib/scalbn.s                        0x00000000   Number         0  scalbn.o ABSOLUTE
    ../fplib/trapv.s                         0x00000000   Number         0  trapv.o ABSOLUTE
    ../fplib/usenofp.s                       0x00000000   Number         0  usenofp.o ABSOLUTE
    ../mathlib/dunder.c                      0x00000000   Number         0  dunder.o ABSOLUTE
    ../mathlib/fpclassify.c                  0x00000000   Number         0  fpclassify.o ABSOLUTE
    ../mathlib/poly.c                        0x00000000   Number         0  poly.o ABSOLUTE
    ../mathlib/pow.c                         0x00000000   Number         0  pow_x.o ABSOLUTE
    ../mathlib/pow.c                         0x00000000   Number         0  pow.o ABSOLUTE
    ../mathlib/qnan.c                        0x00000000   Number         0  qnan.o ABSOLUTE
    ../mathlib/sqrt.c                        0x00000000   Number         0  sqrt_x.o ABSOLUTE
    ../mathlib/sqrt.c                        0x00000000   Number         0  sqrt.o ABSOLUTE
    LIBS\AsciiLib.c                          0x00000000   Number         0  asciilib_1.o ABSOLUTE
    LIBS\File_Config.c                       0x00000000   Number         0  file_config_1.o ABSOLUTE
    LIBS\Timing.c                            0x00000000   Number         0  timing_1.o ABSOLUTE
    LIBS\\Timing.c                           0x00000000   Number         0  timing_1.o ABSOLUTE
    LIBS\\gpio.c                             0x00000000   Number         0  gpio_1.o ABSOLUTE
    LIBS\\sdcard.c                           0x00000000   Number         0  sdcard_1.o ABSOLUTE
    LIBS\\spi.c                              0x00000000   Number         0  spi_1.o ABSOLUTE
    LIBS\\system_LPC17xx.c                   0x00000000   Number         0  system_lpc17xx_1.o ABSOLUTE
    LIBS\fat32.c                             0x00000000   Number         0  fat32_1.o ABSOLUTE
    LIBS\gpio.c                              0x00000000   Number         0  gpio_1.o ABSOLUTE
    LIBS\sdcard.c                            0x00000000   Number         0  sdcard_1.o ABSOLUTE
    LIBS\spi.c                               0x00000000   Number         0  spi_1.o ABSOLUTE
    LIBS\system_LPC17xx.c                    0x00000000   Number         0  system_lpc17xx_1.o ABSOLUTE
    dc.s                                     0x00000000   Number         0  dc.o ABSOLUTE
    main.c                                   0x00000000   Number         0  main.o ABSOLUTE
    main.c                                   0x00000000   Number         0  main.o ABSOLUTE
    startup_LPC17xx.s                        0x00000000   Number         0  startup_lpc17xx.o ABSOLUTE
    !!!main                                  0x000000cc   Section        8  __main.o(!!!main)
    !!!scatter                               0x000000d4   Section       52  __scatter.o(!!!scatter)
    !!handler_copy                           0x00000108   Section       26  __scatter_copy.o(!!handler_copy)
    !!handler_zi                             0x00000124   Section       28  __scatter_zi.o(!!handler_zi)
    .ARM.Collect$$libinit$$00000000          0x00000140   Section        2  libinit.o(.ARM.Collect$$libinit$$00000000)
    .ARM.Collect$$libinit$$00000002          0x00000142   Section        0  libinit2.o(.ARM.Collect$$libinit$$00000002)
    .ARM.Collect$$libinit$$00000004          0x00000142   Section        0  libinit2.o(.ARM.Collect$$libinit$$00000004)
    .ARM.Collect$$libinit$$0000000A          0x00000142   Section        0  libinit2.o(.ARM.Collect$$libinit$$0000000A)
    .ARM.Collect$$libinit$$0000000C          0x00000142   Section        0  libinit2.o(.ARM.Collect$$libinit$$0000000C)
    .ARM.Collect$$libinit$$0000000E          0x00000142   Section        0  libinit2.o(.ARM.Collect$$libinit$$0000000E)
    .ARM.Collect$$libinit$$00000011          0x00000142   Section        0  libinit2.o(.ARM.Collect$$libinit$$00000011)
    .ARM.Collect$$libinit$$00000013          0x00000142   Section        0  libinit2.o(.ARM.Collect$$libinit$$00000013)
    .ARM.Collect$$libinit$$00000015          0x00000142   Section        0  libinit2.o(.ARM.Collect$$libinit$$00000015)
    .ARM.Collect$$libinit$$00000017          0x00000142   Section        0  libinit2.o(.ARM.Collect$$libinit$$00000017)
    .ARM.Collect$$libinit$$00000019          0x00000142   Section        0  libinit2.o(.ARM.Collect$$libinit$$00000019)
    .ARM.Collect$$libinit$$0000001B          0x00000142   Section        0  libinit2.o(.ARM.Collect$$libinit$$0000001B)
    .ARM.Collect$$libinit$$0000001D          0x00000142   Section        0  libinit2.o(.ARM.Collect$$libinit$$0000001D)
    .ARM.Collect$$libinit$$0000001F          0x00000142   Section        0  libinit2.o(.ARM.Collect$$libinit$$0000001F)
    .ARM.Collect$$libinit$$00000021          0x00000142   Section        0  libinit2.o(.ARM.Collect$$libinit$$00000021)
    .ARM.Collect$$libinit$$00000023          0x00000142   Section        0  libinit2.o(.ARM.Collect$$libinit$$00000023)
    .ARM.Collect$$libinit$$00000025          0x00000142   Section        0  libinit2.o(.ARM.Collect$$libinit$$00000025)
    .ARM.Collect$$libinit$$0000002C          0x00000142   Section        0  libinit2.o(.ARM.Collect$$libinit$$0000002C)
    .ARM.Collect$$libinit$$0000002E          0x00000142   Section        0  libinit2.o(.ARM.Collect$$libinit$$0000002E)
    .ARM.Collect$$libinit$$00000030          0x00000142   Section        0  libinit2.o(.ARM.Collect$$libinit$$00000030)
    .ARM.Collect$$libinit$$00000032          0x00000142   Section        0  libinit2.o(.ARM.Collect$$libinit$$00000032)
    .ARM.Collect$$libinit$$00000033          0x00000142   Section        2  libinit2.o(.ARM.Collect$$libinit$$00000033)
    .ARM.Collect$$libshutdown$$00000000      0x00000144   Section        2  libshutdown.o(.ARM.Collect$$libshutdown$$00000000)
    .ARM.Collect$$libshutdown$$00000002      0x00000146   Section        0  libshutdown2.o(.ARM.Collect$$libshutdown$$00000002)
    .ARM.Collect$$libshutdown$$00000004      0x00000146   Section        0  libshutdown2.o(.ARM.Collect$$libshutdown$$00000004)
    .ARM.Collect$$libshutdown$$00000007      0x00000146   Section        0  libshutdown2.o(.ARM.Collect$$libshutdown$$00000007)
    .ARM.Collect$$libshutdown$$0000000A      0x00000146   Section        0  libshutdown2.o(.ARM.Collect$$libshutdown$$0000000A)
    .ARM.Collect$$libshutdown$$0000000C      0x00000146   Section        0  libshutdown2.o(.ARM.Collect$$libshutdown$$0000000C)
    .ARM.Collect$$libshutdown$$0000000F      0x00000146   Section        0  libshutdown2.o(.ARM.Collect$$libshutdown$$0000000F)
    .ARM.Collect$$libshutdown$$00000010      0x00000146   Section        2  libshutdown2.o(.ARM.Collect$$libshutdown$$00000010)
    .ARM.Collect$$rtentry$$00000000          0x00000148   Section        0  __rtentry.o(.ARM.Collect$$rtentry$$00000000)
    .ARM.Collect$$rtentry$$00000002          0x00000148   Section        0  __rtentry2.o(.ARM.Collect$$rtentry$$00000002)
    .ARM.Collect$$rtentry$$00000004          0x00000148   Section        6  __rtentry4.o(.ARM.Collect$$rtentry$$00000004)
    .ARM.Collect$$rtentry$$00000009          0x0000014e   Section        0  __rtentry2.o(.ARM.Collect$$rtentry$$00000009)
    .ARM.Collect$$rtentry$$0000000A          0x0000014e   Section        4  __rtentry2.o(.ARM.Collect$$rtentry$$0000000A)
    .ARM.Collect$$rtentry$$0000000C          0x00000152   Section        0  __rtentry2.o(.ARM.Collect$$rtentry$$0000000C)
    .ARM.Collect$$rtentry$$0000000D          0x00000152   Section        8  __rtentry2.o(.ARM.Collect$$rtentry$$0000000D)
    .ARM.Collect$$rtexit$$00000000           0x0000015a   Section        2  rtexit.o(.ARM.Collect$$rtexit$$00000000)
    .ARM.Collect$$rtexit$$00000002           0x0000015c   Section        0  rtexit2.o(.ARM.Collect$$rtexit$$00000002)
    .ARM.Collect$$rtexit$$00000003           0x0000015c   Section        4  rtexit2.o(.ARM.Collect$$rtexit$$00000003)
    .ARM.Collect$$rtexit$$00000004           0x00000160   Section        6  rtexit2.o(.ARM.Collect$$rtexit$$00000004)
    .text                                    0x00000168   Section       60  startup_lpc17xx.o(.text)
    .text                                    0x000001a4   Section        0  strcpy.o(.text)
    .text                                    0x000001ec   Section        0  heapauxi.o(.text)
    .text                                    0x000001f2   Section        0  _rserrno.o(.text)
    .text                                    0x00000208   Section        8  rt_errno_addr_intlibspace.o(.text)
    .text                                    0x00000210   Section        8  libspace.o(.text)
    .text                                    0x00000218   Section       74  sys_stackheap_outer.o(.text)
    .text                                    0x00000262   Section        0  exit.o(.text)
    .text                                    0x00000274   Section        0  sys_exit.o(.text)
    .text                                    0x00000280   Section        2  use_no_semi.o(.text)
    .text                                    0x00000282   Section        0  indicate_semi.o(.text)
    i.DELAY_ms                               0x00000282   Section        0  timing_1.o(i.DELAY_ms)
    i.DELAY_us                               0x0000029a   Section        0  timing_1.o(i.DELAY_us)
    i.FILE_Close                             0x000002b4   Section        0  fat32_1.o(i.FILE_Close)
    i.GPIO_PinWrite                          0x000002c0   Section        0  gpio_1.o(i.GPIO_PinWrite)
    i.__mathlib_dbl_infnan2                  0x000002f4   Section        0  dunder.o(i.__mathlib_dbl_infnan2)
    x$fpl$usenofp                            0x000002f8   Section        0  usenofp.o(x$fpl$usenofp)
    .ARM.__at_0x02FC                         0x000002fc   Section        4  startup_lpc17xx.o(.ARM.__at_0x02FC)
    i.FILE_GetCh                             0x00000300   Section        0  fat32_1.o(i.FILE_GetCh)
    i.FILE_Open                              0x00000384   Section        0  fat32_1.o(i.FILE_Open)
    i.InitializeDAC                          0x00000548   Section        0  main.o(i.InitializeDAC)
    i.InitializeGPIO                         0x00000568   Section        0  main.o(i.InitializeGPIO)
    i.InitializeTimer                        0x000005a4   Section        0  main.o(i.InitializeTimer)
    i.SD_Init                                0x0000061c   Section        0  sdcard_1.o(i.SD_Init)
    i.SD_readSingleBlock                     0x00000646   Section        0  sdcard_1.o(i.SD_readSingleBlock)
    i.SD_sendCommand                         0x000006c4   Section        0  sdcard_1.o(i.SD_sendCommand)
    i.SD_writeSingleBlock                    0x0000078c   Section        0  sdcard_1.o(i.SD_writeSingleBlock)
    i.SPI_Init                               0x0000085c   Section        0  spi_1.o(i.SPI_Init)
    i.SPI_Read                               0x0000090c   Section        0  spi_1.o(i.SPI_Read)
    i.SPI_Write                              0x00000938   Section        0  spi_1.o(i.SPI_Write)
    i.SystemInit                             0x00000964   Section        0  system_lpc17xx_1.o(i.SystemInit)
    i.TIMER0_IRQHandler                      0x00000a8c   Section        0  main.o(i.TIMER0_IRQHandler)
    i.TIMER1_IRQHandler                      0x00000ac4   Section        0  main.o(i.TIMER1_IRQHandler)
    i.TIMER2_IRQHandler                      0x00000ae0   Section        0  main.o(i.TIMER2_IRQHandler)
    i.Timing_InitializeTimer                 0x00000b2c   Section        0  timing_1.o(i.Timing_InitializeTimer)
    i.Timing_WaitUs                          0x00000bf4   Section        0  timing_1.o(i.Timing_WaitUs)
    i.__ARM_fpclassify                       0x00000c48   Section        0  fpclassify.o(i.__ARM_fpclassify)
    i.__kernel_poly                          0x00000c70   Section        0  poly.o(i.__kernel_poly)
    i.__mathlib_dbl_divzero                  0x00000d1c   Section        0  dunder.o(i.__mathlib_dbl_divzero)
    i.__mathlib_dbl_invalid                  0x00000d2c   Section        0  dunder.o(i.__mathlib_dbl_invalid)
    i.__mathlib_dbl_overflow                 0x00000d38   Section        0  dunder.o(i.__mathlib_dbl_overflow)
    i.__mathlib_dbl_underflow                0x00000d48   Section        0  dunder.o(i.__mathlib_dbl_underflow)
    i.convertFileName                        0x00000d58   Section        0  fat32_1.o(i.convertFileName)
    i.delay                                  0x00000e02   Section        0  timing_1.o(i.delay)
    i.distance_value                         0x00000e10   Section        0  main.o(i.distance_value)
    i.error_no_objekt                        0x00000e74   Section        0  main.o(i.error_no_objekt)
    i.extract_DataBySize                     0x00000e7e   Section        0  fat32_1.o(i.extract_DataBySize)
    i.getBootSectorData                      0x00000e9c   Section        0  fat32_1.o(i.getBootSectorData)
    i.getFirstSector                         0x00000fc8   Section        0  fat32_1.o(i.getFirstSector)
    i.getPrescalarForUs                      0x00000fe4   Section        0  timing_1.o(i.getPrescalarForUs)
    i.getSetFreeCluster                      0x00001040   Section        0  fat32_1.o(i.getSetFreeCluster)
    i.getSetNextCluster                      0x000010c0   Section        0  fat32_1.o(i.getSetNextCluster)
    i.get_integer_val                        0x00001144   Section        0  timing_1.o(i.get_integer_val)
    i.init_SdCard                            0x000011f8   Section        0  sdcard_1.o(i.init_SdCard)
    i.main                                   0x000012ec   Section        0  main.o(i.main)
    i.openFile                               0x000013f4   Section        0  fat32_1.o(i.openFile)
    i.pow                                    0x00001500   Section        0  pow.o(i.pow)
    i.searchNextFreeCluster                  0x00001ed8   Section        0  fat32_1.o(i.searchNextFreeCluster)
    i.sqrt                                   0x00001f48   Section        0  sqrt.o(i.sqrt)
    x$fpl$dadd                               0x00001f94   Section      336  daddsub_clz.o(x$fpl$dadd)
    _dadd1                                   0x00001fa5   Thumb Code     0  daddsub_clz.o(x$fpl$dadd)
    x$fpl$dcheck1                            0x000020e4   Section       16  dcheck1.o(x$fpl$dcheck1)
    x$fpl$dcmpinf                            0x000020f4   Section       24  dcmpi.o(x$fpl$dcmpinf)
    x$fpl$ddiv                               0x0000210c   Section      688  ddiv.o(x$fpl$ddiv)
    ddiv_entry                               0x00002113   Thumb Code     0  ddiv.o(x$fpl$ddiv)
    x$fpl$dfix                               0x000023bc   Section       94  dfix.o(x$fpl$dfix)
    x$fpl$dflt                               0x0000241a   Section       46  dflt_clz.o(x$fpl$dflt)
    x$fpl$dfltu                              0x00002448   Section       38  dflt_clz.o(x$fpl$dfltu)
    x$fpl$dleqf                              0x00002470   Section      120  dleqf.o(x$fpl$dleqf)
    x$fpl$dmul                               0x000024e8   Section      340  dmul.o(x$fpl$dmul)
    x$fpl$dnaninf                            0x0000263c   Section      156  dnaninf.o(x$fpl$dnaninf)
    x$fpl$dretinf                            0x000026d8   Section       12  dretinf.o(x$fpl$dretinf)
    x$fpl$drleqf                             0x000026e4   Section      108  drleqf.o(x$fpl$drleqf)
    x$fpl$drsb                               0x00002750   Section       22  daddsub_clz.o(x$fpl$drsb)
    x$fpl$dsqrt                              0x00002768   Section      460  dsqrt_noumaal.o(x$fpl$dsqrt)
    x$fpl$dsub                               0x00002934   Section      468  daddsub_clz.o(x$fpl$dsub)
    _dsub1                                   0x00002945   Thumb Code     0  daddsub_clz.o(x$fpl$dsub)
    x$fpl$fcmpinf                            0x00002b08   Section       24  fcmpi.o(x$fpl$fcmpinf)
    x$fpl$fdiv                               0x00002b20   Section      388  fdiv.o(x$fpl$fdiv)
    _fdiv1                                   0x00002b21   Thumb Code     0  fdiv.o(x$fpl$fdiv)
    x$fpl$fflt                               0x00002ca4   Section       48  fflt_clz.o(x$fpl$fflt)
    x$fpl$ffltu                              0x00002cd4   Section       38  fflt_clz.o(x$fpl$ffltu)
    x$fpl$fleqf                              0x00002cfc   Section      104  fleqf.o(x$fpl$fleqf)
    x$fpl$fmul                               0x00002d64   Section      258  fmul.o(x$fpl$fmul)
    x$fpl$fnaninf                            0x00002e66   Section      140  fnaninf.o(x$fpl$fnaninf)
    x$fpl$fretinf                            0x00002ef2   Section       10  fretinf.o(x$fpl$fretinf)
    x$fpl$retnan                             0x00002efc   Section      100  retnan.o(x$fpl$retnan)
    x$fpl$scalbn                             0x00002f60   Section       92  scalbn.o(x$fpl$scalbn)
    x$fpl$trapveneer                         0x00002fbc   Section       48  trapv.o(x$fpl$trapveneer)
    .constdata                               0x00002ff0   Section      136  pow.o(.constdata)
    bp                                       0x00002ff0   Data          16  pow.o(.constdata)
    dp_h                                     0x00003000   Data          16  pow.o(.constdata)
    dp_l                                     0x00003010   Data          16  pow.o(.constdata)
    L                                        0x00003020   Data          48  pow.o(.constdata)
    P                                        0x00003050   Data          40  pow.o(.constdata)
    .constdata                               0x00003078   Section        8  qnan.o(.constdata)
    .data                                    0x10000000   Section       56  main.o(.data)
    .data                                    0x10000038   Section       42  fat32_1.o(.data)
    clusterNumber                            0x10000054   Data           4  fat32_1.o(.data)
    sectorNumber                             0x10000058   Data           4  fat32_1.o(.data)
    firstSectorIndex                         0x1000005c   Data           4  fat32_1.o(.data)
    i                                        0x10000060   Data           2  fat32_1.o(.data)
    .data                                    0x10000062   Section        1  sdcard_1.o(.data)
    .data                                    0x10000063   Section        1  spi_1.o(.data)
    .data                                    0x10000064   Section        4  system_lpc17xx_1.o(.data)
    .data                                    0x10000068   Section        4  timing_1.o(.data)
    .bss                                     0x1000006c   Section      108  main.o(.bss)
    .bss                                     0x100000d8   Section     1664  fat32_1.o(.bss)
    .bss                                     0x10000758   Section       96  libspace.o(.bss)
    HEAP                                     0x100007b8   Section        0  startup_lpc17xx.o(HEAP)
    STACK                                    0x100007b8   Section      512  startup_lpc17xx.o(STACK)
    Heap_Mem                                 0x100007b8   Data           0  startup_lpc17xx.o(HEAP)
    Stack_Mem                                0x100007b8   Data         512  startup_lpc17xx.o(STACK)
    __initial_sp                             0x100009b8   Data           0  startup_lpc17xx.o(STACK)

    Global Symbols

    Symbol Name                              Value     Ov Type        Size  Object(Section)

    BuildAttributes$$THM_ISAv4$P$D$K$B$S$PE$A:L22UL41UL21$X:L11$S22US41US21$IEEE1$IW$USESV6$~STKCKD$USESV7$~SHL$OTIME$ROPI$IEEEX$EBA8$UX$STANDARDLIB$REQ8$PRES8$EABIv2 0x00000000   Number         0  anon$$obj.o ABSOLUTE
    __ARM_use_no_argv                        0x00000000   Number         0  main.o ABSOLUTE
    __Vectors                                0x00000000   Data           4  startup_lpc17xx.o(RESET)
    __ARM_exceptions_init                     - Undefined Weak Reference
    __alloca_initialize                       - Undefined Weak Reference
    __arm_preinit_                            - Undefined Weak Reference
    __cpp_initialize__aeabi_                  - Undefined Weak Reference
    __cxa_finalize                            - Undefined Weak Reference
    __rt_locale                               - Undefined Weak Reference
    __sigvec_lookup                           - Undefined Weak Reference
    _atexit_init                              - Undefined Weak Reference
    _call_atexit_fns                          - Undefined Weak Reference
    _clock_init                               - Undefined Weak Reference
    _fp_trap_init                             - Undefined Weak Reference
    _fp_trap_shutdown                         - Undefined Weak Reference
    _get_lc_collate                           - Undefined Weak Reference
    _get_lc_ctype                             - Undefined Weak Reference
    _get_lc_monetary                          - Undefined Weak Reference
    _get_lc_numeric                           - Undefined Weak Reference
    _get_lc_time                              - Undefined Weak Reference
    _getenv_init                              - Undefined Weak Reference
    _handle_redirection                       - Undefined Weak Reference
    _init_alloc                               - Undefined Weak Reference
    _init_user_alloc                          - Undefined Weak Reference
    _initio                                   - Undefined Weak Reference
    _rand_init                                - Undefined Weak Reference
    _signal_finish                            - Undefined Weak Reference
    _signal_init                              - Undefined Weak Reference
    _terminate_alloc                          - Undefined Weak Reference
    _terminate_user_alloc                     - Undefined Weak Reference
    _terminateio                              - Undefined Weak Reference
    __main                                   0x000000cd   Thumb Code     8  __main.o(!!!main)
    __scatterload                            0x000000d5   Thumb Code     0  __scatter.o(!!!scatter)
    __scatterload_rt2                        0x000000d5   Thumb Code    44  __scatter.o(!!!scatter)
    __scatterload_rt2_thumb_only             0x000000d5   Thumb Code     0  __scatter.o(!!!scatter)
    __scatterload_null                       0x000000e3   Thumb Code     0  __scatter.o(!!!scatter)
    __scatterload_copy                       0x00000109   Thumb Code    26  __scatter_copy.o(!!handler_copy)
    __scatterload_zeroinit                   0x00000125   Thumb Code    28  __scatter_zi.o(!!handler_zi)
    __rt_lib_init                            0x00000141   Thumb Code     0  libinit.o(.ARM.Collect$$libinit$$00000000)
    __rt_lib_init_alloca_1                   0x00000143   Thumb Code     0  libinit2.o(.ARM.Collect$$libinit$$0000002E)
    __rt_lib_init_argv_1                     0x00000143   Thumb Code     0  libinit2.o(.ARM.Collect$$libinit$$0000002C)
    __rt_lib_init_atexit_1                   0x00000143   Thumb Code     0  libinit2.o(.ARM.Collect$$libinit$$0000001B)
    __rt_lib_init_clock_1                    0x00000143   Thumb Code     0  libinit2.o(.ARM.Collect$$libinit$$00000021)
    __rt_lib_init_cpp_1                      0x00000143   Thumb Code     0  libinit2.o(.ARM.Collect$$libinit$$00000032)
    __rt_lib_init_exceptions_1               0x00000143   Thumb Code     0  libinit2.o(.ARM.Collect$$libinit$$00000030)
    __rt_lib_init_fp_1                       0x00000143   Thumb Code     0  libinit2.o(.ARM.Collect$$libinit$$00000002)
    __rt_lib_init_fp_trap_1                  0x00000143   Thumb Code     0  libinit2.o(.ARM.Collect$$libinit$$0000001F)
    __rt_lib_init_getenv_1                   0x00000143   Thumb Code     0  libinit2.o(.ARM.Collect$$libinit$$00000023)
    __rt_lib_init_heap_1                     0x00000143   Thumb Code     0  libinit2.o(.ARM.Collect$$libinit$$0000000A)
    __rt_lib_init_lc_collate_1               0x00000143   Thumb Code     0  libinit2.o(.ARM.Collect$$libinit$$00000011)
    __rt_lib_init_lc_ctype_1                 0x00000143   Thumb Code     0  libinit2.o(.ARM.Collect$$libinit$$00000013)
    __rt_lib_init_lc_monetary_1              0x00000143   Thumb Code     0  libinit2.o(.ARM.Collect$$libinit$$00000015)
    __rt_lib_init_lc_numeric_1               0x00000143   Thumb Code     0  libinit2.o(.ARM.Collect$$libinit$$00000017)
    __rt_lib_init_lc_time_1                  0x00000143   Thumb Code     0  libinit2.o(.ARM.Collect$$libinit$$00000019)
    __rt_lib_init_preinit_1                  0x00000143   Thumb Code     0  libinit2.o(.ARM.Collect$$libinit$$00000004)
    __rt_lib_init_rand_1                     0x00000143   Thumb Code     0  libinit2.o(.ARM.Collect$$libinit$$0000000E)
    __rt_lib_init_return                     0x00000143   Thumb Code     0  libinit2.o(.ARM.Collect$$libinit$$00000033)
    __rt_lib_init_signal_1                   0x00000143   Thumb Code     0  libinit2.o(.ARM.Collect$$libinit$$0000001D)
    __rt_lib_init_stdio_1                    0x00000143   Thumb Code     0  libinit2.o(.ARM.Collect$$libinit$$00000025)
    __rt_lib_init_user_alloc_1               0x00000143   Thumb Code     0  libinit2.o(.ARM.Collect$$libinit$$0000000C)
    __rt_lib_shutdown                        0x00000145   Thumb Code     0  libshutdown.o(.ARM.Collect$$libshutdown$$00000000)
    __rt_lib_shutdown_cpp_1                  0x00000147   Thumb Code     0  libshutdown2.o(.ARM.Collect$$libshutdown$$00000002)
    __rt_lib_shutdown_fp_trap_1              0x00000147   Thumb Code     0  libshutdown2.o(.ARM.Collect$$libshutdown$$00000007)
    __rt_lib_shutdown_heap_1                 0x00000147   Thumb Code     0  libshutdown2.o(.ARM.Collect$$libshutdown$$0000000F)
    __rt_lib_shutdown_return                 0x00000147   Thumb Code     0  libshutdown2.o(.ARM.Collect$$libshutdown$$00000010)
    __rt_lib_shutdown_signal_1               0x00000147   Thumb Code     0  libshutdown2.o(.ARM.Collect$$libshutdown$$0000000A)
    __rt_lib_shutdown_stdio_1                0x00000147   Thumb Code     0  libshutdown2.o(.ARM.Collect$$libshutdown$$00000004)
    __rt_lib_shutdown_user_alloc_1           0x00000147   Thumb Code     0  libshutdown2.o(.ARM.Collect$$libshutdown$$0000000C)
    __rt_entry                               0x00000149   Thumb Code     0  __rtentry.o(.ARM.Collect$$rtentry$$00000000)
    __rt_entry_presh_1                       0x00000149   Thumb Code     0  __rtentry2.o(.ARM.Collect$$rtentry$$00000002)
    __rt_entry_sh                            0x00000149   Thumb Code     0  __rtentry4.o(.ARM.Collect$$rtentry$$00000004)
    __rt_entry_li                            0x0000014f   Thumb Code     0  __rtentry2.o(.ARM.Collect$$rtentry$$0000000A)
    __rt_entry_postsh_1                      0x0000014f   Thumb Code     0  __rtentry2.o(.ARM.Collect$$rtentry$$00000009)
    __rt_entry_main                          0x00000153   Thumb Code     0  __rtentry2.o(.ARM.Collect$$rtentry$$0000000D)
    __rt_entry_postli_1                      0x00000153   Thumb Code     0  __rtentry2.o(.ARM.Collect$$rtentry$$0000000C)
    __rt_exit                                0x0000015b   Thumb Code     0  rtexit.o(.ARM.Collect$$rtexit$$00000000)
    __rt_exit_ls                             0x0000015d   Thumb Code     0  rtexit2.o(.ARM.Collect$$rtexit$$00000003)
    __rt_exit_prels_1                        0x0000015d   Thumb Code     0  rtexit2.o(.ARM.Collect$$rtexit$$00000002)
    __rt_exit_exit                           0x00000161   Thumb Code     0  rtexit2.o(.ARM.Collect$$rtexit$$00000004)
    Reset_Handler                            0x00000169   Thumb Code     8  startup_lpc17xx.o(.text)
    NMI_Handler                              0x00000171   Thumb Code     2  startup_lpc17xx.o(.text)
    HardFault_Handler                        0x00000173   Thumb Code     2  startup_lpc17xx.o(.text)
    MemManage_Handler                        0x00000175   Thumb Code     2  startup_lpc17xx.o(.text)
    BusFault_Handler                         0x00000177   Thumb Code     2  startup_lpc17xx.o(.text)
    UsageFault_Handler                       0x00000179   Thumb Code     2  startup_lpc17xx.o(.text)
    SVC_Handler                              0x0000017b   Thumb Code     2  startup_lpc17xx.o(.text)
    DebugMon_Handler                         0x0000017d   Thumb Code     2  startup_lpc17xx.o(.text)
    PendSV_Handler                           0x0000017f   Thumb Code     2  startup_lpc17xx.o(.text)
    SysTick_Handler                          0x00000181   Thumb Code     2  startup_lpc17xx.o(.text)
    ADC_IRQHandler                           0x00000183   Thumb Code     0  startup_lpc17xx.o(.text)
    BOD_IRQHandler                           0x00000183   Thumb Code     0  startup_lpc17xx.o(.text)
    CANActivity_IRQHandler                   0x00000183   Thumb Code     0  startup_lpc17xx.o(.text)
    CAN_IRQHandler                           0x00000183   Thumb Code     0  startup_lpc17xx.o(.text)
    DMA_IRQHandler                           0x00000183   Thumb Code     0  startup_lpc17xx.o(.text)
    EINT0_IRQHandler                         0x00000183   Thumb Code     0  startup_lpc17xx.o(.text)
    EINT1_IRQHandler                         0x00000183   Thumb Code     0  startup_lpc17xx.o(.text)
    EINT2_IRQHandler                         0x00000183   Thumb Code     0  startup_lpc17xx.o(.text)
    EINT3_IRQHandler                         0x00000183   Thumb Code     0  startup_lpc17xx.o(.text)
    ENET_IRQHandler                          0x00000183   Thumb Code     0  startup_lpc17xx.o(.text)
    I2C0_IRQHandler                          0x00000183   Thumb Code     0  startup_lpc17xx.o(.text)
    I2C1_IRQHandler                          0x00000183   Thumb Code     0  startup_lpc17xx.o(.text)
    I2C2_IRQHandler                          0x00000183   Thumb Code     0  startup_lpc17xx.o(.text)
    I2S_IRQHandler                           0x00000183   Thumb Code     0  startup_lpc17xx.o(.text)
    MCPWM_IRQHandler                         0x00000183   Thumb Code     0  startup_lpc17xx.o(.text)
    PLL0_IRQHandler                          0x00000183   Thumb Code     0  startup_lpc17xx.o(.text)
    PLL1_IRQHandler                          0x00000183   Thumb Code     0  startup_lpc17xx.o(.text)
    PWM1_IRQHandler                          0x00000183   Thumb Code     0  startup_lpc17xx.o(.text)
    QEI_IRQHandler                           0x00000183   Thumb Code     0  startup_lpc17xx.o(.text)
    RIT_IRQHandler                           0x00000183   Thumb Code     0  startup_lpc17xx.o(.text)
    RTC_IRQHandler                           0x00000183   Thumb Code     0  startup_lpc17xx.o(.text)
    SPI_IRQHandler                           0x00000183   Thumb Code     0  startup_lpc17xx.o(.text)
    SSP0_IRQHandler                          0x00000183   Thumb Code     0  startup_lpc17xx.o(.text)
    SSP1_IRQHandler                          0x00000183   Thumb Code     0  startup_lpc17xx.o(.text)
    TIMER3_IRQHandler                        0x00000183   Thumb Code     0  startup_lpc17xx.o(.text)
    UART0_IRQHandler                         0x00000183   Thumb Code     0  startup_lpc17xx.o(.text)
    UART1_IRQHandler                         0x00000183   Thumb Code     0  startup_lpc17xx.o(.text)
    UART2_IRQHandler                         0x00000183   Thumb Code     0  startup_lpc17xx.o(.text)
    UART3_IRQHandler                         0x00000183   Thumb Code     0  startup_lpc17xx.o(.text)
    USBActivity_IRQHandler                   0x00000183   Thumb Code     0  startup_lpc17xx.o(.text)
    USB_IRQHandler                           0x00000183   Thumb Code     0  startup_lpc17xx.o(.text)
    WDT_IRQHandler                           0x00000183   Thumb Code     0  startup_lpc17xx.o(.text)
    __user_initial_stackheap                 0x00000185   Thumb Code     0  startup_lpc17xx.o(.text)
    strcpy                                   0x000001a5   Thumb Code    72  strcpy.o(.text)
    __use_two_region_memory                  0x000001ed   Thumb Code     2  heapauxi.o(.text)
    __rt_heap_escrow$2region                 0x000001ef   Thumb Code     2  heapauxi.o(.text)
    __rt_heap_expand$2region                 0x000001f1   Thumb Code     2  heapauxi.o(.text)
    __read_errno                             0x000001f3   Thumb Code    10  _rserrno.o(.text)
    __set_errno                              0x000001fd   Thumb Code    12  _rserrno.o(.text)
    __aeabi_errno_addr                       0x00000209   Thumb Code     8  rt_errno_addr_intlibspace.o(.text)
    __errno$intlibspace                      0x00000209   Thumb Code     0  rt_errno_addr_intlibspace.o(.text)
    __rt_errno_addr$intlibspace              0x00000209   Thumb Code     0  rt_errno_addr_intlibspace.o(.text)
    __user_libspace                          0x00000211   Thumb Code     8  libspace.o(.text)
    __user_perproc_libspace                  0x00000211   Thumb Code     0  libspace.o(.text)
    __user_perthread_libspace                0x00000211   Thumb Code     0  libspace.o(.text)
    __user_setup_stackheap                   0x00000219   Thumb Code    74  sys_stackheap_outer.o(.text)
    exit                                     0x00000263   Thumb Code    18  exit.o(.text)
    _sys_exit                                0x00000275   Thumb Code     8  sys_exit.o(.text)
    __I$use$semihosting                      0x00000281   Thumb Code     0  use_no_semi.o(.text)
    __use_no_semihosting_swi                 0x00000281   Thumb Code     2  use_no_semi.o(.text)
    DELAY_ms                                 0x00000283   Thumb Code    24  timing_1.o(i.DELAY_ms)
    __semihosting_library_function           0x00000283   Thumb Code     0  indicate_semi.o(.text)
    DELAY_us                                 0x0000029b   Thumb Code    26  timing_1.o(i.DELAY_us)
    FILE_Close                               0x000002b5   Thumb Code    10  fat32_1.o(i.FILE_Close)
    GPIO_PinWrite                            0x000002c1   Thumb Code    46  gpio_1.o(i.GPIO_PinWrite)
    __mathlib_dbl_infnan2                    0x000002f5   Thumb Code     4  dunder.o(i.__mathlib_dbl_infnan2)
    __I$use$fp                               0x000002f8   Number         0  usenofp.o(x$fpl$usenofp)
    FILE_GetCh                               0x00000301   Thumb Code   126  fat32_1.o(i.FILE_GetCh)
    FILE_Open                                0x00000385   Thumb Code   430  fat32_1.o(i.FILE_Open)
    InitializeDAC                            0x00000549   Thumb Code    22  main.o(i.InitializeDAC)
    InitializeGPIO                           0x00000569   Thumb Code    50  main.o(i.InitializeGPIO)
    InitializeTimer                          0x000005a5   Thumb Code   110  main.o(i.InitializeTimer)
    SD_Init                                  0x0000061d   Thumb Code    42  sdcard_1.o(i.SD_Init)
    SD_readSingleBlock                       0x00000647   Thumb Code   124  sdcard_1.o(i.SD_readSingleBlock)
    SD_sendCommand                           0x000006c5   Thumb Code   196  sdcard_1.o(i.SD_sendCommand)
    SD_writeSingleBlock                      0x0000078d   Thumb Code   206  sdcard_1.o(i.SD_writeSingleBlock)
    SPI_Init                                 0x0000085d   Thumb Code   154  spi_1.o(i.SPI_Init)
    SPI_Read                                 0x0000090d   Thumb Code    36  spi_1.o(i.SPI_Read)
    SPI_Write                                0x00000939   Thumb Code    34  spi_1.o(i.SPI_Write)
    SystemInit                               0x00000965   Thumb Code   280  system_lpc17xx_1.o(i.SystemInit)
    TIMER0_IRQHandler                        0x00000a8d   Thumb Code    48  main.o(i.TIMER0_IRQHandler)
    TIMER1_IRQHandler                        0x00000ac5   Thumb Code    22  main.o(i.TIMER1_IRQHandler)
    TIMER2_IRQHandler                        0x00000ae1   Thumb Code    66  main.o(i.TIMER2_IRQHandler)
    Timing_InitializeTimer                   0x00000b2d   Thumb Code   174  timing_1.o(i.Timing_InitializeTimer)
    Timing_WaitUs                            0x00000bf5   Thumb Code    78  timing_1.o(i.Timing_WaitUs)
    __ARM_fpclassify                         0x00000c49   Thumb Code    40  fpclassify.o(i.__ARM_fpclassify)
    __kernel_poly                            0x00000c71   Thumb Code   170  poly.o(i.__kernel_poly)
    __mathlib_dbl_divzero                    0x00000d1d   Thumb Code    12  dunder.o(i.__mathlib_dbl_divzero)
    __mathlib_dbl_invalid                    0x00000d2d   Thumb Code    12  dunder.o(i.__mathlib_dbl_invalid)
    __mathlib_dbl_overflow                   0x00000d39   Thumb Code    14  dunder.o(i.__mathlib_dbl_overflow)
    __mathlib_dbl_underflow                  0x00000d49   Thumb Code    10  dunder.o(i.__mathlib_dbl_underflow)
    convertFileName                          0x00000d59   Thumb Code   170  fat32_1.o(i.convertFileName)
    delay                                    0x00000e03   Thumb Code    14  timing_1.o(i.delay)
    distance_value                           0x00000e11   Thumb Code    70  main.o(i.distance_value)
    error_no_objekt                          0x00000e75   Thumb Code    10  main.o(i.error_no_objekt)
    extract_DataBySize                       0x00000e7f   Thumb Code    30  fat32_1.o(i.extract_DataBySize)
    getBootSectorData                        0x00000e9d   Thumb Code   258  fat32_1.o(i.getBootSectorData)
    getFirstSector                           0x00000fc9   Thumb Code    18  fat32_1.o(i.getFirstSector)
    getPrescalarForUs                        0x00000fe5   Thumb Code    78  timing_1.o(i.getPrescalarForUs)
    getSetFreeCluster                        0x00001041   Thumb Code   112  fat32_1.o(i.getSetFreeCluster)
    getSetNextCluster                        0x000010c1   Thumb Code   120  fat32_1.o(i.getSetNextCluster)
    get_integer_val                          0x00001145   Thumb Code   176  timing_1.o(i.get_integer_val)
    init_SdCard                              0x000011f9   Thumb Code   238  sdcard_1.o(i.init_SdCard)
    main                                     0x000012ed   Thumb Code   234  main.o(i.main)
    openFile                                 0x000013f5   Thumb Code   252  fat32_1.o(i.openFile)
    pow                                      0x00001501   Thumb Code  2512  pow.o(i.pow)
    searchNextFreeCluster                    0x00001ed9   Thumb Code    96  fat32_1.o(i.searchNextFreeCluster)
    sqrt                                     0x00001f49   Thumb Code    76  sqrt.o(i.sqrt)
    __aeabi_dadd                             0x00001f95   Thumb Code     0  daddsub_clz.o(x$fpl$dadd)
    _dadd                                    0x00001f95   Thumb Code   332  daddsub_clz.o(x$fpl$dadd)
    __fpl_dcheck_NaN1                        0x000020e5   Thumb Code    10  dcheck1.o(x$fpl$dcheck1)
    __fpl_dcmp_Inf                           0x000020f5   Thumb Code    24  dcmpi.o(x$fpl$dcmpinf)
    __aeabi_ddiv                             0x0000210d   Thumb Code     0  ddiv.o(x$fpl$ddiv)
    _ddiv                                    0x0000210d   Thumb Code   552  ddiv.o(x$fpl$ddiv)
    __aeabi_d2iz                             0x000023bd   Thumb Code     0  dfix.o(x$fpl$dfix)
    _dfix                                    0x000023bd   Thumb Code    94  dfix.o(x$fpl$dfix)
    __aeabi_i2d                              0x0000241b   Thumb Code     0  dflt_clz.o(x$fpl$dflt)
    _dflt                                    0x0000241b   Thumb Code    46  dflt_clz.o(x$fpl$dflt)
    __aeabi_ui2d                             0x00002449   Thumb Code     0  dflt_clz.o(x$fpl$dfltu)
    _dfltu                                   0x00002449   Thumb Code    38  dflt_clz.o(x$fpl$dfltu)
    __aeabi_cdcmple                          0x00002471   Thumb Code     0  dleqf.o(x$fpl$dleqf)
    _dcmple                                  0x00002471   Thumb Code   120  dleqf.o(x$fpl$dleqf)
    __fpl_dcmple_InfNaN                      0x000024d3   Thumb Code     0  dleqf.o(x$fpl$dleqf)
    __aeabi_dmul                             0x000024e9   Thumb Code     0  dmul.o(x$fpl$dmul)
    _dmul                                    0x000024e9   Thumb Code   332  dmul.o(x$fpl$dmul)
    __fpl_dnaninf                            0x0000263d   Thumb Code   156  dnaninf.o(x$fpl$dnaninf)
    __fpl_dretinf                            0x000026d9   Thumb Code    12  dretinf.o(x$fpl$dretinf)
    __aeabi_cdrcmple                         0x000026e5   Thumb Code     0  drleqf.o(x$fpl$drleqf)
    _drcmple                                 0x000026e5   Thumb Code   108  drleqf.o(x$fpl$drleqf)
    __aeabi_drsub                            0x00002751   Thumb Code     0  daddsub_clz.o(x$fpl$drsb)
    _drsb                                    0x00002751   Thumb Code    22  daddsub_clz.o(x$fpl$drsb)
    _dsqrt                                   0x00002769   Thumb Code   456  dsqrt_noumaal.o(x$fpl$dsqrt)
    __aeabi_dsub                             0x00002935   Thumb Code     0  daddsub_clz.o(x$fpl$dsub)
    _dsub                                    0x00002935   Thumb Code   464  daddsub_clz.o(x$fpl$dsub)
    __fpl_fcmp_Inf                           0x00002b09   Thumb Code    24  fcmpi.o(x$fpl$fcmpinf)
    __aeabi_fdiv                             0x00002b21   Thumb Code     0  fdiv.o(x$fpl$fdiv)
    _fdiv                                    0x00002b21   Thumb Code   384  fdiv.o(x$fpl$fdiv)
    __aeabi_i2f                              0x00002ca5   Thumb Code     0  fflt_clz.o(x$fpl$fflt)
    _fflt                                    0x00002ca5   Thumb Code    48  fflt_clz.o(x$fpl$fflt)
    __aeabi_ui2f                             0x00002cd5   Thumb Code     0  fflt_clz.o(x$fpl$ffltu)
    _ffltu                                   0x00002cd5   Thumb Code    38  fflt_clz.o(x$fpl$ffltu)
    __aeabi_cfcmple                          0x00002cfd   Thumb Code     0  fleqf.o(x$fpl$fleqf)
    _fcmple                                  0x00002cfd   Thumb Code   104  fleqf.o(x$fpl$fleqf)
    __fpl_fcmple_InfNaN                      0x00002d4f   Thumb Code     0  fleqf.o(x$fpl$fleqf)
    __aeabi_fmul                             0x00002d65   Thumb Code     0  fmul.o(x$fpl$fmul)
    _fmul                                    0x00002d65   Thumb Code   258  fmul.o(x$fpl$fmul)
    __fpl_fnaninf                            0x00002e67   Thumb Code   140  fnaninf.o(x$fpl$fnaninf)
    __fpl_fretinf                            0x00002ef3   Thumb Code    10  fretinf.o(x$fpl$fretinf)
    __fpl_return_NaN                         0x00002efd   Thumb Code   100  retnan.o(x$fpl$retnan)
    __ARM_scalbn                             0x00002f61   Thumb Code    92  scalbn.o(x$fpl$scalbn)
    __fpl_cmpreturn                          0x00002fbd   Thumb Code    48  trapv.o(x$fpl$trapveneer)
    __mathlib_zero                           0x00003078   Data           8  qnan.o(.constdata)
    Region$$Table$$Base                      0x00003080   Number         0  anon$$obj.o(Region$$Table)
    Region$$Table$$Limit                     0x000030a0   Number         0  anon$$obj.o(Region$$Table)
    distance                                 0x10000000   Data           4  main.o(.data)
    dec                                      0x10000004   Data           4  main.o(.data)
    time_sek                                 0x10000008   Data           4  main.o(.data)
    strecke                                  0x1000000c   Data           4  main.o(.data)
    tim1                                     0x10000010   Data           4  main.o(.data)
    tim2                                     0x10000014   Data           4  main.o(.data)
    new_TimeIntervall                        0x10000018   Data           4  main.o(.data)
    TimeIntervall                            0x1000001c   Data           4  main.o(.data)
    new_TimeValue                            0x10000020   Data           4  main.o(.data)
    old_TimeValue                            0x10000024   Data           4  main.o(.data)
    time                                     0x10000028   Data           4  main.o(.data)
    ch                                       0x1000002c   Data           1  main.o(.data)
    srcFilePtr                               0x10000030   Data           4  main.o(.data)
    destFilePtr                              0x10000034   Data           4  main.o(.data)
    firstDataSector                          0x10000038   Data           4  fat32_1.o(.data)
    rootCluster                              0x1000003c   Data           4  fat32_1.o(.data)
    totalClusters                            0x10000040   Data           4  fat32_1.o(.data)
    bytesPerSector                           0x10000044   Data           2  fat32_1.o(.data)
    sectorPerCluster                         0x10000046   Data           2  fat32_1.o(.data)
    reservedSectorCount                      0x10000048   Data           2  fat32_1.o(.data)
    unusedSectors                            0x1000004c   Data           4  fat32_1.o(.data)
    freeClusterCountUpdated                  0x10000050   Data           1  fat32_1.o(.data)
    V_SdHighcapacityFlag_u8                  0x10000062   Data           1  sdcard_1.o(.data)
    dummy_u8                                 0x10000063   Data           1  spi_1.o(.data)
    SystemCoreClock                          0x10000064   Data           4  system_lpc17xx_1.o(.data)
    _timer                                   0x10000068   Data           4  timing_1.o(.data)
    buffer1                                  0x1000006c   Data          44  main.o(.bss)
    mychar                                   0x10000098   Data          21  main.o(.bss)
    sourceFileName                           0x100000ad   Data          12  main.o(.bss)
    destFileName                             0x100000b9   Data          12  main.o(.bss)
    fileList                                 0x100000c8   Data          16  main.o(.bss)
    fatMappingTable                          0x100000d8   Data        1152  fat32_1.o(.bss)
    GlobalBuffer                             0x10000558   Data         512  fat32_1.o(.bss)
    __libspace_start                         0x10000758   Data          96  libspace.o(.bss)
    __temporary_stack_top$libspace           0x100007b8   Data           0  libspace.o(.bss)



==============================================================================

Memory Map of the image

  Image Entry point : 0x000000cd

  Load Region LR_IROM1 (Base: 0x00000000, Size: 0x0000310c, Max: 0x00080000, ABSOLUTE)

    Execution Region ER_IROM1 (Base: 0x00000000, Size: 0x000030a0, Max: 0x00080000, ABSOLUTE)

    Base Addr    Size         Type   Attr      Idx    E Section Name        Object

    0x00000000   0x000000cc   Data   RO            3    RESET               startup_lpc17xx.o
    0x000000cc   0x00000008   Code   RO          614  * !!!main             c_w.l(__main.o)
    0x000000d4   0x00000034   Code   RO          880    !!!scatter          c_w.l(__scatter.o)
    0x00000108   0x0000001a   Code   RO          882    !!handler_copy      c_w.l(__scatter_copy.o)
    0x00000122   0x00000002   PAD
    0x00000124   0x0000001c   Code   RO          884    !!handler_zi        c_w.l(__scatter_zi.o)
    0x00000140   0x00000002   Code   RO          747    .ARM.Collect$$libinit$$00000000  c_w.l(libinit.o)
    0x00000142   0x00000000   Code   RO          755    .ARM.Collect$$libinit$$00000002  c_w.l(libinit2.o)
    0x00000142   0x00000000   Code   RO          757    .ARM.Collect$$libinit$$00000004  c_w.l(libinit2.o)
    0x00000142   0x00000000   Code   RO          760    .ARM.Collect$$libinit$$0000000A  c_w.l(libinit2.o)
    0x00000142   0x00000000   Code   RO          762    .ARM.Collect$$libinit$$0000000C  c_w.l(libinit2.o)
    0x00000142   0x00000000   Code   RO          764    .ARM.Collect$$libinit$$0000000E  c_w.l(libinit2.o)
    0x00000142   0x00000000   Code   RO          767    .ARM.Collect$$libinit$$00000011  c_w.l(libinit2.o)
    0x00000142   0x00000000   Code   RO          769    .ARM.Collect$$libinit$$00000013  c_w.l(libinit2.o)
    0x00000142   0x00000000   Code   RO          771    .ARM.Collect$$libinit$$00000015  c_w.l(libinit2.o)
    0x00000142   0x00000000   Code   RO          773    .ARM.Collect$$libinit$$00000017  c_w.l(libinit2.o)
    0x00000142   0x00000000   Code   RO          775    .ARM.Collect$$libinit$$00000019  c_w.l(libinit2.o)
    0x00000142   0x00000000   Code   RO          777    .ARM.Collect$$libinit$$0000001B  c_w.l(libinit2.o)
    0x00000142   0x00000000   Code   RO          779    .ARM.Collect$$libinit$$0000001D  c_w.l(libinit2.o)
    0x00000142   0x00000000   Code   RO          781    .ARM.Collect$$libinit$$0000001F  c_w.l(libinit2.o)
    0x00000142   0x00000000   Code   RO          783    .ARM.Collect$$libinit$$00000021  c_w.l(libinit2.o)
    0x00000142   0x00000000   Code   RO          785    .ARM.Collect$$libinit$$00000023  c_w.l(libinit2.o)
    0x00000142   0x00000000   Code   RO          787    .ARM.Collect$$libinit$$00000025  c_w.l(libinit2.o)
    0x00000142   0x00000000   Code   RO          791    .ARM.Collect$$libinit$$0000002C  c_w.l(libinit2.o)
    0x00000142   0x00000000   Code   RO          793    .ARM.Collect$$libinit$$0000002E  c_w.l(libinit2.o)
    0x00000142   0x00000000   Code   RO          795    .ARM.Collect$$libinit$$00000030  c_w.l(libinit2.o)
    0x00000142   0x00000000   Code   RO          797    .ARM.Collect$$libinit$$00000032  c_w.l(libinit2.o)
    0x00000142   0x00000002   Code   RO          798    .ARM.Collect$$libinit$$00000033  c_w.l(libinit2.o)
    0x00000144   0x00000002   Code   RO          820    .ARM.Collect$$libshutdown$$00000000  c_w.l(libshutdown.o)
    0x00000146   0x00000000   Code   RO          833    .ARM.Collect$$libshutdown$$00000002  c_w.l(libshutdown2.o)
    0x00000146   0x00000000   Code   RO          835    .ARM.Collect$$libshutdown$$00000004  c_w.l(libshutdown2.o)
    0x00000146   0x00000000   Code   RO          838    .ARM.Collect$$libshutdown$$00000007  c_w.l(libshutdown2.o)
    0x00000146   0x00000000   Code   RO          841    .ARM.Collect$$libshutdown$$0000000A  c_w.l(libshutdown2.o)
    0x00000146   0x00000000   Code   RO          843    .ARM.Collect$$libshutdown$$0000000C  c_w.l(libshutdown2.o)
    0x00000146   0x00000000   Code   RO          846    .ARM.Collect$$libshutdown$$0000000F  c_w.l(libshutdown2.o)
    0x00000146   0x00000002   Code   RO          847    .ARM.Collect$$libshutdown$$00000010  c_w.l(libshutdown2.o)
    0x00000148   0x00000000   Code   RO          658    .ARM.Collect$$rtentry$$00000000  c_w.l(__rtentry.o)
    0x00000148   0x00000000   Code   RO          710    .ARM.Collect$$rtentry$$00000002  c_w.l(__rtentry2.o)
    0x00000148   0x00000006   Code   RO          722    .ARM.Collect$$rtentry$$00000004  c_w.l(__rtentry4.o)
    0x0000014e   0x00000000   Code   RO          712    .ARM.Collect$$rtentry$$00000009  c_w.l(__rtentry2.o)
    0x0000014e   0x00000004   Code   RO          713    .ARM.Collect$$rtentry$$0000000A  c_w.l(__rtentry2.o)
    0x00000152   0x00000000   Code   RO          715    .ARM.Collect$$rtentry$$0000000C  c_w.l(__rtentry2.o)
    0x00000152   0x00000008   Code   RO          716    .ARM.Collect$$rtentry$$0000000D  c_w.l(__rtentry2.o)
    0x0000015a   0x00000002   Code   RO          752    .ARM.Collect$$rtexit$$00000000  c_w.l(rtexit.o)
    0x0000015c   0x00000000   Code   RO          802    .ARM.Collect$$rtexit$$00000002  c_w.l(rtexit2.o)
    0x0000015c   0x00000004   Code   RO          803    .ARM.Collect$$rtexit$$00000003  c_w.l(rtexit2.o)
    0x00000160   0x00000006   Code   RO          804    .ARM.Collect$$rtexit$$00000004  c_w.l(rtexit2.o)
    0x00000166   0x00000002   PAD
    0x00000168   0x0000003c   Code   RO            5    .text               startup_lpc17xx.o
    0x000001a4   0x00000048   Code   RO          606    .text               c_w.l(strcpy.o)
    0x000001ec   0x00000006   Code   RO          612    .text               c_w.l(heapauxi.o)
    0x000001f2   0x00000016   Code   RO          659    .text               c_w.l(_rserrno.o)
    0x00000208   0x00000008   Code   RO          727    .text               c_w.l(rt_errno_addr_intlibspace.o)
    0x00000210   0x00000008   Code   RO          735    .text               c_w.l(libspace.o)
    0x00000218   0x0000004a   Code   RO          738    .text               c_w.l(sys_stackheap_outer.o)
    0x00000262   0x00000012   Code   RO          740    .text               c_w.l(exit.o)
    0x00000274   0x0000000c   Code   RO          812    .text               c_w.l(sys_exit.o)
    0x00000280   0x00000002   Code   RO          823    .text               c_w.l(use_no_semi.o)
    0x00000282   0x00000000   Code   RO          825    .text               c_w.l(indicate_semi.o)
    0x00000282   0x00000018   Code   RO          513    i.DELAY_ms          timing_1.o
    0x0000029a   0x0000001a   Code   RO          515    i.DELAY_us          timing_1.o
    0x000002b4   0x0000000a   Code   RO          161    i.FILE_Close        fat32_1.o
    0x000002be   0x00000002   PAD
    0x000002c0   0x00000034   Code   RO          321    i.GPIO_PinWrite     gpio_1.o
    0x000002f4   0x00000004   Code   RO          684    i.__mathlib_dbl_infnan2  m_ws.l(dunder.o)
    0x000002f8   0x00000000   Code   RO          681    x$fpl$usenofp       fz_ws.l(usenofp.o)
    0x000002f8   0x00000004   PAD
    0x000002fc   0x00000004   Code   RO            4    .ARM.__at_0x02FC    startup_lpc17xx.o
    0x00000300   0x00000084   Code   RO          163    i.FILE_GetCh        fat32_1.o
    0x00000384   0x000001c4   Code   RO          166    i.FILE_Open         fat32_1.o
    0x00000548   0x00000020   Code   RO           15    i.InitializeDAC     main.o
    0x00000568   0x0000003c   Code   RO           16    i.InitializeGPIO    main.o
    0x000005a4   0x00000078   Code   RO           17    i.InitializeTimer   main.o
    0x0000061c   0x0000002a   Code   RO          378    i.SD_Init           sdcard_1.o
    0x00000646   0x0000007c   Code   RO          380    i.SD_readSingleBlock  sdcard_1.o
    0x000006c2   0x00000002   PAD
    0x000006c4   0x000000c8   Code   RO          381    i.SD_sendCommand    sdcard_1.o
    0x0000078c   0x000000ce   Code   RO          382    i.SD_writeSingleBlock  sdcard_1.o
    0x0000085a   0x00000002   PAD
    0x0000085c   0x000000b0   Code   RO          444    i.SPI_Init          spi_1.o
    0x0000090c   0x0000002c   Code   RO          445    i.SPI_Read          spi_1.o
    0x00000938   0x0000002c   Code   RO          446    i.SPI_Write         spi_1.o
    0x00000964   0x00000128   Code   RO          485    i.SystemInit        system_lpc17xx_1.o
    0x00000a8c   0x00000038   Code   RO           18    i.TIMER0_IRQHandler  main.o
    0x00000ac4   0x0000001c   Code   RO           19    i.TIMER1_IRQHandler  main.o
    0x00000ae0   0x0000004c   Code   RO           20    i.TIMER2_IRQHandler  main.o
    0x00000b2c   0x000000c8   Code   RO          516    i.Timing_InitializeTimer  timing_1.o
    0x00000bf4   0x00000054   Code   RO          520    i.Timing_WaitUs     timing_1.o
    0x00000c48   0x00000028   Code   RO          696    i.__ARM_fpclassify  m_ws.l(fpclassify.o)
    0x00000c70   0x000000aa   Code   RO          698    i.__kernel_poly     m_ws.l(poly.o)
    0x00000d1a   0x00000002   PAD
    0x00000d1c   0x00000010   Code   RO          682    i.__mathlib_dbl_divzero  m_ws.l(dunder.o)
    0x00000d2c   0x0000000c   Code   RO          685    i.__mathlib_dbl_invalid  m_ws.l(dunder.o)
    0x00000d38   0x0000000e   Code   RO          686    i.__mathlib_dbl_overflow  m_ws.l(dunder.o)
    0x00000d46   0x00000002   PAD
    0x00000d48   0x00000010   Code   RO          688    i.__mathlib_dbl_underflow  m_ws.l(dunder.o)
    0x00000d58   0x000000aa   Code   RO          168    i.convertFileName   fat32_1.o
    0x00000e02   0x0000000e   Code   RO          521    i.delay             timing_1.o
    0x00000e10   0x00000064   Code   RO           21    i.distance_value    main.o
    0x00000e74   0x0000000a   Code   RO           22    i.error_no_objekt   main.o
    0x00000e7e   0x0000001e   Code   RO          170    i.extract_DataBySize  fat32_1.o
    0x00000e9c   0x0000012c   Code   RO          174    i.getBootSectorData  fat32_1.o
    0x00000fc8   0x0000001c   Code   RO          175    i.getFirstSector    fat32_1.o
    0x00000fe4   0x0000005c   Code   RO          522    i.getPrescalarForUs  timing_1.o
    0x00001040   0x00000080   Code   RO          176    i.getSetFreeCluster  fat32_1.o
    0x000010c0   0x00000084   Code   RO          177    i.getSetNextCluster  fat32_1.o
    0x00001144   0x000000b4   Code   RO          523    i.get_integer_val   timing_1.o
    0x000011f8   0x000000f4   Code   RO          383    i.init_SdCard       sdcard_1.o
    0x000012ec   0x00000108   Code   RO           23    i.main              main.o
    0x000013f4   0x0000010c   Code   RO          178    i.openFile          fat32_1.o
    0x00001500   0x000009d8   Code   RO          649    i.pow               m_ws.l(pow.o)
    0x00001ed8   0x00000070   Code   RO          179    i.searchNextFreeCluster  fat32_1.o
    0x00001f48   0x0000004c   Code   RO          702    i.sqrt              m_ws.l(sqrt.o)
    0x00001f94   0x00000150   Code   RO          616    x$fpl$dadd          fz_ws.l(daddsub_clz.o)
    0x000020e4   0x00000010   Code   RO          729    x$fpl$dcheck1       fz_ws.l(dcheck1.o)
    0x000020f4   0x00000018   Code   RO          748    x$fpl$dcmpinf       fz_ws.l(dcmpi.o)
    0x0000210c   0x000002b0   Code   RO          664    x$fpl$ddiv          fz_ws.l(ddiv.o)
    0x000023bc   0x0000005e   Code   RO          622    x$fpl$dfix          fz_ws.l(dfix.o)
    0x0000241a   0x0000002e   Code   RO          627    x$fpl$dflt          fz_ws.l(dflt_clz.o)
    0x00002448   0x00000026   Code   RO          626    x$fpl$dfltu         fz_ws.l(dflt_clz.o)
    0x0000246e   0x00000002   PAD
    0x00002470   0x00000078   Code   RO          731    x$fpl$dleqf         fz_ws.l(dleqf.o)
    0x000024e8   0x00000154   Code   RO          632    x$fpl$dmul          fz_ws.l(dmul.o)
    0x0000263c   0x0000009c   Code   RO          667    x$fpl$dnaninf       fz_ws.l(dnaninf.o)
    0x000026d8   0x0000000c   Code   RO          669    x$fpl$dretinf       fz_ws.l(dretinf.o)
    0x000026e4   0x0000006c   Code   RO          671    x$fpl$drleqf        fz_ws.l(drleqf.o)
    0x00002750   0x00000016   Code   RO          617    x$fpl$drsb          fz_ws.l(daddsub_clz.o)
    0x00002766   0x00000002   PAD
    0x00002768   0x000001cc   Code   RO          733    x$fpl$dsqrt         fz_ws.l(dsqrt_noumaal.o)
    0x00002934   0x000001d4   Code   RO          618    x$fpl$dsub          fz_ws.l(daddsub_clz.o)
    0x00002b08   0x00000018   Code   RO          673    x$fpl$fcmpinf       fz_ws.l(fcmpi.o)
    0x00002b20   0x00000184   Code   RO          635    x$fpl$fdiv          fz_ws.l(fdiv.o)
    0x00002ca4   0x00000030   Code   RO          639    x$fpl$fflt          fz_ws.l(fflt_clz.o)
    0x00002cd4   0x00000026   Code   RO          638    x$fpl$ffltu         fz_ws.l(fflt_clz.o)
    0x00002cfa   0x00000002   PAD
    0x00002cfc   0x00000068   Code   RO          644    x$fpl$fleqf         fz_ws.l(fleqf.o)
    0x00002d64   0x00000102   Code   RO          646    x$fpl$fmul          fz_ws.l(fmul.o)
    0x00002e66   0x0000008c   Code   RO          675    x$fpl$fnaninf       fz_ws.l(fnaninf.o)
    0x00002ef2   0x0000000a   Code   RO          677    x$fpl$fretinf       fz_ws.l(fretinf.o)
    0x00002efc   0x00000064   Code   RO          750    x$fpl$retnan        fz_ws.l(retnan.o)
    0x00002f60   0x0000005c   Code   RO          679    x$fpl$scalbn        fz_ws.l(scalbn.o)
    0x00002fbc   0x00000030   Code   RO          799    x$fpl$trapveneer    fz_ws.l(trapv.o)
    0x00002fec   0x00000004   PAD
    0x00002ff0   0x00000088   Data   RO          650    .constdata          m_ws.l(pow.o)
    0x00003078   0x00000008   Data   RO          700    .constdata          m_ws.l(qnan.o)
    0x00003080   0x00000020   Data   RO          878    Region$$Table       anon$$obj.o


    Execution Region RW_IRAM1 (Base: 0x10000000, Size: 0x000009b8, Max: 0x00008000, ABSOLUTE)

    Base Addr    Size         Type   Attr      Idx    E Section Name        Object

    0x10000000   0x00000038   Data   RW           25    .data               main.o
    0x10000038   0x0000002a   Data   RW          181    .data               fat32_1.o
    0x10000062   0x00000001   Data   RW          384    .data               sdcard_1.o
    0x10000063   0x00000001   Data   RW          448    .data               spi_1.o
    0x10000064   0x00000004   Data   RW          486    .data               system_lpc17xx_1.o
    0x10000068   0x00000004   Data   RW          524    .data               timing_1.o
    0x1000006c   0x0000006c   Zero   RW           24    .bss                main.o
    0x100000d8   0x00000680   Zero   RW          180    .bss                fat32_1.o
    0x10000758   0x00000060   Zero   RW          736    .bss                c_w.l(libspace.o)
    0x100007b8   0x00000000   Zero   RW            2    HEAP                startup_lpc17xx.o
    0x100007b8   0x00000200   Zero   RW            1    STACK               startup_lpc17xx.o


==============================================================================

Image component sizes


      Code (inc. data)   RO Data    RW Data    ZI Data      Debug   Object Name

      1762        140          0         42       1664      13299   fat32_1.o
        52          6          0          0          0      17572   gpio_1.o
       746        114          0         56        108      54141   main.o
       816         10          0          1          0       4306   sdcard_1.o
       264         40          0          1          0       1489   spi_1.o
        64         26        204          0        512        952   startup_lpc17xx.o
       296         16          0          4          0        739   system_lpc17xx_1.o
       620         50          0          4          0       4142   timing_1.o

    ----------------------------------------------------------------------
      4626        402        236        108       2284      96640   Object Totals
         0          0         32          0          0          0   (incl. Generated)
         6          0          0          0          0          0   (incl. Padding)

    ----------------------------------------------------------------------

      Code (inc. data)   RO Data    RW Data    ZI Data      Debug   Library Member Name

         8          0          0          0          0         68   __main.o
         0          0          0          0          0          0   __rtentry.o
        12          0          0          0          0          0   __rtentry2.o
         6          0          0          0          0          0   __rtentry4.o
        52          8          0          0          0          0   __scatter.o
        26          0          0          0          0          0   __scatter_copy.o
        28          0          0          0          0          0   __scatter_zi.o
        22          0          0          0          0        100   _rserrno.o
        18          0          0          0          0         80   exit.o
         6          0          0          0          0        152   heapauxi.o
         0          0          0          0          0          0   indicate_semi.o
         2          0          0          0          0          0   libinit.o
         2          0          0          0          0          0   libinit2.o
         2          0          0          0          0          0   libshutdown.o
         2          0          0          0          0          0   libshutdown2.o
         8          4          0          0         96         68   libspace.o
         8          4          0          0          0         68   rt_errno_addr_intlibspace.o
         2          0          0          0          0          0   rtexit.o
        10          0          0          0          0          0   rtexit2.o
        72          0          0          0          0         80   strcpy.o
        12          4          0          0          0         68   sys_exit.o
        74          0          0          0          0         80   sys_stackheap_outer.o
         2          0          0          0          0         68   use_no_semi.o
       826         16          0          0          0        348   daddsub_clz.o
        16          4          0          0          0         68   dcheck1.o
        24          0          0          0          0         68   dcmpi.o
       688        140          0          0          0        208   ddiv.o
        94          4          0          0          0         92   dfix.o
        84          0          0          0          0        136   dflt_clz.o
       120          4          0          0          0         92   dleqf.o
       340         12          0          0          0        104   dmul.o
       156          4          0          0          0         92   dnaninf.o
        12          0          0          0          0         68   dretinf.o
       108          0          0          0          0         80   drleqf.o
       460         56          0          0          0        120   dsqrt_noumaal.o
        24          0          0          0          0         68   fcmpi.o
       388         76          0          0          0         96   fdiv.o
        86          0          0          0          0        136   fflt_clz.o
       104          4          0          0          0         84   fleqf.o
       258          4          0          0          0         84   fmul.o
       140          4          0          0          0         84   fnaninf.o
        10          0          0          0          0         68   fretinf.o
       100          0          0          0          0         68   retnan.o
        92          0          0          0          0         68   scalbn.o
        48          0          0          0          0         68   trapv.o
         0          0          0          0          0          0   usenofp.o
        62         10          0          0          0        340   dunder.o
        40          0          0          0          0         68   fpclassify.o
       170          0          0          0          0         96   poly.o
      2520        190        136          0          0        324   pow.o
         0          0          8          0          0          0   qnan.o
        76          0          0          0          0         84   sqrt.o

    ----------------------------------------------------------------------
      7442        548        144          0         96       4044   Library Totals
        22          0          0          0          0          0   (incl. Padding)

    ----------------------------------------------------------------------

      Code (inc. data)   RO Data    RW Data    ZI Data      Debug   Library Name

       374         20          0          0         96        832   c_w.l
      4178        328          0          0          0       2300   fz_ws.l
      2868        200        144          0          0        912   m_ws.l

    ----------------------------------------------------------------------
      7442        548        144          0         96       4044   Library Totals

    ----------------------------------------------------------------------

==============================================================================


      Code (inc. data)   RO Data    RW Data    ZI Data      Debug   

     12068        950        380        108       2380      96780   Grand Totals
     12068        950        380        108       2380      96780   ELF Image Totals
     12068        950        380        108          0          0   ROM Totals

==============================================================================

    Total RO  Size (Code + RO Data)                12448 (  12.16kB)
    Total RW  Size (RW Data + ZI Data)              2488 (   2.43kB)
    Total ROM Size (Code + RO Data + RW Data)      12556 (  12.26kB)

==============================================================================

